MINIMAL_MODEL|[0, 1, 0, -18695839029852808401634406365961087458901358, 26793089802024021523710454162529948176452145863246419332365890913]
TRANSFORM|[12, 48, 0, 0]
DISCRIMINANT|108109991013263394349178596102468609338244258196549146914798306315798718307560933902461968459434859201451145214075428534848192250000
C4|897400273432934803278451505566132198027265200
FACTOR|[2, 4]
FACTOR|[3, 8]
FACTOR|[5, 6]
FACTOR|[13, 5]
FACTOR|[19, 3]
FACTOR|[37, 3]
FACTOR|[53, 2]
FACTOR|[89, 3]
FACTOR|[2192077, 1]
FACTOR|[13173689, 1]
FACTOR|[19684843, 1]
FACTOR|[812351977, 1]
FACTOR|[7619527829, 1]
FACTOR|[73330360585689293778144950540632425087124680339351066365137, 1]
CUBIC|[1714757747329537377517469066401916683292937335247770837271417018432, -299133424477644934426150501855377399342421728, 4, 1]
FIELD_DISC|209864979420519718145130801844810884872090968192647522234958569224293864005483802625022492843548461285289
FIELD_INDEX|363147377112000
SIGNATURE|[3, 0]
LOCAL|[2, 4, 2, 4, 1, 0]
SPLIT|2|[[1, 3]]
LOCAL|[3, 8, 1, 12, 2, 1]
SPLIT|3|[[1, 1], [1, 2]]
LOCAL|[5, 6, 2, -1, 3, 2]
SPLIT|5|[[1, 1], [1, 1], [1, 1]]
LOCAL|[13, 5, 1, 9, 2, 0]
SPLIT|13|[[1, 1], [2, 1]]
LOCAL|[19, 3, 1, 7, 2, 0]
SPLIT|19|[[2, 1], [1, 1]]
LOCAL|[37, 3, 1, 7, 2, 0]
SPLIT|37|[[2, 1], [1, 1]]
LOCAL|[53, 2, 1, 6, 3, 1]
SPLIT|53|[[1, 1], [1, 1], [1, 1]]
LOCAL|[89, 3, 1, 7, 2, 0]
SPLIT|89|[[2, 1], [1, 1]]
LOCAL|[2192077, 1, 1, 5, 2, 0]
SPLIT|2192077|[[2, 1], [1, 1]]
LOCAL|[13173689, 1, 1, 5, 2, 0]
SPLIT|13173689|[[2, 1], [1, 1]]
LOCAL|[19684843, 1, 1, 5, 2, 0]
SPLIT|19684843|[[2, 1], [1, 1]]
LOCAL|[812351977, 1, 1, 5, 2, 0]
SPLIT|812351977|[[2, 1], [1, 1]]
LOCAL|[7619527829, 1, 1, 5, 2, 0]
SPLIT|7619527829|[[2, 1], [1, 1]]
LOCAL|[73330360585689293778144950540632425087124680339351066365137, 1, 1, 5, 2, 0]
SPLIT|73330360585689293778144950540632425087124680339351066365137|[[2, 1], [1, 1]]
LOCAL2_DIM|1
REAL_LOCAL_DIM|1
BK_OFFSET|6
ROOT_NUMBER|-1
CONDUCTOR|3336853172786263518507579749332493069466246394263095603535841250666272437687192461737857636212420534436095100
DONE_FIELD|1
