minimal +/- pairs: 1311

PAIRING DISTRIBUTION
-2 30707
-1 181447
0 336508
1 248629
2 61414

pairing matrix: 0.02s

NUMBER OF DISTINCT ABS-PAIRING PROFILES: 213
count 35 profile ((0, 507), (1, 665), (2, 138))
count 33 profile ((0, 508), (1, 664), (2, 138))
count 29 profile ((0, 505), (1, 671), (2, 134))
count 27 profile ((0, 507), (1, 667), (2, 136))
count 27 profile ((0, 510), (1, 660), (2, 140))
count 27 profile ((0, 505), (1, 669), (2, 136))
count 26 profile ((0, 504), (1, 672), (2, 134))
count 25 profile ((0, 508), (1, 662), (2, 140))
count 24 profile ((0, 505), (1, 667), (2, 138))
count 24 profile ((0, 513), (1, 657), (2, 140))
count 23 profile ((0, 509), (1, 661), (2, 140))
count 23 profile ((0, 506), (1, 666), (2, 138))
count 23 profile ((0, 506), (1, 668), (2, 136))
count 22 profile ((0, 504), (1, 670), (2, 136))
count 22 profile ((0, 514), (1, 656), (2, 140))
count 21 profile ((0, 508), (1, 666), (2, 136))
count 20 profile ((0, 511), (1, 659), (2, 140))
count 19 profile ((0, 512), (1, 658), (2, 140))
count 19 profile ((0, 515), (1, 653), (2, 142))
count 19 profile ((0, 513), (1, 653), (2, 144))

RARE PROFILE VECTORS
i 983 multiplicity 1 v (0, 0, 0, 0, 0, 0, 0, 0, 1, 1, 0, 0, -1, 1, -1, 0, -1) profile ((0, 499), (1, 673), (2, 138))
i 1117 multiplicity 1 v (0, 0, 0, 0, 0, 0, 0, 0, 0, -1, 0, 0, 1, 0, 1, -1, 0) profile ((0, 502), (1, 668), (2, 140))
i 361 multiplicity 1 v (-1, 0, -1, -2, -2, 2, 4, -1, 2, -1, 0, 3, 1, -1, 2, 0, 2) profile ((0, 504), (1, 676), (2, 130))
i 230 multiplicity 1 v (1, 0, 0, 0, 2, -2, -3, 1, -1, 0, 0, -2, 0, 1, -1, -1, -2) profile ((0, 505), (1, 675), (2, 130))
i 1198 multiplicity 1 v (0, 0, 0, 0, 1, 0, -1, 0, -1, 0, 1, -1, -1, 0, -1, 1, 0) profile ((0, 506), (1, 660), (2, 144))
i 1236 multiplicity 1 v (1, -1, 0, -1, 1, 0, 0, 0, -1, -1, 0, 0, 1, -1, 0, 0, 0) profile ((0, 506), (1, 662), (2, 142))
i 1147 multiplicity 1 v (0, 0, 0, 0, 1, 0, -1, 0, -1, -1, 0, -1, 1, 0, 0, 0, 0) profile ((0, 508), (1, 658), (2, 144))
i 429 multiplicity 1 v (0, 1, 1, 1, 2, -2, -4, 1, -1, 1, 0, -3, -1, 2, -1, 0, -1) profile ((0, 509), (1, 657), (2, 144))
i 176 multiplicity 1 v (0, 0, 1, 1, 1, -2, -3, 1, -1, 1, -1, -2, 0, 2, -1, -1, -1) profile ((0, 509), (1, 669), (2, 132))
i 1186 multiplicity 1 v (-1, 1, 0, 0, 1, 0, -1, 0, 0, 0, 0, -1, 0, 1, 0, 0, 0) profile ((0, 511), (1, 653), (2, 146))
i 300 multiplicity 1 v (0, 1, 1, 2, 2, -2, -5, 1, -1, 1, -1, -3, -1, 2, -2, 0, -2) profile ((0, 511), (1, 665), (2, 134))
i 257 multiplicity 1 v (0, -1, -1, -2, -2, 2, 5, -1, 2, -1, 0, 3, 1, -1, 2, 0, 1) profile ((0, 513), (1, 661), (2, 136))
i 96 multiplicity 1 v (0, 0, 0, 0, 0, 2, 1, -1, 0, -1, 1, 1, 0, -2, 0, 1, 1) profile ((0, 514), (1, 660), (2, 136))
i 189 multiplicity 1 v (0, 0, 1, 1, 1, -2, -3, 1, -1, 1, -1, -2, 0, 2, -1, 0, -2) profile ((0, 514), (1, 662), (2, 134))
i 1231 multiplicity 1 v (-1, 1, 0, 1, 0, 0, -1, 0, 0, 1, 0, 0, 0, 0, 0, 1, 0) profile ((0, 516), (1, 656), (2, 138))
i 250 multiplicity 1 v (1, 0, 1, 1, 2, -1, -3, 0, -2, 0, 0, -2, 0, 0, -1, 0, -1) profile ((0, 517), (1, 655), (2, 138))
i 338 multiplicity 1 v (1, 0, 1, 1, 2, -3, -5, 2, -2, 1, -1, -3, 0, 3, -1, -1, -2) profile ((0, 519), (1, 653), (2, 138))
i 40 multiplicity 1 v (0, 0, 0, 0, 1, -1, -2, 0, -1, 0, 0, -1, 0, 1, 0, 0, 0) profile ((0, 519), (1, 655), (2, 136))
i 662 multiplicity 1 v (-1, 0, 0, 1, 0, 0, 0, 0, 0, 1, 0, 0, 0, 0, 0, 1, 0) profile ((0, 520), (1, 648), (2, 142))
i 11 multiplicity 1 v (-1, 1, 0, 0, 0, 0, 0, 0, 1, 0, 0, 0, 0, 0, 0, 0, 0) profile ((0, 520), (1, 652), (2, 138))
i 951 multiplicity 1 v (0, 0, 0, 0, 0, -1, -1, 1, 0, 1, 0, -1, 0, 1, -1, 0, -1) profile ((0, 523), (1, 639), (2, 148))
i 1074 multiplicity 1 v (0, 0, 0, 1, 1, 1, 0, -1, -1, 0, 1, 0, 0, -1, 0, 1, 0) profile ((0, 523), (1, 645), (2, 142))
i 989 multiplicity 1 v (-1, 1, 0, 1, 1, -1, -2, 0, 0, 0, 0, -2, 0, 1, 0, 0, 0) profile ((0, 526), (1, 634), (2, 150))
i 1287 multiplicity 1 v (1, -1, 0, 0, 1, 1, 0, -1, -1, 0, 2, 0, 0, -2, -1, 1, 0) profile ((0, 527), (1, 639), (2, 144))
i 1032 multiplicity 1 v (0, 0, 0, -1, 0, 1, 1, 0, 1, 0, 0, 0, 0, 0, 0, 0, 0) profile ((0, 528), (1, 630), (2, 152))
i 1155 multiplicity 1 v (0, 0, 0, 0, 1, 0, -1, 0, 0, 0, 0, -1, 0, 1, 0, 0, 0) profile ((0, 528), (1, 636), (2, 146))
i 303 multiplicity 1 v (-1, 0, -1, -1, -2, 2, 4, -1, 1, -1, 0, 3, 1, -1, 2, 0, 2) profile ((0, 528), (1, 640), (2, 142))
i 846 multiplicity 1 v (0, 0, 0, 0, 0, 2, 1, -1, 0, 0, 1, 1, -1, -1, 0, 1, 1) profile ((0, 529), (1, 629), (2, 152))
i 1057 multiplicity 1 v (-1, 1, 0, 0, 0, 0, -1, 0, 0, 0, 0, 0, 0, 1, 0, 0, 0) profile ((0, 529), (1, 633), (2, 148))
i 296 multiplicity 1 v (0, 1, 1, 1, 1, -3, -4, 2, 0, 2, -1, -3, -1, 3, -1, -1, -2) profile ((0, 529), (1, 635), (2, 146))

signed vectors = 2622
additive equations = 184242
relation extraction: 0.09s

TOP RELATION-RICH VECTORS
i 2312 degree 264 v (1, -1, 0, -1, 0, 0, 1, 0, -1, 0, 1, 1, 0, -1, 0, 0, 0)
i 2313 degree 264 v (-1, 1, 0, 1, 0, 0, -1, 0, 1, 0, -1, -1, 0, 1, 0, 0, 0)
i 1786 degree 258 v (1, -1, 0, 0, 1, 0, 0, 1, -1, 0, 0, 0, 0, 0, 0, 0, -1)
i 1787 degree 258 v (-1, 1, 0, 0, -1, 0, 0, -1, 1, 0, 0, 0, 0, 0, 0, 0, 1)
i 2524 degree 252 v (1, -1, 0, -1, 1, 0, 0, 0, -2, -1, 1, 0, 1, -1, 0, 0, 0)
i 2525 degree 252 v (-1, 1, 0, 1, -1, 0, 0, 0, 2, 1, -1, 0, -1, 1, 0, 0, 0)
i 1330 degree 246 v (0, 0, 1, 1, 1, -2, -3, 2, -1, 1, -1, -2, 0, 2, -1, 0, -2)
i 1331 degree 246 v (0, 0, -1, -1, -1, 2, 3, -2, 1, -1, 1, 2, 0, -2, 1, 0, 2)
i 1736 degree 246 v (0, 0, 0, 0, 0, 2, 1, -1, 0, 0, 1, 1, 0, -2, 0, 1, 1)
i 1737 degree 246 v (0, 0, 0, 0, 0, -2, -1, 1, 0, 0, -1, -1, 0, 2, 0, -1, -1)
i 802 degree 243 v (1, 0, 1, 1, 1, -2, -3, 1, -1, 0, -1, -2, 0, 2, -1, -1, -2)
i 803 degree 243 v (-1, 0, -1, -1, -1, 2, 3, -1, 1, 0, 1, 2, 0, -2, 1, 1, 2)
i 2166 degree 243 v (0, 0, 0, 0, 0, 1, 0, 0, 1, 0, 0, 0, 0, 0, 0, 0, 0)
i 2167 degree 243 v (0, 0, 0, 0, 0, -1, 0, 0, -1, 0, 0, 0, 0, 0, 0, 0, 0)
i 872 degree 240 v (-1, 0, -1, -1, -1, 2, 3, -1, 2, 0, 0, 2, 0, 0, 1, 0, 1)
i 873 degree 240 v (1, 0, 1, 1, 1, -2, -3, 1, -2, 0, 0, -2, 0, 0, -1, 0, -1)
i 880 degree 240 v (0, 1, 1, 1, 1, -2, -3, 1, -1, 0, -1, -2, 0, 2, 0, -1, -1)
i 881 degree 240 v (0, -1, -1, -1, -1, 2, 3, -1, 1, 0, 1, 2, 0, -2, 0, 1, 1)
i 1026 degree 240 v (-1, 0, -1, 0, 0, 1, 1, -1, 0, 0, 1, 1, 0, -1, 0, 1, 1)
i 1027 degree 240 v (1, 0, 1, 0, 0, -1, -1, 1, 0, 0, -1, -1, 0, 1, 0, -1, -1)
i 2032 degree 240 v (-1, 1, 0, 1, 1, -1, -2, 0, -1, 0, 0, -1, 0, 1, 0, 0, 0)
i 2033 degree 240 v (1, -1, 0, -1, -1, 1, 2, 0, 1, 0, 0, 1, 0, -1, 0, 0, 0)
i 2330 degree 240 v (0, 0, 0, 0, 0, 0, 0, 0, 0, 0, 1, -1, 0, 0, 0, 0, 0)
i 2331 degree 240 v (0, 0, 0, 0, 0, 0, 0, 0, 0, 0, -1, 1, 0, 0, 0, 0, 0)
i 764 degree 237 v (-1, -1, -1, -1, -2, 4, 6, -2, 2, -1, 1, 4, 1, -3, 2, 1, 2)
i 765 degree 237 v (1, 1, 1, 1, 2, -4, -6, 2, -2, 1, -1, -4, -1, 3, -2, -1, -2)
i 1212 degree 237 v (1, 0, 0, 0, 1, 0, -1, 0, -1, 0, 1, -1, 0, 0, -1, 0, -1)
i 1213 degree 237 v (-1, 0, 0, 0, -1, 0, 1, 0, 1, 0, -1, 1, 0, 0, 1, 0, 1)
i 2126 degree 237 v (-1, 1, 0, 0, 0, 0, -1, 0, 1, 1, 0, 0, 0, 1, 0, 0, 0)
i 2127 degree 237 v (1, -1, 0, 0, 0, 0, 1, 0, -1, -1, 0, 0, 0, -1, 0, 0, 0)

GREEDY RELATION SEED
choose 1 index 2312 degree 264 internal 0 two-known 0
choose 2 index 2524 degree 252 internal 0 two-known 2
choose 3 index 2063 degree 228 internal 0 two-known 6
choose 4 index 1268 degree 222 internal 0 two-known 12
choose 5 index 2504 degree 219 internal 0 two-known 20
choose 6 index 987 degree 213 internal 0 two-known 30
choose 7 index 1362 degree 222 internal 0 two-known 40
choose 8 index 2028 degree 216 internal 0 two-known 52
choose 9 index 2519 degree 213 internal 0 two-known 66
choose 10 index 2440 degree 204 internal 0 two-known 82
greedy seed: 0.29s

closure size = 112 of 2622
closure: 0.29s

CHOSEN INDICES
[2312, 2524, 2063, 1268, 2504, 987, 1362, 2028, 2519, 2440]

CHOSEN GRAM
[4 2 2 2 2 2 1 2 2 2]
[2 4 2 2 2 2 2 2 2 2]
[2 2 4 2 2 2 2 2 2 1]
[2 2 2 4 2 2 2 1 1 2]
[2 2 2 2 4 2 2 2 2 2]
[2 2 2 2 2 4 2 2 2 2]
[1 2 2 2 2 2 4 2 2 2]
[2 2 2 1 2 2 2 4 2 2]
[2 2 2 1 2 2 2 2 4 2]
[2 2 1 2 2 2 2 2 2 4]

saved:
/Users/royvanrijn/elkies-k3/checkpoints/24A1-JACKPOT-948-r0-n1311/minimal_additive_triples.npy
/Users/royvanrijn/elkies-k3/checkpoints/24A1-JACKPOT-948-r0-n1311/minimal_relation_degrees.npy
/Users/royvanrijn/elkies-k3/checkpoints/24A1-JACKPOT-948-r0-n1311/relation_seed_vectors.txt
/Users/royvanrijn/elkies-k3/checkpoints/24A1-JACKPOT-948-r0-n1311/relation_seed_gram.txt
/Users/royvanrijn/elkies-k3/checkpoints/24A1-JACKPOT-948-r0-n1311/relation_closure_indices.txt

TOTAL TIME: 0.30s
