raw rank = 9

RAW CLIQUE
Gram:
[4 2 2 2 2 2 2 2 2]
[2 4 2 2 2 2 2 2 2]
[2 2 4 2 2 2 2 2 2]
[2 2 2 4 2 2 2 2 2]
[2 2 2 2 4 2 2 2 2]
[2 2 2 2 2 4 2 2 2]
[2 2 2 2 2 2 4 2 2]
[2 2 2 2 2 2 2 4 2]
[2 2 2 2 2 2 2 2 4]
det = 5120

raw module index data:
Free module of degree 17 and rank 9 over Integer Ring
Echelon basis matrix:
[ 1 -1  0  0  0  0  0  1  0  0  0 -1  0  0 -1  0 -1]
[ 0  0  1  0  0  0  0  0  0  1  0  1  0  0  1  0  0]
[ 0  0  0  1  0  0  0  0  0  1  0  0  0  0  0  0  0]
[ 0  0  0  0  1  0  0 -1  0  0  0  1  0 -1  1  0  1]
[ 0  0  0  0  0  1  0  0  0  1  0  2  0  0  0  0  0]
[ 0  0  0  0  0  0  1 -1  0  0  0  1  0 -1  1  0  1]
[ 0  0  0  0  0  0  0  0  1  1  0  0  0  0  0  0  0]
[ 0  0  0  0  0  0  0  0  0  2  0  2  0  0  0  0  0]
[ 0  0  0  0  0  0  0  0  0  0  1 -1  0  0  0  0  0]

SATURATION
basis shape = 9 17
rank = 9
Gram:
[ 8 -5  3 -8 -1 -6  3 -3  2]
[-5  8 -2  7  0  5  0  2  0]
[ 3 -2  4 -3 -2 -1  2 -2  2]
[-8  7 -3 16  1 10 -1  5 -4]
[-1  0 -2  1  4 -1 -2  2 -2]
[-6  5 -1 10 -1  8 -1  3 -2]
[ 3  0  2 -1 -2 -1  4 -2  2]
[-3  2 -2  5  2  3 -2  4 -2]
[ 2  0  2 -4 -2 -2  2 -2  4]
det = 1280
det ratio = 4
index = 2

Gram Smith invariants:
[1, 1, 2, 2, 2, 2, 2, 2, 20]

norm-2 +/- pairs = 0
norm-4 +/- pairs = 80
norm-4 signed = 160

computing orthogonal group ...
automorphism group order = 161280
automorphism generators = 4

GLUE
saturated basis vector outside raw lattice:
(0, 0, 1, 0, 0, 0, 0, 0, 0, 0, 0, 0, 0, 0, 1, 0, 0)
coordinates in 2A9 clique basis:
(-1/2, 1/2, -1/2, 1/2, 1/2, 1/2, 1/2, -1, -1)
2*v clique coordinates:
(-1, 1, -1, 1, 1, 1, 1, -2, -2)
saturated basis vector outside raw lattice:
(0, 0, 0, 1, 0, 0, 0, 0, 0, 0, 0, -1, 0, 0, 0, 0, 0)
coordinates in 2A9 clique basis:
(1/2, -1/2, 1/2, -1/2, -1/2, 1/2, 1/2, 0, 0)
2*v clique coordinates:
(1, -1, 1, -1, -1, 1, 1, 0, 0)
saturated basis vector outside raw lattice:
(0, 0, 0, 0, 0, 1, 0, 0, 0, 0, 0, 1, 0, 0, 0, 0, 0)
coordinates in 2A9 clique basis:
(-1/2, -1/2, 1/2, 1/2, 1/2, -1/2, -1/2, 0, 0)
2*v clique coordinates:
(-1, -1, 1, 1, 1, -1, -1, 0, 0)
saturated basis vector outside raw lattice:
(0, 0, 0, 0, 0, 0, 0, 0, 1, 0, 0, -1, 0, 0, 0, 0, 0)
coordinates in 2A9 clique basis:
(-1/2, 1/2, 1/2, -1/2, -1/2, 1/2, 1/2, 0, 0)
2*v clique coordinates:
(-1, 1, 1, -1, -1, 1, 1, 0, 0)
saturated basis vector outside raw lattice:
(0, 0, 0, 0, 0, 0, 0, 0, 0, 1, 0, 1, 0, 0, 0, 0, 0)
coordinates in 2A9 clique basis:
(-1/2, -1/2, -1/2, 1/2, 1/2, -1/2, 1/2, 0, 0)
2*v clique coordinates:
(-1, -1, -1, 1, 1, -1, 1, 0, 0)
