========== K9 ==========
rank = 9
det = 1280
Gram:
[ 8 -5  3 -8 -1 -6  3 -3  2]
[-5  8 -2  7  0  5  0  2  0]
[ 3 -2  4 -3 -2 -1  2 -2  2]
[-8  7 -3 16  1 10 -1  5 -4]
[-1  0 -2  1  4 -1 -2  2 -2]
[-6  5 -1 10 -1  8 -1  3 -2]
[ 3  0  2 -1 -2 -1  4 -2  2]
[-3  2 -2  5  2  3 -2  4 -2]
[ 2  0  2 -4 -2 -2  2 -2  4]

========== COMPLEMENT ==========
shape = 8 17
rank = 8
Gram:
[ 162  336  228  384  574 -190  804  231]
[ 336  726  484  820 1238 -414 1724  483]
[ 228  484  332  552  832 -276 1162  332]
[ 384  820  552  940 1412 -470 1968  558]
[ 574 1238  832 1412 2132 -710 2966  838]
[-190 -414 -276 -470 -710  240 -988 -274]
[ 804 1724 1162 1968 2966 -988 4132 1170]
[ 231  483  332  558  838 -274 1170  342]
det = 303360
positive definite = True
even = True
Smith = [1, 1, 2, 2, 2, 2, 4, 4740]

shell pairs:
norm 2 pairs 0 signed 0
norm 4 pairs 2 signed 4
norm 6 pairs 5 signed 10
norm 8 pairs 15 signed 30

Aut(C8) order = 8
Aut(C8) generators = 3

========== GLUING ==========
combined rank = 17
det coordinate matrix = 640
[MW : K+C] = 640
det(K)*det(C) = 388300800
det(MW) = 948
check index^2 = 409600
coordinate Smith = [1, 1, 1, 1, 1, 1, 1, 1, 1, 1, 1, 2, 2, 2, 2, 2, 20]

minimal signed vectors:
 in K9 = 160
 in C8 = 4
 mixed = 2458
