order | K norm | C norm | cosets | signed | pairs-ish | occupancy distribution
--------------------------------------------------------------------------------------------------------------
    1 |      0 |      4 |      1 |      4 |       2.0 | 4x1
    1 |      4 |      0 |      1 |    160 |      80.0 | 160x1
    2 |      1 |      3 |     10 |     56 |      28.0 | 4x6, 8x4
    2 |      2 |      2 |     14 |    288 |     144.0 | 12x6, 24x7, 48x1
    2 |      3 |      1 |      2 |    160 |      80.0 | 80x2
    4 |    5/4 |   11/4 |     26 |    100 |      50.0 | 2x14, 6x12
    4 |    9/4 |    7/4 |     18 |    252 |     126.0 | 14x18
   10 |    4/5 |   16/5 |     16 |     36 |      18.0 | 1x4, 2x4, 3x8
   10 |    6/5 |   14/5 |     62 |    162 |      81.0 | 1x14, 2x24, 4x22, 6x2
   10 |    9/5 |   11/5 |      4 |     64 |      32.0 | 16x4
   10 |   11/5 |    9/5 |     40 |    504 |     252.0 | 8x2, 12x22, 14x16
   10 |   14/5 |    6/5 |      2 |     60 |      30.0 | 30x2
   20 |  21/20 |  59/20 |     44 |     66 |      33.0 | 1x22, 2x22
   20 |  29/20 |  51/20 |     42 |    210 |     105.0 | 3x18, 6x20, 9x4
   20 |  41/20 |  39/20 |     18 |    180 |      90.0 | 10x18
   20 |  49/20 |  31/20 |     16 |    320 |     160.0 | 20x16
--------------------------------------------------------------------------------------------------------------
TOTAL SIGNED = 2622
TOTAL PAIRS  = 1311

========== PROJECTION TYPE BY ORDERS ==========
K=     0 C=     4 total=   4 orders={1: 4}
K=   4/5 C=  16/5 total=  36 orders={10: 36}
K=     1 C=     3 total=  56 orders={2: 56}
K= 21/20 C= 59/20 total=  66 orders={20: 66}
K=   6/5 C=  14/5 total= 162 orders={10: 162}
K=   5/4 C=  11/4 total= 100 orders={4: 100}
K= 29/20 C= 51/20 total= 210 orders={20: 210}
K=   9/5 C=  11/5 total=  64 orders={10: 64}
K=     2 C=     2 total= 288 orders={2: 288}
K= 41/20 C= 39/20 total= 180 orders={20: 180}
K=  11/5 C=   9/5 total= 504 orders={10: 504}
K=   9/4 C=   7/4 total= 252 orders={4: 252}
K= 49/20 C= 31/20 total= 320 orders={20: 320}
K=  14/5 C=   6/5 total=  60 orders={10: 60}
K=     3 C=     1 total= 160 orders={2: 160}
K=     4 C=     0 total= 160 orders={1: 160}
