rank = 17
det = 948
positive definite = True
AUT|start
AUT|constructed|seconds=0.303
AUT|generators = 1
AUT|order = 2

generator 0
[-1  0  0  0  0  0  0  0  0  0  0  0  0  0  0  0  0]
[ 0 -1  0  0  0  0  0  0  0  0  0  0  0  0  0  0  0]
[ 0  0 -1  0  0  0  0  0  0  0  0  0  0  0  0  0  0]
[ 0  0  0 -1  0  0  0  0  0  0  0  0  0  0  0  0  0]
[ 0  0  0  0 -1  0  0  0  0  0  0  0  0  0  0  0  0]
[ 0  0  0  0  0 -1  0  0  0  0  0  0  0  0  0  0  0]
[ 0  0  0  0  0  0 -1  0  0  0  0  0  0  0  0  0  0]
[ 0  0  0  0  0  0  0 -1  0  0  0  0  0  0  0  0  0]
[ 0  0  0  0  0  0  0  0 -1  0  0  0  0  0  0  0  0]
[ 0  0  0  0  0  0  0  0  0 -1  0  0  0  0  0  0  0]
[ 0  0  0  0  0  0  0  0  0  0 -1  0  0  0  0  0  0]
[ 0  0  0  0  0  0  0  0  0  0  0 -1  0  0  0  0  0]
[ 0  0  0  0  0  0  0  0  0  0  0  0 -1  0  0  0  0]
[ 0  0  0  0  0  0  0  0  0  0  0  0  0 -1  0  0  0]
[ 0  0  0  0  0  0  0  0  0  0  0  0  0  0 -1  0  0]
[ 0  0  0  0  0  0  0  0  0  0  0  0  0  0  0 -1  0]
[ 0  0  0  0  0  0  0  0  0  0  0  0  0  0  0  0 -1]

AUT|done
