target offdiag values = [-2, -1, 0, 1, 2]
anchor target = 14 profile = {-2: 6, -1: 7, 0: 1, 1: 1, 2: 1}

ambient_rank=29
LLL start
LLL done

unoriented candidate lines = 15000
norm range = 46.3601302162979 261.8199916947532

shells total = 133
shells skipped_large = 0
shells searched = 100

SHELL|i=0|norm=60.8541338101|h=15.2135334525|lines=18|oriented=36
BEST|shell=0|depth=1|h=15.2135334525|nodes=2|assignment={14: 9}
BEST|shell=0|depth=2|h=15.2135334525|nodes=16|assignment={14: 4, 0: 23}
SHELL_DONE|i=0|nodes=21|seconds=0.001|aborted=False|global_best_depth=2

SHELL|i=1|norm=68.437446985|h=17.1093617463|lines=18|oriented=36
SHELL_DONE|i=1|nodes=19|seconds=0.000|aborted=False|global_best_depth=2

SHELL|i=2|norm=71.8475229208|h=17.9618807302|lines=19|oriented=38
SHELL_DONE|i=2|nodes=23|seconds=0.000|aborted=False|global_best_depth=2

SHELL|i=3|norm=74.3454708461|h=18.5863677115|lines=24|oriented=48
SHELL_DONE|i=3|nodes=27|seconds=0.000|aborted=False|global_best_depth=2

SHELL|i=4|norm=76.4936542437|h=19.1234135609|lines=25|oriented=50
SHELL_DONE|i=4|nodes=27|seconds=0.000|aborted=False|global_best_depth=2

SHELL|i=5|norm=70.7761727392|h=17.6940431848|lines=27|oriented=54
SHELL_DONE|i=5|nodes=32|seconds=0.000|aborted=False|global_best_depth=2

SHELL|i=6|norm=71.298525897|h=17.8246314742|lines=28|oriented=56
SHELL_DONE|i=6|nodes=34|seconds=0.000|aborted=False|global_best_depth=2

SHELL|i=7|norm=77.2382164643|h=19.3095541161|lines=28|oriented=56
SHELL_DONE|i=7|nodes=40|seconds=0.000|aborted=False|global_best_depth=2

SHELL|i=8|norm=75.4561336873|h=18.8640334218|lines=32|oriented=64
SHELL_DONE|i=8|nodes=34|seconds=0.000|aborted=False|global_best_depth=2

SHELL|i=9|norm=78.1224112654|h=19.5306028164|lines=33|oriented=66
SHELL_DONE|i=9|nodes=41|seconds=0.000|aborted=False|global_best_depth=2

SHELL|i=10|norm=75.0413302614|h=18.7603325654|lines=34|oriented=68
SHELL_DONE|i=10|nodes=40|seconds=0.000|aborted=False|global_best_depth=2

SHELL|i=11|norm=78.7482229993|h=19.6870557498|lines=35|oriented=70
SHELL_DONE|i=11|nodes=48|seconds=0.000|aborted=False|global_best_depth=2

SHELL|i=12|norm=79.6628413977|h=19.9157103494|lines=38|oriented=76
SHELL_DONE|i=12|nodes=51|seconds=0.000|aborted=False|global_best_depth=2

SHELL|i=13|norm=80.2950134434|h=20.0737533608|lines=38|oriented=76
SHELL_DONE|i=13|nodes=54|seconds=0.000|aborted=False|global_best_depth=2

SHELL|i=14|norm=81.3163255531|h=20.3290813883|lines=44|oriented=88
SHELL_DONE|i=14|nodes=60|seconds=0.000|aborted=False|global_best_depth=2

SHELL|i=15|norm=83.4977105543|h=20.8744276386|lines=47|oriented=94
SHELL_DONE|i=15|nodes=78|seconds=0.001|aborted=False|global_best_depth=2

SHELL|i=16|norm=84.439317156|h=21.109829289|lines=47|oriented=94
SHELL_DONE|i=16|nodes=73|seconds=0.001|aborted=False|global_best_depth=2

SHELL|i=17|norm=82.7267869407|h=20.6816967352|lines=54|oriented=108
SHELL_DONE|i=17|nodes=88|seconds=0.001|aborted=False|global_best_depth=2

SHELL|i=18|norm=82.0017302095|h=20.5004325524|lines=55|oriented=110
SHELL_DONE|i=18|nodes=91|seconds=0.001|aborted=False|global_best_depth=2

SHELL|i=19|norm=85.3920988635|h=21.3480247159|lines=59|oriented=118
SHELL_DONE|i=19|nodes=94|seconds=0.001|aborted=False|global_best_depth=2

SHELL|i=20|norm=86.097148829|h=21.5242872072|lines=65|oriented=130
SHELL_DONE|i=20|nodes=120|seconds=0.001|aborted=False|global_best_depth=2

SHELL|i=21|norm=87.0511906285|h=21.7627976571|lines=68|oriented=136
SHELL_DONE|i=21|nodes=110|seconds=0.001|aborted=False|global_best_depth=2

SHELL|i=22|norm=259.795724536|h=64.9489311339|lines=70|oriented=140
SHELL_DONE|i=22|nodes=160|seconds=0.001|aborted=False|global_best_depth=2

SHELL|i=23|norm=88.6984890958|h=22.1746222739|lines=71|oriented=142
SHELL_DONE|i=23|nodes=125|seconds=0.001|aborted=False|global_best_depth=2

SHELL|i=24|norm=87.823712983|h=21.9559282458|lines=72|oriented=144
SHELL_DONE|i=24|nodes=155|seconds=0.001|aborted=False|global_best_depth=2

SHELL|i=25|norm=89.6175154772|h=22.4043788693|lines=74|oriented=148
SHELL_DONE|i=25|nodes=118|seconds=0.001|aborted=False|global_best_depth=2

SHELL|i=26|norm=92.2890820178|h=23.0722705045|lines=78|oriented=156
SHELL_DONE|i=26|nodes=154|seconds=0.001|aborted=False|global_best_depth=2

SHELL|i=27|norm=90.6350479696|h=22.6587619924|lines=85|oriented=170
SHELL_DONE|i=27|nodes=165|seconds=0.001|aborted=False|global_best_depth=2

SHELL|i=28|norm=91.2991839683|h=22.8247959921|lines=85|oriented=170
BEST|shell=28|depth=3|h=22.8247959921|nodes=164|assignment={14: 0, 3: 92, 0: 152}
SHELL_DONE|i=28|nodes=164|seconds=0.002|aborted=False|global_best_depth=3

SHELL|i=29|norm=93.2922006375|h=23.3230501594|lines=88|oriented=176
SHELL_DONE|i=29|nodes=205|seconds=0.001|aborted=False|global_best_depth=3

SHELL|i=30|norm=94.0666166355|h=23.5166541589|lines=91|oriented=182
SHELL_DONE|i=30|nodes=224|seconds=0.002|aborted=False|global_best_depth=3

SHELL|i=31|norm=96.9673241317|h=24.2418310329|lines=97|oriented=194
SHELL_DONE|i=31|nodes=200|seconds=0.002|aborted=False|global_best_depth=3

SHELL|i=32|norm=95.1688142076|h=23.7922035519|lines=100|oriented=200
SHELL_DONE|i=32|nodes=239|seconds=0.002|aborted=False|global_best_depth=3

SHELL|i=33|norm=95.9040188382|h=23.9760047095|lines=107|oriented=214
SHELL_DONE|i=33|nodes=249|seconds=0.002|aborted=False|global_best_depth=3

SHELL|i=34|norm=98.1586962195|h=24.5396740549|lines=108|oriented=216
SHELL_DONE|i=34|nodes=245|seconds=0.002|aborted=False|global_best_depth=3

SHELL|i=35|norm=258.265614622|h=64.5664036554|lines=121|oriented=242
SHELL_DONE|i=35|nodes=492|seconds=0.004|aborted=False|global_best_depth=3

SHELL|i=36|norm=255.939421416|h=63.984855354|lines=124|oriented=248
SHELL_DONE|i=36|nodes=523|seconds=0.004|aborted=False|global_best_depth=3

SHELL|i=37|norm=98.9623238047|h=24.7405809512|lines=125|oriented=250
SHELL_DONE|i=37|nodes=338|seconds=0.002|aborted=False|global_best_depth=3

SHELL|i=38|norm=107.00075883|h=26.7501897074|lines=126|oriented=252
SHELL_DONE|i=38|nodes=344|seconds=0.002|aborted=False|global_best_depth=3

SHELL|i=39|norm=253.224399995|h=63.3060999988|lines=126|oriented=252
SHELL_DONE|i=39|nodes=537|seconds=0.004|aborted=False|global_best_depth=3

SHELL|i=40|norm=99.8826344044|h=24.9706586011|lines=128|oriented=256
SHELL_DONE|i=40|nodes=354|seconds=0.003|aborted=False|global_best_depth=3

SHELL|i=41|norm=100.952965907|h=25.2382414767|lines=132|oriented=264
SHELL_DONE|i=41|nodes=377|seconds=0.003|aborted=False|global_best_depth=3

SHELL|i=42|norm=101.879396982|h=25.4698492454|lines=136|oriented=272
SHELL_DONE|i=42|nodes=398|seconds=0.003|aborted=False|global_best_depth=3

SHELL|i=43|norm=103.83923442|h=25.9598086049|lines=141|oriented=282
SHELL_DONE|i=43|nodes=358|seconds=0.003|aborted=False|global_best_depth=3

SHELL|i=44|norm=105.044663474|h=26.2611658685|lines=141|oriented=282
SHELL_DONE|i=44|nodes=418|seconds=0.003|aborted=False|global_best_depth=3

SHELL|i=45|norm=102.974623026|h=25.7436557565|lines=144|oriented=288
SHELL_DONE|i=45|nodes=395|seconds=0.003|aborted=False|global_best_depth=3

SHELL|i=46|norm=105.938883471|h=26.4847208678|lines=144|oriented=288
SHELL_DONE|i=46|nodes=432|seconds=0.003|aborted=False|global_best_depth=3

SHELL|i=47|norm=250.641741288|h=62.660435322|lines=147|oriented=294
SHELL_DONE|i=47|nodes=707|seconds=0.005|aborted=False|global_best_depth=3

SHELL|i=48|norm=108.449320721|h=27.1123301803|lines=149|oriented=298
SHELL_DONE|i=48|nodes=461|seconds=0.003|aborted=False|global_best_depth=3

SHELL|i=49|norm=248.299553121|h=62.0748882803|lines=165|oriented=330
SHELL_DONE|i=49|nodes=919|seconds=0.006|aborted=False|global_best_depth=3

SHELL|i=50|norm=245.923625701|h=61.4809064253|lines=173|oriented=346
SHELL_DONE|i=50|nodes=1003|seconds=0.007|aborted=False|global_best_depth=3

SHELL|i=51|norm=243.40787666|h=60.8519691649|lines=187|oriented=374
SHELL_DONE|i=51|nodes=1143|seconds=0.008|aborted=False|global_best_depth=3

SHELL|i=52|norm=109.273733465|h=27.3184333663|lines=191|oriented=382
SHELL_DONE|i=52|nodes=679|seconds=0.005|aborted=False|global_best_depth=3

SHELL|i=53|norm=113.670858249|h=28.4177145622|lines=193|oriented=386
SHELL_DONE|i=53|nodes=777|seconds=0.006|aborted=False|global_best_depth=3

SHELL|i=54|norm=112.440366673|h=28.1100916683|lines=194|oriented=388
SHELL_DONE|i=54|nodes=782|seconds=0.006|aborted=False|global_best_depth=3

SHELL|i=55|norm=241.211852894|h=60.3029632235|lines=195|oriented=390
SHELL_DONE|i=55|nodes=1241|seconds=0.008|aborted=False|global_best_depth=3

SHELL|i=56|norm=236.494843435|h=59.1237108588|lines=204|oriented=408
SHELL_DONE|i=56|nodes=1410|seconds=0.009|aborted=False|global_best_depth=3

SHELL|i=57|norm=238.577323697|h=59.6443309242|lines=204|oriented=408
SHELL_DONE|i=57|nodes=1330|seconds=0.009|aborted=False|global_best_depth=3

SHELL|i=58|norm=233.961773931|h=58.4904434827|lines=206|oriented=412
SHELL_DONE|i=58|nodes=1394|seconds=0.009|aborted=False|global_best_depth=3

SHELL|i=59|norm=110.311959426|h=27.5779898565|lines=208|oriented=416
SHELL_DONE|i=59|nodes=781|seconds=0.005|aborted=False|global_best_depth=3

SHELL|i=60|norm=114.767918013|h=28.6919795033|lines=208|oriented=416
SHELL_DONE|i=60|nodes=857|seconds=0.006|aborted=False|global_best_depth=3

SHELL|i=61|norm=111.367168752|h=27.8417921879|lines=210|oriented=420
SHELL_DONE|i=61|nodes=837|seconds=0.006|aborted=False|global_best_depth=3

SHELL|i=62|norm=121.869589283|h=30.4673973208|lines=213|oriented=426
SHELL_DONE|i=62|nodes=972|seconds=0.007|aborted=False|global_best_depth=3

SHELL|i=63|norm=120.482269068|h=30.120567267|lines=217|oriented=434
SHELL_DONE|i=63|nodes=1029|seconds=0.007|aborted=False|global_best_depth=3

SHELL|i=64|norm=231.76329076|h=57.9408226901|lines=221|oriented=442
SHELL_DONE|i=64|nodes=1628|seconds=0.011|aborted=False|global_best_depth=3

SHELL|i=65|norm=115.948320407|h=28.9870801018|lines=222|oriented=444
SHELL_DONE|i=65|nodes=948|seconds=0.007|aborted=False|global_best_depth=3

SHELL|i=66|norm=224.948631586|h=56.2371578964|lines=230|oriented=460
SHELL_DONE|i=66|nodes=1538|seconds=0.011|aborted=False|global_best_depth=3

SHELL|i=67|norm=123.048871449|h=30.7622178623|lines=234|oriented=468
SHELL_DONE|i=67|nodes=1097|seconds=0.008|aborted=False|global_best_depth=3

SHELL|i=68|norm=117.073988739|h=29.2684971847|lines=240|oriented=480
SHELL_DONE|i=68|nodes=1125|seconds=0.008|aborted=False|global_best_depth=3

SHELL|i=69|norm=124.182000972|h=31.0455002429|lines=241|oriented=482
SHELL_DONE|i=69|nodes=1193|seconds=0.009|aborted=False|global_best_depth=3

SHELL|i=70|norm=125.468498626|h=31.3671246566|lines=241|oriented=482
SHELL_DONE|i=70|nodes=1199|seconds=0.009|aborted=False|global_best_depth=3

SHELL|i=71|norm=119.293183926|h=29.8232959816|lines=245|oriented=490
SHELL_DONE|i=71|nodes=1284|seconds=0.009|aborted=False|global_best_depth=3

SHELL|i=72|norm=229.347460419|h=57.3368651046|lines=245|oriented=490
SHELL_DONE|i=72|nodes=1922|seconds=0.013|aborted=False|global_best_depth=3

SHELL|i=73|norm=222.667041847|h=55.6667604616|lines=247|oriented=494
SHELL_DONE|i=73|nodes=1919|seconds=0.013|aborted=False|global_best_depth=3

SHELL|i=74|norm=227.389427582|h=56.8473568955|lines=248|oriented=496
SHELL_DONE|i=74|nodes=1749|seconds=0.012|aborted=False|global_best_depth=3

SHELL|i=75|norm=118.23660783|h=29.5591519576|lines=253|oriented=506
SHELL_DONE|i=75|nodes=1230|seconds=0.009|aborted=False|global_best_depth=3

SHELL|i=76|norm=126.713819668|h=31.678454917|lines=255|oriented=510
SHELL_DONE|i=76|nodes=1307|seconds=0.009|aborted=False|global_best_depth=3

SHELL|i=77|norm=127.989654664|h=31.9974136661|lines=279|oriented=558
SHELL_DONE|i=77|nodes=1605|seconds=0.012|aborted=False|global_best_depth=3

SHELL|i=78|norm=220.448529799|h=55.1121324497|lines=279|oriented=558
SHELL_DONE|i=78|nodes=2447|seconds=0.016|aborted=False|global_best_depth=3

SHELL|i=79|norm=130.447532951|h=32.6118832377|lines=285|oriented=570
SHELL_DONE|i=79|nodes=1593|seconds=0.011|aborted=False|global_best_depth=3

SHELL|i=80|norm=211.989728357|h=52.9974320894|lines=285|oriented=570
SHELL_DONE|i=80|nodes=2497|seconds=0.017|aborted=False|global_best_depth=3

SHELL|i=81|norm=214.146466756|h=53.5366166891|lines=285|oriented=570
SHELL_DONE|i=81|nodes=2553|seconds=0.017|aborted=False|global_best_depth=3

SHELL|i=82|norm=216.247135252|h=54.0617838129|lines=290|oriented=580
SHELL_DONE|i=82|nodes=2710|seconds=0.018|aborted=False|global_best_depth=3

SHELL|i=83|norm=218.4138524|h=54.6034630999|lines=295|oriented=590
SHELL_DONE|i=83|nodes=2701|seconds=0.018|aborted=False|global_best_depth=3

SHELL|i=84|norm=129.23772141|h=32.3094303525|lines=298|oriented=596
SHELL_DONE|i=84|nodes=1868|seconds=0.012|aborted=False|global_best_depth=3

SHELL|i=85|norm=131.963592994|h=32.9908982484|lines=318|oriented=636
SHELL_DONE|i=85|nodes=2043|seconds=0.015|aborted=False|global_best_depth=3

SHELL|i=86|norm=205.680235412|h=51.4200588531|lines=320|oriented=640
SHELL_DONE|i=86|nodes=3063|seconds=0.020|aborted=False|global_best_depth=3

SHELL|i=87|norm=209.75536388|h=52.43884097|lines=322|oriented=644
SHELL_DONE|i=87|nodes=3121|seconds=0.021|aborted=False|global_best_depth=3

SHELL|i=88|norm=192.150330733|h=48.0375826832|lines=326|oriented=652
SHELL_DONE|i=88|nodes=3035|seconds=0.021|aborted=False|global_best_depth=3

SHELL|i=89|norm=208.074482084|h=52.018620521|lines=327|oriented=654
SHELL_DONE|i=89|nodes=3154|seconds=0.021|aborted=False|global_best_depth=3

SHELL|i=90|norm=199.791226394|h=49.9478065986|lines=330|oriented=660
SHELL_DONE|i=90|nodes=3331|seconds=0.023|aborted=False|global_best_depth=3

SHELL|i=91|norm=141.122844259|h=35.2807110648|lines=332|oriented=664
SHELL_DONE|i=91|nodes=2340|seconds=0.016|aborted=False|global_best_depth=3

SHELL|i=92|norm=201.748926812|h=50.437231703|lines=332|oriented=664
SHELL_DONE|i=92|nodes=3282|seconds=0.023|aborted=False|global_best_depth=3

SHELL|i=93|norm=135.745234491|h=33.9363086228|lines=334|oriented=668
SHELL_DONE|i=93|nodes=2380|seconds=0.017|aborted=False|global_best_depth=3

SHELL|i=94|norm=193.863751661|h=48.4659379152|lines=336|oriented=672
SHELL_DONE|i=94|nodes=3274|seconds=0.023|aborted=False|global_best_depth=3

SHELL|i=95|norm=203.816565509|h=50.9541413773|lines=338|oriented=676
SHELL_DONE|i=95|nodes=3360|seconds=0.023|aborted=False|global_best_depth=3

SHELL|i=96|norm=195.906493325|h=48.9766233312|lines=339|oriented=678
SHELL_DONE|i=96|nodes=3227|seconds=0.022|aborted=False|global_best_depth=3

SHELL|i=97|norm=134.511404217|h=33.6278510541|lines=340|oriented=680
SHELL_DONE|i=97|nodes=2491|seconds=0.017|aborted=False|global_best_depth=3

SHELL|i=98|norm=197.733422992|h=49.4333557481|lines=341|oriented=682
SHELL_DONE|i=98|nodes=3339|seconds=0.023|aborted=False|global_best_depth=3

SHELL|i=99|norm=137.255274711|h=34.3138186777|lines=342|oriented=684
SHELL_DONE|i=99|nodes=2484|seconds=0.017|aborted=False|global_best_depth=3

NO FULL EMBEDDING
best_depth = 3
total_nodes = 104933
best partial saved to /Users/royvanrijn/Documents/jacobian-research/elkies-k3/results/rank17-E29-best-partial.txt
