INITIAL|score=2.36723496869|h=3.34707351892|det_h=17.8096820947|max_rel=2.72549380205
BEST|step=6|score=2.3131379249|h=3.41314416741|det_h=17.8096820947|h_ratio=5.21796947951|max_rel=2.65337678051|maxU=1
BEST|step=8|score=2.28708780006|h=3.59415626418|det_h=17.8096820947|h_ratio=4.95517745631|max_rel=4.33267273326|maxU=1
BEST|step=11|score=1.84784917142|h=4.26996962347|det_h=17.8096820947|h_ratio=4.17091540811|max_rel=3.48866404193|maxU=1
BEST|step=18|score=1.76406490282|h=5.6744925692|det_h=17.8096820947|h_ratio=3.13855060651|max_rel=5.3169557652|maxU=1
BEST|step=19|score=1.64899188342|h=6.06282426399|det_h=17.8096820947|h_ratio=2.93752240197|max_rel=4.91234662078|maxU=1
BEST|step=21|score=1.62152429403|h=7.0393869055|det_h=17.8096820947|h_ratio=2.5300047197|max_rel=4.9808982136|maxU=1
BEST|step=24|score=1.5423045577|h=8.09944891569|det_h=17.8096820947|h_ratio=2.19887578527|max_rel=4.1981137243|maxU=1
BEST|step=30|score=1.50903605719|h=8.68897857668|det_h=17.8096820947|h_ratio=2.04968650084|max_rel=3.84543219855|maxU=1
BEST|step=38|score=1.44398360091|h=10.0132663828|det_h=17.8096820947|h_ratio=1.77860863916|max_rel=3.2046076633|maxU=1
BEST|step=40|score=1.39653125602|h=10.239447808|det_h=17.8096820947|h_ratio=1.73932055992|max_rel=3.11173115555|maxU=1
BEST|step=51|score=1.34991648808|h=10.9331396169|det_h=17.8096820947|h_ratio=1.62896319985|max_rel=2.85084779334|maxU=1
BEST|step=54|score=1.33968448572|h=12.0459257645|det_h=17.8096820947|h_ratio=1.47848180729|max_rel=2.49511174077|maxU=1
BEST|step=56|score=1.33790009986|h=12.4365892882|det_h=17.8096820947|h_ratio=1.43203909705|max_rel=2.38532177852|maxU=1
BEST|step=57|score=1.25935452462|h=14.9884933668|det_h=17.8096820947|h_ratio=1.18822363655|max_rel=2.1272957345|maxU=1
BEST|step=60|score=1.24511834754|h=15.9516745657|det_h=17.8096820947|h_ratio=1.11647727148|max_rel=1.93846587576|maxU=1
BEST|step=62|score=1.22174188495|h=14.7860189809|det_h=17.8096820947|h_ratio=1.20449474045|max_rel=2.17011978904|maxU=1
BEST|step=70|score=1.20231282836|h=15.9302958776|det_h=17.8096820947|h_ratio=1.11797560017|max_rel=2.20490597221|maxU=1
BEST|step=73|score=1.13456245005|h=16.9771260957|det_h=17.8096820947|h_ratio=1.0490398666|max_rel=2.0971590472|maxU=1
BEST|step=94|score=1.09582548591|h=20.5218103763|det_h=17.8096820947|h_ratio=0.867841665433|max_rel=1.56219401303|maxU=1
BEST|step=106|score=1.07313099465|h=20.7552263312|det_h=17.8096820947|h_ratio=0.858081806024|max_rel=1.53337924838|maxU=1
BEST|step=108|score=1.02902640714|h=24.7433840359|det_h=17.8096820947|h_ratio=0.719775519341|max_rel=1.66230745666|maxU=1
BEST|step=111|score=1.02829745722|h=28.6474475397|det_h=17.8096820947|h_ratio=0.621684779072|max_rel=2.01116578158|maxU=2
BEST|step=112|score=1.02698982774|h=33.3823094614|det_h=17.8096820947|h_ratio=0.533506590228|max_rel=1.58406968101|maxU=2
BEST|step=114|score=1.01942627028|h=30.1622842284|det_h=17.8096820947|h_ratio=0.590461980924|max_rel=1.8173306961|maxU=1
BEST|step=118|score=0.992740943356|h=31.9255999862|det_h=17.8096820947|h_ratio=0.557849565941|max_rel=1.66172379714|maxU=1
BEST|step=154|score=0.97681371366|h=41.8453360611|det_h=17.8096820947|h_ratio=0.425607338144|max_rel=1.47820034789|maxU=1
BEST|step=159|score=0.946964545531|h=42.4740393857|det_h=17.8096820947|h_ratio=0.419307472336|max_rel=1.17435689856|maxU=1
BEST|step=160|score=0.888163290251|h=49.982488617|det_h=17.8096820947|h_ratio=0.356318434466|max_rel=1.53237732028|maxU=1
BEST|step=211|score=0.88308695232|h=86.2382727633|det_h=17.8096820947|h_ratio=0.20651714748|max_rel=2.01827106602|maxU=2
BEST|step=215|score=0.868454070707|h=90.9708158558|det_h=17.8096820947|h_ratio=0.195773577792|max_rel=1.86125260081|maxU=2
BEST|step=220|score=0.789116323504|h=98.2375869178|det_h=17.8096820947|h_ratio=0.181291933704|max_rel=1.64960176274|maxU=2
BEST|step=221|score=0.786681854541|h=105.382890894|det_h=17.8096820947|h_ratio=0.168999748855|max_rel=1.46995011483|maxU=2
BEST|step=239|score=0.780179118745|h=133.777875391|det_h=17.8096820947|h_ratio=0.133128755727|max_rel=1.19011534882|maxU=2
BEST|step=241|score=0.775063043462|h=152.935366376|det_h=17.8096820947|h_ratio=0.116452345306|max_rel=1.27518846338|maxU=2
BEST|step=251|score=0.756267894729|h=175.112912267|det_h=17.8096820947|h_ratio=0.101703991237|max_rel=1.0820277381|maxU=2
BEST|step=257|score=0.730351157885|h=201.092745321|det_h=17.8096820947|h_ratio=0.0885645181595|max_rel=0.909938694296|maxU=3
BEST|step=259|score=0.712901847175|h=202.764675686|det_h=17.8096820947|h_ratio=0.087834244473|max_rel=0.900374223964|maxU=3
BEST|step=270|score=0.686496251488|h=217.86064455|det_h=17.8096820947|h_ratio=0.0817480464703|max_rel=0.846972904853|maxU=3
BEST|step=276|score=0.683188460689|h=206.364167775|det_h=17.8096820947|h_ratio=0.086302202009|max_rel=0.880308904667|maxU=3
BEST|step=282|score=0.658496682737|h=289.279927796|det_h=17.8096820947|h_ratio=0.0615655646431|max_rel=0.889909717453|maxU=3
BEST|step=292|score=0.623650054874|h=262.448801561|det_h=17.8096820947|h_ratio=0.0678596434382|max_rel=0.805466437288|maxU=3
BEST|step=301|score=0.600521370725|h=270.790364513|det_h=17.8096820947|h_ratio=0.0657692607592|max_rel=0.794182088843|maxU=3
BEST|step=304|score=0.600112754653|h=270.839196912|det_h=17.8096820947|h_ratio=0.0657574025391|max_rel=0.794219197883|maxU=3
BEST|step=353|score=0.597097236643|h=318.541260281|det_h=17.8096820947|h_ratio=0.055910126302|max_rel=0.825035202234|maxU=3
BEST|step=389|score=0.596972142878|h=333.179925402|det_h=17.8096820947|h_ratio=0.0534536469243|max_rel=0.94006039964|maxU=3
BEST|step=418|score=0.570025098003|h=451.018970619|det_h=17.8096820947|h_ratio=0.0394876562959|max_rel=0.746206561163|maxU=3
BEST|step=429|score=0.568064956185|h=467.983489135|det_h=17.8096820947|h_ratio=0.0380562188799|max_rel=0.755406636791|maxU=3
BEST|step=595|score=0.566129174163|h=1160.29738568|det_h=17.8096820947|h_ratio=0.0153492391817|max_rel=0.854218764707|maxU=6
BEST|step=601|score=0.548352611771|h=1257.04944723|det_h=17.8096820947|h_ratio=0.0141678452936|max_rel=0.821291801783|maxU=6
BEST|step=605|score=0.541351108005|h=1158.53585237|det_h=17.8096820947|h_ratio=0.0153725774288|max_rel=0.806095735991|maxU=5
BEST|step=1031|score=0.526746544977|h=4987.74380442|det_h=17.8096820961|h_ratio=0.00357068903184|max_rel=0.773218010919|maxU=11
BEST|step=1054|score=0.521740069167|h=4998.02307122|det_h=17.809682096|h_ratio=0.00356334531519|max_rel=0.773684425847|maxU=11
BEST|step=2812|score=0.520438911231|h=10090931.8581|det_h=17.9942111762|h_ratio=1.78320609328e-06|max_rel=0.761080568373|maxU=557
BEST|step=7903|score=0.513300454821|h=8.2606427157e+15|det_h=nan|h_ratio=nan|max_rel=0.76893624062|maxU=15922050
BEST|step=7982|score=0.513233898578|h=8.26086607101e+15|det_h=nan|h_ratio=nan|max_rel=0.768942488066|maxU=15922050
BEST|step=13517|score=0.512322372114|h=6.22565754964e+24|det_h=nan|h_ratio=nan|max_rel=0.814830319202|maxU=478357692543
BEST|step=13595|score=0.501306329903|h=6.25337350466e+24|det_h=nan|h_ratio=nan|max_rel=0.815651020947|maxU=478357692543
BEST|step=13604|score=0.482577622506|h=6.29993223165e+24|det_h=nan|h_ratio=nan|max_rel=0.817013425092|maxU=478357692543
BEST|step=32396|score=0.460564042453|h=6.56682938415e+39|det_h=2.79823572495e+39|h_ratio=0.42611670888|max_rel=0.568611384074|maxU=9184293551753630149
BEST|step=32404|score=0.456829958368|h=6.57612850971e+39|det_h=2.79823572495e+39|h_ratio=0.425514148761|max_rel=0.567453807845|maxU=9184293551753630149
BEST|step=32430|score=0.453118750596|h=6.52824252946e+39|det_h=3.78814969231e+39|h_ratio=0.580270980316|max_rel=0.573449996975|maxU=9184293551753630149
BEST|step=35042|score=0.444557645168|h=6.62896203771e+39|det_h=3.09730205623e+39|h_ratio=0.467237862973|max_rel=0.543210259666|maxU=9213628665241734890
BEST|step=35057|score=0.412507292035|h=6.69911339949e+39|det_h=3.18482006048e+39|h_ratio=0.475409187838|max_rel=0.509032192501|maxU=9213628665241734890
BEST|step=110735|score=0.407631665793|h=6.95350739194e+39|det_h=3.00619038205e+39|h_ratio=0.43232720016|max_rel=0.474706950228|maxU=9221780443709270975
BEST|step=113200|score=0.403902508069|h=6.38606292742e+39|det_h=3.08150041802e+39|h_ratio=0.482535241672|max_rel=0.496269719637|maxU=9162533006079802474
BEST|step=116066|score=0.394131521807|h=7.1704505464e+39|det_h=2.37549601476e+39|h_ratio=0.331289644825|max_rel=0.471442682274|maxU=9170413568506689213
BEST|step=131663|score=0.388242840671|h=6.23745948263e+39|det_h=2.2744652283e+39|h_ratio=0.364646092633|max_rel=0.535132953209|maxU=9141207450419290655
BEST|step=131715|score=0.386575560788|h=6.04138742829e+39|det_h=2.75868798345e+39|h_ratio=0.456631529792|max_rel=0.570448427909|maxU=9147566088750084270
BEST|step=132712|score=0.381100674899|h=5.62286904629e+39|det_h=3.20500876648e+39|h_ratio=0.569995271114|max_rel=0.425526340139|maxU=9009811385403419921
BEST|step=132762|score=0.37829515172|h=5.62810650794e+39|det_h=3.20500876648e+39|h_ratio=0.569464839011|max_rel=0.49097176527|maxU=9009811385403419921
BEST|step=139182|score=0.377107856572|h=7.24251165446e+39|det_h=2.7852872203e+39|h_ratio=0.384574765383|max_rel=0.547982997708|maxU=9168150459820396532
BEST|step=181746|score=0.368786334517|h=6.69798152795e+39|det_h=3.16457467928e+39|h_ratio=0.472466916499|max_rel=0.481165656652|maxU=9219978900228333127
BEST|step=181978|score=0.367103597917|h=6.70745373936e+39|det_h=3.21115544835e+39|h_ratio=0.478744330282|max_rel=0.395995453627|maxU=9216206575703152262
BEST|step=204285|score=0.362596901828|h=6.35394761838e+39|det_h=3.65711891821e+39|h_ratio=0.57556642545|max_rel=0.49835916154|maxU=9217469173275459498
BEST|step=214006|score=0.356347162194|h=6.37757570935e+39|det_h=2.33778011033e+39|h_ratio=0.366562502254|max_rel=0.474879949151|maxU=9210231959461932367
BEST|step=224368|score=0.354056699124|h=6.31676962822e+39|det_h=3.32621392552e+39|h_ratio=0.526568819394|max_rel=0.636716667482|maxU=9166060956992997585
BEST|step=232241|score=0.353513103618|h=6.47529896176e+39|det_h=3.22762157488e+39|h_ratio=0.498451360152|max_rel=0.450222663775|maxU=9208460679698717982
BEST|step=261410|score=0.341319675629|h=7.85376230971e+39|det_h=2.76878499671e+39|h_ratio=0.3525424997|max_rel=0.369207692405|maxU=9211681679413021591
BEST|step=261430|score=0.327550204122|h=7.94773601417e+39|det_h=2.83810306827e+39|h_ratio=0.357095789696|max_rel=0.364842195803|maxU=9211681679413021591
BEST|step=261480|score=0.318771159546|h=7.96817791088e+39|det_h=2.83810306828e+39|h_ratio=0.356179681229|max_rel=0.363906214382|maxU=9211681679413021591
BEST|step=261532|score=0.310126846008|h=7.82257223006e+39|det_h=2.82353807823e+39|h_ratio=0.360947524062|max_rel=0.370679793524|maxU=9211681679413021591
BEST|step=302085|score=0.305567261181|h=7.31421208161e+39|det_h=3.17436263627e+39|h_ratio=0.433999260734|max_rel=0.477218860822|maxU=9195543910872431801
BEST|step=302651|score=0.302974779234|h=7.49701754122e+39|det_h=2.88679038591e+39|h_ratio=0.385058507605|max_rel=0.465582471723|maxU=9195543910872431801
BEST|step=303319|score=0.302408984178|h=7.28237200231e+39|det_h=3.07510243232e+39|h_ratio=0.422266595464|max_rel=0.368107591141|maxU=9197004634544064934
BEST|step=303474|score=0.297611627693|h=7.19265645552e+39|det_h=3.53057414718e+39|h_ratio=0.490858164715|max_rel=0.375817379709|maxU=9195543910872431801
BEST|step=329207|score=0.296039272293|h=6.8735962962e+39|det_h=2.72216454449e+39|h_ratio=0.396032066357|max_rel=0.409072596627|maxU=9187151724193024374
BEST|step=334325|score=0.295858582307|h=6.74032498827e+39|det_h=2.93187396174e+39|h_ratio=0.434975163193|max_rel=0.397205791377|maxU=9123827162274081539
BEST|step=335150|score=0.291561655852|h=6.61629952119e+39|det_h=3.01785066449e+39|h_ratio=0.456123646583|max_rel=0.387509267654|maxU=9123827162274081539
BEST|step=335658|score=0.286816235748|h=6.57188234215e+39|det_h=3.29867937348e+39|h_ratio=0.501938288262|max_rel=0.366020030708|maxU=9040561802259598258
BEST|step=336152|score=0.277763251892|h=6.56672829475e+39|det_h=3.31732565592e+39|h_ratio=0.505171754795|max_rel=0.366503528166|maxU=9040561802259598258
BEST|step=345408|score=0.276515122381|h=6.50295385021e+39|det_h=2.4067135231e+39|h_ratio=0.370095433327|max_rel=0.34224797015|maxU=9040561802259598258
BEST|step=346905|score=0.271880920256|h=6.79941549871e+39|det_h=3.56488090648e+39|h_ratio=0.524292258233|max_rel=0.39586032671|maxU=9180076426417775134
BEST|step=402088|score=0.267526104927|h=6.19125555102e+39|det_h=2.97758715141e+39|h_ratio=0.480934299492|max_rel=0.31081950809|maxU=9076934792514983216

FINAL BEST
score = 0.267526104927212
h = 6.19125555101871e+39
det_h = 2.977587151405347e+39
h_ratio = 0.4809342994920335
max_rel = 0.31081950809037934

U =
[[ 8054726790456728065  1602631363356264054 -7519334844080171064
   9007712264591013197  1390059668477506877  4909258073397890061
   6738735420950316762 -6554838413183600756 -8829934532567825541
   8603567913524808734 -1203135531297228465  1751700451163453863
   -551794670958551522 -4232956368321671720  6995126047964685737
  -6555413558756885135  3758317728601226698]
 [-5997136690072406330 -8398860070588436580  1903276828646496621
  -3496056076105340638  -961500068667484757 -8711676676782640602
  -6823671086483185135 -7298793603806603405   381018769930543620
  -8187453669298771549 -1673781451651975977  8360791220591215657
  -2602320418384825311  5213426727088085122 -3311388189556376815
   6183034221110617902 -1246019787701687906]
 [-5646394539315392160  1307307313611486045  2788616284718728481
  -2241871512988702139 -8882639201801591195  3087673693827335804
   1409079587594333997 -8187156049679377554  7531079557840313276
   3924333592744288515 -7739183024891434193 -2114923957265723328
  -3427279304532188647 -8219383835813394411 -1120744877028132519
  -7202405649972986198 -6606917276993656176]
 [ 4298370389593809056 -9069123604683896983 -6116540168211434457
  -6663065153409304159 -5733305768880511533  4200461612748889819
  -5941171975828759720 -2673934405705444438 -6729321045936914079
  -1703073128719427147 -3654715958316460042 -8354837376467916288
  -6514633268722563528 -4551248149227889625  1970555574411614850
   4865406821810553374  2516535842621272936]
 [-4852328667520955174 -3763449470072096867 -1756475230572844831
  -7099328089926453714 -8949003278619501326  8342485313954867769
    953700967972590528   972771452050060810  5626216518348915124
   4413681480879014024 -2399489974889819365 -8612378510319754927
   7780006008525928733   733694946101903957  3519967991272972737
  -5380802988172698821  1561613840999860449]
 [ -644912394776152270 -6852804118339179147  4179591783913637405
  -5572535808138418643  8519115219844953703 -2243040127531167803
  -3419838175832413445  2381197015335112711  6542109057651323390
   2568601069267606353  3128185554259989726  7667909688660778805
  -2018917800839609931 -2451300565348254567  5145829249817355538
   3459144637017251702  4038979186731291720]
 [ 5735195729413901382  7123989692932228143    90069706826467026
   2794133343057264534  5062462955930296348 -5116058872033947461
   -721727009887588899  7745523780422314704  3805581188412570073
  -8601658195553449482 -3181095312896695110  5285672590489388270
   1755283636606480020 -6747749357544045945  -610896099610892923
  -5068740886608815197 -8792171069982669177]
 [ -481465036029077259 -1934976172632543599   213117609204748674
  -1994832655796167249  3190219848352221127 -4732342249612932500
   8951600160542363141  5508389914795449571 -2957251389592736808
  -7917095765988652276  6676043714959541279 -5580910433276208518
   -279453911005664005  4651596605701372808 -8723367089911629175
   7748824000485079995  6093209285508094535]
 [ 3769442901571069738 -1509269723686838999  5583912682794742967
   6210000708198265913 -4798294999564911421 -3017908792760752059
    328153881732800889  1777229687473354527  7214938925022465259
  -3913030066427676161  3410681505845768285  6384297216172937237
   4692769987433312671 -3768655490082885790  7424295621666974357
   -872022864127911232  5559462685403688118]
 [-2316071426655647866 -1953411307946967448  5008314055290602995
    283398629223005830  6278825111786740714  3050782196159979909
  -8813705421849730993  1979597845350316434 -4832532251776984390
   1544534032640252096 -4532547406085666953  1938401488487306514
  -2332019561084088114 -6058192110491425935  4142959998002330626
  -6975247523847619353  -761556656085612625]
 [-4877806062124469610  2212346905533580509  -335397867906694403
   1724511368940280509  1999047723422578422 -8402181884459946734
  -7693964029395158318 -6718503193066603957  3234261752792735469
  -5774044423364124866  8994818768242169715  1511472396413983535
   1516004906191412765   156295199801429824  3823705842429886114
  -3945290054456438676 -7632627938800942967]
 [ 1063627908964297408  9076934792514983216   894611554319941128
  -4957441047232133950  7926489415190262482   367599862381771562
   2531569554879472130  -297187170994111899  1419922708290787483
   2378293352359428255 -6346308076208660650  3939241082837429565
  -3509959081916729348 -1584252964050856283  5408780230158210694
   8103512012978068687 -6587655309262179308]
 [ 7773562933902573279  -177766178999652679  8204998155668587479
   4306642810134403028  8626371327675105968 -9073302553167803524
  -3632807924854876681 -2389247889623775528  9030021088579702029
  -5272489361674623133  8445554064140075696 -3454413161851170031
   8922924098052412398  6456832625853032115 -3774544422654681121
   4407490157786655936  -734825052617477997]
 [ 6368820935589894485  5324699756098275307 -2568017918813971921
   7556990868788201578  9006361610038258571 -6696757352522232363
    739180580062315693  2951477196252353263  8934128736899537176
  -3899574897959191884 -5620573784937632651   254529232320316241
   4092955268882313411  8161260978628808024 -4988773634170277607
   2708456220391643654  4206413579686951613]
 [-9040561802259598258 -8783703086604423504 -7336775159940504054
  -8489185366363793830  4722051138036619993  -419963634057768628
  -4310446576372874121  6341817022973543400 -7437546627173700195
   -438922558453529805 -4277730870581165199 -5563452309248749391
  -6122811136698989578 -4927584803070063492 -1710976834359836511
  -2778820134572994097 -8521514109575871689]
 [ 1059057650525805868 -4232536441931335488 -5900711133730792482
   5515395541700152115  4516996199833778747  7746460928989788660
   7227495812055087425  8909656996614857802     1312341094451952
   -536505736988360228  8894495089367426921  1572726767309984751
   5020466628710250080 -1752179912437326770 -7076916490247461331
  -6238783207480360682  7053268510713168703]
 [ 4582027052092881779  3893089709689461287 -4889166534156008933
   1647047594045181456   545223542082376686  4572066547108658515
  -7579311756127792016  2540457815107086689  5411618340037395810
   2436722086454718586  1947990273340664272 -3480905039326541893
   8721494944139573090  7314265442491962168 -4494112487628219066
   3555417993402677113 -8930055087964858667]]

residual =
[[ 4.48818146e+39 -1.76934423e+39  4.49728962e+38  5.12379319e+39
   5.98646204e+39  1.36581128e+39 -9.30446330e+38  5.47897711e+39
   2.51048117e+39 -2.54027349e+38  4.92363500e+39  1.54089510e+39
   4.47226950e+39 -4.02125106e+38  2.24829507e+39  4.29806718e+39
  -8.03971793e+38]
 [-1.76934423e+39 -6.21499045e+39  9.94967861e+38  6.62340738e+39
  -2.51619129e+39  4.35376890e+39 -2.30886523e+39 -2.46943241e+39
   5.95566283e+39  3.43262831e+39 -2.67211545e+39 -6.47831416e+38
   1.14037653e+38 -3.17158915e+39  4.19070979e+39 -3.04022899e+39
   2.00992970e+39]
 [ 4.49728962e+38  9.94967861e+38 -6.50160693e+39  1.13516233e+39
  -3.45831548e+39  1.56935899e+39 -3.19904623e+38 -2.51087912e+39
   1.50037879e+39 -2.78283569e+39 -6.39057171e+39 -3.09681490e+39
   2.46200050e+37 -3.83022932e+39 -8.73298623e+38  5.17616145e+38
   1.65133955e+39]
 [ 5.12379319e+39  6.62340738e+39  1.13516233e+39  2.33864124e+39
   1.00714207e+39  3.97264528e+39  2.88139406e+38 -1.71737992e+39
  -2.70261202e+39  4.63035320e+39 -3.84330459e+38  1.79153587e+39
   1.53887533e+39  1.89966485e+39  1.36615472e+39 -1.30954103e+39
   4.98066283e+39]
 [ 5.98646204e+39 -2.51619129e+39 -3.45831548e+39  1.00714207e+39
   5.28994431e+38  2.45395008e+39 -4.30719718e+39  3.09724392e+39
   1.12037068e+38 -2.51600513e+39  2.99845819e+39  1.56066987e+39
   4.03643177e+39 -1.12737913e+39  1.03498934e+39 -1.60739041e+38
  -9.49021766e+38]
 [ 1.36581128e+39  4.35376890e+39  1.56935899e+39  3.97264528e+39
   2.45395008e+39  3.88623280e+38  7.49131945e+39  1.13587195e+39
   7.92866626e+38  7.69745202e+39  3.36416308e+39 -8.13453031e+38
   1.73237887e+39 -2.63606584e+39  6.80948462e+38 -5.50848818e+38
   2.51135931e+39]
 [-9.30446330e+38 -2.30886523e+39 -3.19904623e+38  2.88139406e+38
  -4.30719718e+39  7.49131945e+39 -6.11484486e+39  3.42383844e+39
   5.66326448e+39 -2.71595978e+38 -1.39731027e+39  2.49529728e+39
   2.83600845e+39 -1.50175293e+39 -1.29335810e+39 -2.85617522e+39
   5.82498532e+39]
 [ 5.47897711e+39 -2.46943241e+39 -2.51087912e+39 -1.71737992e+39
   3.09724392e+39  1.13587195e+39  3.42383844e+39  6.74874802e+39
   9.95599914e+38 -3.78799222e+39  1.02473600e+39 -2.85407860e+39
   2.71051878e+39  2.32668435e+39 -3.16029224e+39  1.32464002e+39
  -1.07684393e+39]
 [ 2.51048117e+39  5.95566283e+39  1.50037879e+39 -2.70261202e+39
   1.12037068e+38  7.92866626e+38  5.66326448e+39  9.95599914e+38
   3.43053840e+39 -1.42469535e+39 -7.68293043e+37 -1.86571115e+39
   4.91543168e+39  3.06941474e+39 -8.85986635e+38  1.15329747e+39
  -3.26186844e+39]
 [-2.54027349e+38  3.43262831e+39 -2.78283569e+39  4.63035320e+39
  -2.51600513e+39  7.69745202e+39 -2.71595978e+38 -3.78799222e+39
  -1.42469535e+39 -1.08939509e+39 -1.45333325e+39 -8.94389299e+38
  -3.31981995e+39  3.36218903e+39 -1.54696046e+39 -8.35160745e+38
   1.62979711e+39]
 [ 4.92363500e+39 -2.67211545e+39 -6.39057171e+39 -3.84330459e+38
   2.99845819e+39  3.36416308e+39 -1.39731027e+39  1.02473600e+39
  -7.68293043e+37 -1.45333325e+39 -4.07883273e+39 -3.54285972e+39
   2.69443053e+39 -3.02843466e+39 -1.58306776e+39  2.34393194e+39
   8.13761414e+38]
 [ 1.54089510e+39 -6.47831416e+38 -3.09681490e+39  1.79153587e+39
   1.56066987e+39 -8.13453031e+38  2.49529728e+39 -2.85407860e+39
  -1.86571115e+39 -8.94389299e+38 -3.54285972e+39  5.41235180e+39
  -1.68094298e+39 -4.10969015e+39  7.10265930e+39  5.97468062e+38
   1.02471492e+39]
 [ 4.47226950e+39  1.14037653e+38  2.46200050e+37  1.53887533e+39
   4.03643177e+39  1.73237887e+39  2.83600845e+39  2.71051878e+39
   4.91543168e+39 -3.31981995e+39  2.69443053e+39 -1.68094298e+39
  -4.29275800e+39  2.47144745e+39  1.09547588e+39 -1.67075045e+39
  -3.86746260e+38]
 [-4.02125106e+38 -3.17158915e+39 -3.83022932e+39  1.89966485e+39
  -1.12737913e+39 -2.63606584e+39 -1.50175293e+39  2.32668435e+39
   3.06941474e+39  3.36218903e+39 -3.02843466e+39 -4.10969015e+39
   2.47144745e+39 -1.21197868e+39 -3.99351374e+39  2.88767889e+39
   3.33864163e+39]
 [ 2.24829507e+39  4.19070979e+39 -8.73298623e+38  1.36615472e+39
   1.03498934e+39  6.80948462e+38 -1.29335810e+39 -3.16029224e+39
  -8.85986635e+38 -1.54696046e+39 -1.58306776e+39  7.10265930e+39
   1.09547588e+39 -3.99351374e+39 -2.49256189e+39  3.38734411e+38
   1.21480881e+39]
 [ 4.29806718e+39 -3.04022899e+39  5.17616145e+38 -1.30954103e+39
  -1.60739041e+38 -5.50848818e+38 -2.85617522e+39  1.32464002e+39
   1.15329747e+39 -8.35160745e+38  2.34393194e+39  5.97468062e+38
  -1.67075045e+39  2.88767889e+39  3.38734411e+38  8.73236654e+38
   1.31242538e+38]
 [-8.03971793e+38  2.00992970e+39  1.65133955e+39  4.98066283e+39
  -9.49021766e+38  2.51135931e+39  5.82498532e+39 -1.07684393e+39
  -3.26186844e+39  1.62979711e+39  8.13761414e+38  1.02471492e+39
  -3.86746260e+38  3.33864163e+39  1.21480881e+39  1.31242538e+38
   1.27951572e+39]]
