curve = Elliptic Curve defined by y^2 + x*y = x^3 - 27006183241630922218434652145297453784768054621836357954737385*x + 55258058551342376475736699591118191821521067032535079608372404779149413277716173425636721497 over Rational Field
discriminant = -58514056884179895803252795545068205623215359270190478217393508483140281138663769634024489915971980794469429246265449489823479442097938729025702174957426421151737866434992604323840000000
P00 x= 2891195474228537189458255536634 y= -1159930748096127597655310139264508137848961917
P01 x= 3402542165322127811451484642234 y= -1661508223164694458404822945858277012239933117
P02 x= 4298760026558467240422107564794 y= -4313142249890240503551013345852148145035039357
P03 x= 3728756667770947009884455714554 y= -2530180219584737819873196464478670430116111997
P04 x= 5991744132052078230511185130234 y= -10418901628842040354045405107806531180403989117
P05 x= 3236493534632768520540227223034 y= -1324626796262170480152221831184722365600968317
P06 x= 78226686134991174232380689386234 y= -690394210062759974730115789116691012380201941117
P07 x= 11492605643548859374635605140234 y= -35536316911450963648067267787167830665224081117
P08 x= -5143303362384229804906088118566 y= -7622356511107981720816989971444500774134249917
P09 x= 443985655575065435281568435002 y= -6584468124388859067200459514708992647204055357
P10 x= -979565018904269680752629749766 y= -8987348422104536705401687534444357881202421117
P11 x= 5184894285212178249566461261834 y= -7390536788003155386167489676874109441966742317
P12 x= -4469171023687146502067179612166 y= -9310658892841454464962197450245579336234843517
P13 x= 3606405835110925482450522970234 y= -2183644666981707238888497304315962490650869117
P14 x= 16151744576785317732688993162234 y= -61908882092472355098264486061773564152740373117
P15 x= 3573684355943766387962362869754 y= -2094467155115752998537403227425465767923128957
P16 x= -759376049938858166436491644166 y= -8679171135458196436537974222941895374460475517
P17 x= -5328058719935886182106003119366 y= -6920588147379492305144215621481317570221230717
P18 x= 5380268474895377355583039694554 y= -8105660240030030472718593192680779978895731997
P19 x= 17069233487425098088940203248484 y= -67583677272795316283100930930509982465989759117
P20 x= 5215432542403430758248050783794 y= -7501515746204722071354253361794836542294598437
P21 x= 2838942178046024039763692432122 y= -1212346280964593147886353846568545463800640125
P22 x= 243146882395382015946366404808154/81 y= -811625272160728520521229694625571022664225381493/729
P23 x= 2558229016839511149831260080762 y= -1706598395830082552616522083644532540909717885
P24 x= 2361253942905600810977556672634 y= -2157503396243554810052793994911519740855438717
P25 x= 2678312077644931683114439906234 y= -1462722361020799115053605078405069229487525117
P26 x= 3379397084927230910084852603902 y= -1608494167359579374882740115580118535218457657
P27 x= 3632407730870998917912491355514 y= -2255654937037704434385889252184536965888068477
P28 x= 2428778263277521959543043930234 y= -1998325023610606034940000583008827346378341117

computing canonical heights ...
row 0 done
row 1 done
row 2 done
row 3 done
row 4 done
row 5 done
row 6 done
row 7 done
row 8 done
row 9 done
row 10 done
row 11 done
row 12 done
row 13 done
row 14 done
row 15 done
row 16 done
row 17 done
row 18 done
row 19 done
row 20 done
row 21 done
row 22 done
row 23 done
row 24 done
row 25 done
row 26 done
row 27 done
row 28 done

det = 1.63688183381061e50
eigenvalue min = 0.0258066421395864929
saved height Gram
