precomputing candidate * H ...
ready

RANK21 17+4 LONG RUN
run              = rank21-longrun-v3
database         = /Users/royvanrijn/Documents/jacobian-research/elkies-k3/results/rank21-longrun-v3/experiment.sqlite
full pool        = 3000000
core pool        = 50000
candidate pool   = 100000
controls/slot    = 500
selection metric = height
requested trials = 2000
already complete = 0
config hash      = 79d245bec0637087

PROGRESS|trial=0|sat=1|s1:orth=0.50839,ratio=0.8054%,hPct=0.001001%,rPct=0.04503% | s2:orth=0.45612,ratio=0.776%,hPct=0.001004%,rPct=0.7497% | s3:orth=0.45905,ratio=0.7009%,hPct=0.001024%,rPct=0.8671% | s4:orth=0.46171,ratio=0.7253%,hPct=0.001179%,rPct=13.4%|trial_s=0.553|total_s=0.6
PROGRESS|trial=10|sat=1|s1:orth=0.51463,ratio=0.7847%,hPct=0.001001%,rPct=0.03805% | s2:orth=0.67658,ratio=1.014%,hPct=0.001007%,rPct=0.04328% | s3:orth=0.56145,ratio=0.9473%,hPct=0.00104%,rPct=4.984% | s4:orth=1.0381,ratio=1.575%,hPct=0.001295%,rPct=7.417%|trial_s=0.255|total_s=4.1
PROGRESS|trial=20|sat=1|s1:orth=0.84063,ratio=1.388%,hPct=0.001004%,rPct=0.2589% | s2:orth=0.90409,ratio=1.617%,hPct=0.001017%,rPct=2.312% | s3:orth=1.3631,ratio=2.271%,hPct=0.001085%,rPct=9.043% | s4:orth=1.7936,ratio=2.77%,hPct=0.001434%,rPct=19.07%|trial_s=0.377|total_s=7.7
PROGRESS|trial=30|sat=1|s1:orth=0.71207,ratio=1.145%,hPct=0.001001%,rPct=0.1091% | s2:orth=0.66122,ratio=1.041%,hPct=0.001007%,rPct=0.4554% | s3:orth=0.74318,ratio=1.232%,hPct=0.001038%,rPct=8.457% | s4:orth=0.74267,ratio=1.131%,hPct=0.001241%,rPct=7.816%|trial_s=0.369|total_s=11.6
PROGRESS|trial=40|sat=3|s1:orth=0.29111,ratio=0.4364%,hPct=0.001002%,rPct=0.00601% | s2:orth=0.44531,ratio=0.6662%,hPct=0.001012%,rPct=0.02428% | s3:orth=0.56388,ratio=0.8466%,hPct=0.001086%,rPct=0.7363% | s4:orth=4.5391,ratio=7.066%,hPct=0.001926%,rPct=33%|trial_s=0.236|total_s=14.6
PROGRESS|trial=50|sat=2|s1:orth=0.28383,ratio=0.4418%,hPct=0.002004%,rPct=0.1002% | s2:orth=0.69339,ratio=1.126%,hPct=0.001016%,rPct=1.263% | s3:orth=1.6073,ratio=2.413%,hPct=0.001084%,rPct=0.6299% | s4:orth=1.5126,ratio=2.317%,hPct=0.001384%,rPct=13.85%|trial_s=0.295|total_s=18.7
PROGRESS|trial=60|sat=1|s1:orth=0.30822,ratio=0.4924%,hPct=0.001001%,rPct=0.1021% | s2:orth=0.39127,ratio=0.6091%,hPct=0.001012%,rPct=0.6372% | s3:orth=0.90841,ratio=1.362%,hPct=0.001089%,rPct=0.5403% | s4:orth=2.9894,ratio=4.47%,hPct=0.001643%,rPct=0.6426%|trial_s=0.317|total_s=22.6
PROGRESS|trial=70|sat=1|s1:orth=0.67385,ratio=1.007%,hPct=0.001002%,rPct=0.002003% | s2:orth=0.65656,ratio=1.009%,hPct=0.001008%,rPct=0.3721% | s3:orth=0.93529,ratio=1.604%,hPct=0.001049%,rPct=6.331% | s4:orth=0.94527,ratio=1.508%,hPct=0.00128%,rPct=23.91%|trial_s=0.358|total_s=27.8
PROGRESS|trial=80|sat=1|s1:orth=0.075072,ratio=0.1144%,hPct=0.001001%,rPct=0.009006% | s2:orth=0.19347,ratio=0.2918%,hPct=0.001007%,rPct=0.1037% | s3:orth=0.45993,ratio=0.7445%,hPct=0.001074%,rPct=7.538% | s4:orth=4.1634,ratio=6.295%,hPct=0.001858%,rPct=10.81%|trial_s=0.313|total_s=31.1
PROGRESS|trial=90|sat=1|s1:orth=0.59912,ratio=1.012%,hPct=0.001006%,rPct=0.6971% | s2:orth=0.67032,ratio=1.112%,hPct=0.001033%,rPct=3.67% | s3:orth=1.1237,ratio=1.901%,hPct=0.001217%,rPct=25.86% | s4:orth=11.15,ratio=17.79%,hPct=0.004104%,rPct=55.03%|trial_s=0.287|total_s=34.6
PROGRESS|trial=100|sat=1|s1:orth=0.55332,ratio=0.8616%,hPct=0.001001%,rPct=0.06208% | s2:orth=0.5889,ratio=0.8895%,hPct=0.001007%,rPct=0.1269% | s3:orth=0.83465,ratio=1.382%,hPct=0.001044%,rPct=6.917% | s4:orth=0.89296,ratio=1.348%,hPct=0.001273%,rPct=4.865%|trial_s=0.324|total_s=38.6
PROGRESS|trial=110|sat=1|s1:orth=0.15214,ratio=0.2287%,hPct=0.001001%,rPct=0.007005% | s2:orth=0.25626,ratio=0.4155%,hPct=0.001006%,rPct=0.6279% | s3:orth=1.0269,ratio=1.568%,hPct=0.001061%,rPct=2.103% | s4:orth=1.3129,ratio=1.99%,hPct=0.00135%,rPct=7.761%|trial_s=0.387|total_s=42.7
PROGRESS|trial=120|sat=1|s1:orth=0.53137,ratio=0.9242%,hPct=0.001001%,rPct=0.2964% | s2:orth=0.46654,ratio=0.7045%,hPct=0.001007%,rPct=0.1178% | s3:orth=0.47579,ratio=0.7342%,hPct=0.00105%,rPct=2.454% | s4:orth=1.9248,ratio=3.134%,hPct=0.001455%,rPct=40.14%|trial_s=0.327|total_s=45.9
PROGRESS|trial=130|sat=1|s1:orth=0.33977,ratio=0.5474%,hPct=0.001%,rPct=0.05502% | s2:orth=0.30262,ratio=0.5552%,hPct=0.001003%,rPct=0.4937% | s3:orth=0.38257,ratio=0.5735%,hPct=0.001025%,rPct=0.1507% | s4:orth=0.65798,ratio=1.018%,hPct=0.001222%,rPct=12.19%|trial_s=0.348|total_s=49.2
PROGRESS|trial=140|sat=1|s1:orth=0.096617,ratio=0.1553%,hPct=0.002002%,rPct=0.06405% | s2:orth=0.83436,ratio=1.28%,hPct=0.001011%,rPct=0.4551% | s3:orth=0.85654,ratio=1.344%,hPct=0.001061%,rPct=3.651% | s4:orth=1.397,ratio=2.202%,hPct=0.001364%,rPct=24.85%|trial_s=0.411|total_s=52.9
PROGRESS|trial=150|sat=1|s1:orth=0.55296,ratio=0.8433%,hPct=0.001003%,rPct=0.08724% | s2:orth=0.51113,ratio=0.7892%,hPct=0.001018%,rPct=0.7611% | s3:orth=1.6143,ratio=2.565%,hPct=0.001119%,rPct=8.767% | s4:orth=2.9053,ratio=4.438%,hPct=0.001625%,rPct=16.69%|trial_s=0.322|total_s=57.2
PROGRESS|trial=160|sat=1|s1:orth=0.3548,ratio=0.5563%,hPct=0.001001%,rPct=0.04804% | s2:orth=0.5916,ratio=0.9647%,hPct=0.001006%,rPct=0.5441% | s3:orth=0.62783,ratio=0.9719%,hPct=0.00103%,rPct=3.025% | s4:orth=0.54681,ratio=0.8257%,hPct=0.001198%,rPct=3.916%|trial_s=0.323|total_s=60.4
PROGRESS|trial=170|sat=1|s1:orth=0.49297,ratio=0.7953%,hPct=0.001002%,rPct=0.1644% | s2:orth=0.74113,ratio=1.142%,hPct=0.001013%,rPct=0.5948% | s3:orth=1.1248,ratio=1.769%,hPct=0.001074%,rPct=5.051% | s4:orth=1.729,ratio=2.586%,hPct=0.001422%,rPct=0.6468%|trial_s=0.239|total_s=63.9
PROGRESS|trial=180|sat=1|s1:orth=0.36633,ratio=0.5918%,hPct=0.001001%,rPct=0.1161% | s2:orth=0.42483,ratio=0.7068%,hPct=0.001009%,rPct=1.028% | s3:orth=1.0369,ratio=1.728%,hPct=0.001065%,rPct=7.255% | s4:orth=1.4282,ratio=2.239%,hPct=0.001369%,rPct=23.3%|trial_s=0.428|total_s=67.5
PROGRESS|trial=190|sat=1|s1:orth=0.453,ratio=0.7031%,hPct=0.001001%,rPct=0.0781% | s2:orth=0.4129,ratio=0.6732%,hPct=0.001007%,rPct=0.7067% | s3:orth=0.69232,ratio=1.079%,hPct=0.001052%,rPct=3.017% | s4:orth=1.0175,ratio=1.643%,hPct=0.001325%,rPct=28.65%|trial_s=0.370|total_s=71.6
PROGRESS|trial=200|sat=1|s1:orth=0.49923,ratio=0.7755%,hPct=0.001003%,rPct=0.1414% | s2:orth=0.66765,ratio=1.158%,hPct=0.001016%,rPct=2.174% | s3:orth=1.1418,ratio=1.724%,hPct=0.001097%,rPct=1.609% | s4:orth=2.7401,ratio=4.282%,hPct=0.001601%,rPct=29.48%|trial_s=0.365|total_s=75.6
PROGRESS|trial=210|sat=1|s1:orth=0.30624,ratio=0.4815%,hPct=0.001001%,rPct=0.03903% | s2:orth=0.33171,ratio=0.5137%,hPct=0.001006%,rPct=0.4285% | s3:orth=0.30625,ratio=0.4833%,hPct=0.001044%,rPct=3.493% | s4:orth=2.3517,ratio=3.7%,hPct=0.001534%,rPct=30.95%|trial_s=0.359|total_s=79.6
PROGRESS|trial=220|sat=1|s1:orth=0.16214,ratio=0.25%,hPct=0.001001%,rPct=0.04103% | s2:orth=0.17524,ratio=0.2804%,hPct=0.001009%,rPct=0.8972% | s3:orth=0.67634,ratio=1.017%,hPct=0.001117%,rPct=1.33% | s4:orth=6.2476,ratio=9.969%,hPct=0.002297%,rPct=50.54%|trial_s=0.288|total_s=83.9
PROGRESS|trial=230|sat=1|s1:orth=0.21946,ratio=0.4021%,hPct=0.001001%,rPct=0.1472% | s2:orth=0.33534,ratio=0.5455%,hPct=0.00101%,rPct=1.037% | s3:orth=1.3919,ratio=2.124%,hPct=0.001087%,rPct=2.674% | s4:orth=1.836,ratio=2.866%,hPct=0.001444%,rPct=24.28%|trial_s=0.372|total_s=87.2
PROGRESS|trial=240|sat=1|s1:orth=0.96391,ratio=1.536%,hPct=0.001008%,rPct=0.6282% | s2:orth=2.2883,ratio=4.088%,hPct=0.001043%,rPct=9.684% | s3:orth=2.2198,ratio=3.345%,hPct=0.001145%,rPct=1.721% | s4:orth=2.9057,ratio=4.686%,hPct=0.001626%,rPct=44.31%|trial_s=0.276|total_s=90.7
PROGRESS|trial=250|sat=1|s1:orth=0.70458,ratio=1.114%,hPct=0.001001%,rPct=0.1512% | s2:orth=0.6489,ratio=1.037%,hPct=0.001007%,rPct=0.5617% | s3:orth=0.71722,ratio=1.144%,hPct=0.00104%,rPct=3.347% | s4:orth=0.80462,ratio=1.215%,hPct=0.001258%,rPct=4.7%|trial_s=0.375|total_s=94.2
PROGRESS|trial=260|sat=1|s1:orth=0.1925,ratio=0.2923%,hPct=0.001001%,rPct=0.01501% | s2:orth=0.39824,ratio=0.5972%,hPct=0.001007%,rPct=0.04731% | s3:orth=0.40387,ratio=0.6044%,hPct=0.001048%,rPct=0.1279% | s4:orth=2.0497,ratio=3.068%,hPct=0.001478%,rPct=1.285%|trial_s=0.358|total_s=97.6
PROGRESS|trial=270|sat=1|s1:orth=0.18858,ratio=0.2949%,hPct=0.001001%,rPct=0.06007% | s2:orth=0.34807,ratio=0.5798%,hPct=0.001012%,rPct=1.412% | s3:orth=0.88118,ratio=1.329%,hPct=0.001098%,rPct=1.465% | s4:orth=3.5438,ratio=5.363%,hPct=0.001742%,rPct=10.97%|trial_s=0.362|total_s=102.1
PROGRESS|trial=280|sat=2|s1:orth=0.24003,ratio=0.4063%,hPct=0.001003%,rPct=0.3791% | s2:orth=1.1264,ratio=1.865%,hPct=0.001028%,rPct=3.12% | s3:orth=1.1213,ratio=1.677%,hPct=0.001131%,rPct=0.224% | s4:orth=4.8879,ratio=7.498%,hPct=0.00199%,rPct=23.38%|trial_s=0.409|total_s=105.7
PROGRESS|trial=290|sat=1|s1:orth=0.80237,ratio=1.272%,hPct=0.001002%,rPct=0.1413% | s2:orth=0.72582,ratio=1.09%,hPct=0.001011%,rPct=0.09097% | s3:orth=0.76652,ratio=1.177%,hPct=0.00106%,rPct=2.536% | s4:orth=1.655,ratio=2.669%,hPct=0.001413%,rPct=34.73%|trial_s=0.409|total_s=109.1
PROGRESS|trial=300|sat=1|s1:orth=0.23472,ratio=0.406%,hPct=0.001001%,rPct=0.08907% | s2:orth=0.46334,ratio=0.7125%,hPct=0.001007%,rPct=0.3764% | s3:orth=0.47044,ratio=0.7197%,hPct=0.001041%,rPct=1.503% | s4:orth=1.2611,ratio=1.91%,hPct=0.00134%,rPct=7.397%|trial_s=0.482|total_s=112.5
PROGRESS|trial=310|sat=1|s1:orth=0.079928,ratio=0.124%,hPct=0.001%,rPct=0.012% | s2:orth=0.61228,ratio=0.9693%,hPct=0.001005%,rPct=0.5898% | s3:orth=0.62372,ratio=0.9559%,hPct=0.00103%,rPct=1.13% | s4:orth=0.54657,ratio=0.8311%,hPct=0.001202%,rPct=6.185%|trial_s=0.392|total_s=115.9
PROGRESS|trial=320|sat=1|s1:orth=0.23307,ratio=0.3793%,hPct=0.001001%,rPct=0.06404% | s2:orth=0.30721,ratio=0.4652%,hPct=0.001006%,rPct=0.1257% | s3:orth=0.65931,ratio=0.9897%,hPct=0.001047%,rPct=0.3632% | s4:orth=1.2098,ratio=2.024%,hPct=0.00133%,rPct=37.74%|trial_s=0.372|total_s=119.7
PROGRESS|trial=330|sat=1|s1:orth=0.18989,ratio=0.2892%,hPct=0.001001%,rPct=0.01601% | s2:orth=0.49914,ratio=0.8594%,hPct=0.001006%,rPct=0.7846% | s3:orth=0.81167,ratio=1.235%,hPct=0.001038%,rPct=1.065% | s4:orth=0.65938,ratio=0.9861%,hPct=0.001223%,rPct=0.356%|trial_s=0.305|total_s=124.3
PROGRESS|trial=340|sat=1|s1:orth=0.50339,ratio=0.7611%,hPct=0.001001%,rPct=0.02102% | s2:orth=0.52925,ratio=0.8181%,hPct=0.001006%,rPct=0.324% | s3:orth=0.84698,ratio=1.377%,hPct=0.001044%,rPct=4.235% | s4:orth=0.8225,ratio=1.314%,hPct=0.001257%,rPct=22.53%|trial_s=0.259|total_s=128.9
PROGRESS|trial=350|sat=1|s1:orth=0.53179,ratio=0.8559%,hPct=0.001001%,rPct=0.06406% | s2:orth=0.54834,ratio=0.8756%,hPct=0.001005%,rPct=0.4192% | s3:orth=0.68516,ratio=1.159%,hPct=0.001034%,rPct=7.879% | s4:orth=0.63733,ratio=1.004%,hPct=0.00122%,rPct=16.68%|trial_s=0.654|total_s=133.2
PROGRESS|trial=360|sat=1|s1:orth=0.1987,ratio=0.3021%,hPct=0.001002%,rPct=0.03405% | s2:orth=0.50256,ratio=0.7969%,hPct=0.001016%,rPct=1.171% | s3:orth=2.0846,ratio=3.131%,hPct=0.001109%,rPct=0.7763% | s4:orth=1.8804,ratio=2.885%,hPct=0.001447%,rPct=16.15%|trial_s=0.698|total_s=138.1
PROGRESS|trial=370|sat=1|s1:orth=0.35398,ratio=0.5507%,hPct=0.001002%,rPct=0.08314% | s2:orth=0.7495,ratio=1.125%,hPct=0.001012%,rPct=0.09815% | s3:orth=0.76201,ratio=1.251%,hPct=0.001065%,rPct=7.02% | s4:orth=2.0094,ratio=3.092%,hPct=0.001473%,rPct=18.48%|trial_s=0.313|total_s=142.1
PROGRESS|trial=380|sat=1|s1:orth=0.33173,ratio=0.5209%,hPct=0.001001%,rPct=0.06608% | s2:orth=0.45347,ratio=0.7312%,hPct=0.001008%,rPct=0.7855% | s3:orth=0.812,ratio=1.262%,hPct=0.001058%,rPct=3.328% | s4:orth=1.4813,ratio=2.26%,hPct=0.001382%,rPct=11.76%|trial_s=0.320|total_s=145.9
PROGRESS|trial=390|sat=1|s1:orth=0.46174,ratio=0.7822%,hPct=0.001002%,rPct=0.1844% | s2:orth=0.58235,ratio=0.888%,hPct=0.001013%,rPct=0.397% | s3:orth=1.578,ratio=2.411%,hPct=0.001085%,rPct=2.614% | s4:orth=1.5392,ratio=2.3%,hPct=0.001391%,rPct=0.01669%|trial_s=0.373|total_s=150.0
PROGRESS|trial=400|sat=1|s1:orth=0.466,ratio=0.7456%,hPct=0.001002%,rPct=0.1393% | s2:orth=0.69231,ratio=1.048%,hPct=0.001013%,rPct=0.2836% | s3:orth=1.2312,ratio=1.866%,hPct=0.001077%,rPct=1.732% | s4:orth=1.5728,ratio=2.427%,hPct=0.001401%,rPct=17.52%|trial_s=0.317|total_s=153.2
PROGRESS|trial=410|sat=1|s1:orth=0.24868,ratio=0.3846%,hPct=0.001003%,rPct=0.1384% | s2:orth=0.676,ratio=1.038%,hPct=0.001029%,rPct=1.162% | s3:orth=3.0346,ratio=4.759%,hPct=0.001181%,rPct=12.73% | s4:orth=3.1032,ratio=4.648%,hPct=0.001661%,rPct=2.053%|trial_s=0.325|total_s=156.5
PROGRESS|trial=420|sat=2|s1:orth=0.38454,ratio=0.5849%,hPct=0.001001%,rPct=0.01301% | s2:orth=0.57109,ratio=0.8881%,hPct=0.001005%,rPct=0.2894% | s3:orth=0.60693,ratio=0.9086%,hPct=0.001033%,rPct=0.1167% | s4:orth=0.66739,ratio=1.003%,hPct=0.001226%,rPct=2.488%|trial_s=0.316|total_s=159.6
PROGRESS|trial=430|sat=1|s1:orth=0.44655,ratio=0.671%,hPct=0.001002%,rPct=0.02606% | s2:orth=0.90699,ratio=1.358%,hPct=0.001017%,rPct=0.07529% | s3:orth=1.0314,ratio=1.546%,hPct=0.001089%,rPct=0.4607% | s4:orth=2.6671,ratio=4.16%,hPct=0.001587%,rPct=28.1%|trial_s=0.238|total_s=162.7
PROGRESS|trial=440|sat=1|s1:orth=0.39338,ratio=0.6263%,hPct=0.001002%,rPct=0.1242% | s2:orth=0.45031,ratio=0.7116%,hPct=0.001013%,rPct=0.9205% | s3:orth=1.314,ratio=2.204%,hPct=0.00109%,rPct=10.08% | s4:orth=1.999,ratio=3.094%,hPct=0.001472%,rPct=21.43%|trial_s=0.364|total_s=166.0
PROGRESS|trial=450|sat=1|s1:orth=0.26835,ratio=0.4099%,hPct=0.001001%,rPct=0.03403% | s2:orth=0.35029,ratio=0.55%,hPct=0.001008%,rPct=0.5352% | s3:orth=0.83907,ratio=1.319%,hPct=0.001065%,rPct=4.491% | s4:orth=1.811,ratio=2.712%,hPct=0.001438%,rPct=1.624%|trial_s=0.226|total_s=169.3
PROGRESS|trial=460|sat=1|s1:orth=0.41602,ratio=0.6353%,hPct=0.001001%,rPct=0.03905% | s2:orth=0.58252,ratio=0.9294%,hPct=0.001007%,rPct=1.015% | s3:orth=0.57633,ratio=0.8992%,hPct=0.001043%,rPct=2.768% | s4:orth=1.1537,ratio=1.758%,hPct=0.00133%,rPct=9.959%|trial_s=0.335|total_s=173.1
PROGRESS|trial=470|sat=1|s1:orth=0.85589,ratio=1.396%,hPct=0.001004%,rPct=0.3041% | s2:orth=1.4763,ratio=2.22%,hPct=0.001018%,rPct=0.2768% | s3:orth=1.2116,ratio=1.892%,hPct=0.001069%,rPct=4.168% | s4:orth=1.414,ratio=2.205%,hPct=0.00137%,rPct=20.93%|trial_s=0.256|total_s=176.4
PROGRESS|trial=480|sat=1|s1:orth=0.52804,ratio=0.7934%,hPct=0.001001%,rPct=0.01402% | s2:orth=0.74904,ratio=1.12%,hPct=0.001009%,rPct=0.01413% | s3:orth=0.83472,ratio=1.267%,hPct=0.001055%,rPct=1.397% | s4:orth=1.317,ratio=2.066%,hPct=0.001349%,rPct=22.36%|trial_s=0.273|total_s=179.6
PROGRESS|trial=490|sat=1|s1:orth=0.3783,ratio=0.5673%,hPct=0.001001%,rPct=0.005004% | s2:orth=0.57238,ratio=0.9776%,hPct=0.001006%,rPct=0.7444% | s3:orth=0.6105,ratio=0.929%,hPct=0.001037%,rPct=1.076% | s4:orth=0.83159,ratio=1.301%,hPct=0.001259%,rPct=17.01%|trial_s=0.241|total_s=183.0
PROGRESS|trial=500|sat=1|s1:orth=0.5102,ratio=0.7879%,hPct=0.001009%,rPct=0.3974% | s2:orth=0.59407,ratio=0.9206%,hPct=0.001063%,rPct=3.295% | s3:orth=4.5624,ratio=7.161%,hPct=0.001558%,rPct=22.49% | s4:orth=11.15,ratio=16.7%,hPct=0.004104%,rPct=2.951%|trial_s=0.289|total_s=186.1
PROGRESS|trial=510|sat=1|s1:orth=0.65001,ratio=1.035%,hPct=0.001002%,rPct=0.1463% | s2:orth=0.621,ratio=0.9368%,hPct=0.00101%,rPct=0.1546% | s3:orth=0.62763,ratio=1.179%,hPct=0.001063%,rPct=10.18% | s4:orth=2.1724,ratio=3.37%,hPct=0.001506%,rPct=22.95%|trial_s=0.341|total_s=189.7
PROGRESS|trial=520|sat=1|s1:orth=0.52693,ratio=0.7895%,hPct=0.001002%,rPct=0.01203% | s2:orth=1.0488,ratio=1.698%,hPct=0.001015%,rPct=1.353% | s3:orth=1.142,ratio=1.784%,hPct=0.001071%,rPct=4.138% | s4:orth=1.5194,ratio=2.291%,hPct=0.001387%,rPct=5.458%|trial_s=0.343|total_s=193.1
PROGRESS|trial=530|sat=2|s1:orth=1.687,ratio=2.888%,hPct=0.001008%,rPct=1.132% | s2:orth=1.6778,ratio=2.618%,hPct=0.001031%,rPct=3.303% | s3:orth=1.6483,ratio=2.482%,hPct=0.001123%,rPct=1.42% | s4:orth=2.9007,ratio=4.335%,hPct=0.001626%,rPct=0.2651%|trial_s=0.338|total_s=196.3
PROGRESS|trial=540|sat=1|s1:orth=0.16401,ratio=0.2469%,hPct=0.001001%,rPct=0.008006% | s2:orth=0.30324,ratio=0.484%,hPct=0.001006%,rPct=0.5605% | s3:orth=0.76126,ratio=1.211%,hPct=0.001054%,rPct=4.49% | s4:orth=1.4219,ratio=2.312%,hPct=0.00137%,rPct=34.43%|trial_s=0.280|total_s=200.0
PROGRESS|trial=550|sat=1|s1:orth=0.2744,ratio=0.4894%,hPct=0.001002%,rPct=0.3428% | s2:orth=1.3868,ratio=2.106%,hPct=0.001021%,rPct=0.4932% | s3:orth=1.5489,ratio=2.461%,hPct=0.001087%,rPct=6.093% | s4:orth=1.6124,ratio=2.587%,hPct=0.001403%,rPct=32.93%|trial_s=0.307|total_s=203.3
PROGRESS|trial=560|sat=1|s1:orth=0.41786,ratio=0.6292%,hPct=0.001001%,rPct=0.01502% | s2:orth=0.58479,ratio=0.9399%,hPct=0.001008%,rPct=0.7097% | s3:orth=0.85613,ratio=1.348%,hPct=0.001052%,rPct=3.563% | s4:orth=1.1021,ratio=1.651%,hPct=0.001312%,rPct=1.555%|trial_s=0.285|total_s=206.7
PROGRESS|trial=570|sat=1|s1:orth=0.18796,ratio=0.2876%,hPct=0.001001%,rPct=0.01201% | s2:orth=0.52627,ratio=0.8076%,hPct=0.001005%,rPct=0.2362% | s3:orth=0.54388,ratio=0.8489%,hPct=0.001036%,rPct=2.26% | s4:orth=0.88953,ratio=1.368%,hPct=0.001272%,rPct=12.21%|trial_s=0.266|total_s=209.6
PROGRESS|trial=580|sat=2|s1:orth=0.6765,ratio=1.163%,hPct=0.001004%,rPct=0.53% | s2:orth=0.79763,ratio=1.219%,hPct=0.001024%,rPct=0.8079% | s3:orth=1.1783,ratio=1.764%,hPct=0.001136%,rPct=0.485% | s4:orth=4.832,ratio=7.573%,hPct=0.001981%,rPct=37.52%|trial_s=0.383|total_s=213.1
PROGRESS|trial=590|sat=1|s1:orth=0.59711,ratio=0.9425%,hPct=0.001003%,rPct=0.1765% | s2:orth=1.0432,ratio=1.64%,hPct=0.001016%,rPct=0.979% | s3:orth=1.3874,ratio=2.108%,hPct=0.001073%,rPct=1.778% | s4:orth=1.3526,ratio=2.044%,hPct=0.001355%,rPct=6.362%|trial_s=0.325|total_s=216.6
PROGRESS|trial=600|sat=1|s1:orth=0.97357,ratio=1.643%,hPct=0.001003%,rPct=0.3078% | s2:orth=1.2068,ratio=1.82%,hPct=0.001013%,rPct=0.1763% | s3:orth=0.996,ratio=1.533%,hPct=0.001058%,rPct=2.465% | s4:orth=1.1648,ratio=1.959%,hPct=0.001321%,rPct=38.01%|trial_s=0.357|total_s=220.0
PROGRESS|trial=610|sat=1|s1:orth=0.14103,ratio=0.2138%,hPct=0.001%,rPct=0.006003% | s2:orth=0.22341,ratio=0.3529%,hPct=0.001003%,rPct=0.1734% | s3:orth=0.3505,ratio=0.548%,hPct=0.001024%,rPct=1.647% | s4:orth=0.60571,ratio=1.005%,hPct=0.001213%,rPct=25.54%|trial_s=0.411|total_s=223.3
PROGRESS|trial=620|sat=1|s1:orth=0.51132,ratio=0.8085%,hPct=0.001001%,rPct=0.04204% | s2:orth=0.46424,ratio=0.6969%,hPct=0.001004%,rPct=0.03615% | s3:orth=0.58455,ratio=0.9333%,hPct=0.001028%,rPct=2.998% | s4:orth=0.52522,ratio=0.7976%,hPct=0.001193%,rPct=5.514%|trial_s=0.418|total_s=226.7
PROGRESS|trial=630|sat=1|s1:orth=0.1147,ratio=0.1758%,hPct=0.001001%,rPct=0.02603% | s2:orth=1.0437,ratio=1.876%,hPct=0.001012%,rPct=3.16% | s3:orth=1.0855,ratio=2.04%,hPct=0.001057%,rPct=12.2% | s4:orth=1.0719,ratio=1.607%,hPct=0.001303%,rPct=1.779%|trial_s=0.401|total_s=230.1
PROGRESS|trial=640|sat=1|s1:orth=0.50213,ratio=0.7963%,hPct=0.001002%,rPct=0.1322% | s2:orth=0.73445,ratio=1.117%,hPct=0.001011%,rPct=0.3285% | s3:orth=0.83142,ratio=1.25%,hPct=0.001062%,rPct=0.6318% | s4:orth=1.6569,ratio=2.746%,hPct=0.001412%,rPct=41.93%|trial_s=0.418|total_s=233.7
PROGRESS|trial=650|sat=1|s1:orth=0.52504,ratio=0.8777%,hPct=0.001002%,rPct=0.2666% | s2:orth=0.7456,ratio=1.124%,hPct=0.001016%,rPct=0.2042% | s3:orth=1.4943,ratio=2.246%,hPct=0.001093%,rPct=0.8724% | s4:orth=1.9106,ratio=3.177%,hPct=0.001454%,rPct=45.65%|trial_s=0.354|total_s=237.8
PROGRESS|trial=660|sat=1|s1:orth=0.62874,ratio=0.9631%,hPct=0.001002%,rPct=0.06511% | s2:orth=0.57611,ratio=1.076%,hPct=0.001011%,rPct=1.747% | s3:orth=1.0654,ratio=1.6%,hPct=0.001071%,rPct=0.6373% | s4:orth=1.6692,ratio=2.742%,hPct=0.001414%,rPct=39.78%|trial_s=0.419|total_s=242.5
PROGRESS|trial=670|sat=1|s1:orth=0.49256,ratio=0.7508%,hPct=0.001003%,rPct=0.1064% | s2:orth=0.79289,ratio=1.226%,hPct=0.001023%,rPct=1.037% | s3:orth=1.1307,ratio=1.787%,hPct=0.001132%,rPct=9.533% | s4:orth=4.7838,ratio=7.336%,hPct=0.001983%,rPct=22.96%|trial_s=0.297|total_s=246.7
PROGRESS|trial=680|sat=1|s1:orth=0.80172,ratio=1.225%,hPct=0.001007%,rPct=0.2053% | s2:orth=1.5073,ratio=2.29%,hPct=0.001038%,rPct=0.8644% | s3:orth=2.3264,ratio=3.485%,hPct=0.001156%,rPct=0.5875% | s4:orth=3.1919,ratio=5.076%,hPct=0.001675%,rPct=40.3%|trial_s=0.426|total_s=250.3
PROGRESS|trial=690|sat=1|s1:orth=0.26759,ratio=0.4364%,hPct=0.001002%,rPct=0.1503% | s2:orth=0.34974,ratio=0.5321%,hPct=0.001015%,rPct=0.4313% | s3:orth=0.48234,ratio=0.7314%,hPct=0.001131%,rPct=3.353% | s4:orth=11.15,ratio=16.66%,hPct=0.004104%,rPct=0.08208%|trial_s=0.328|total_s=253.8
PROGRESS|trial=700|sat=1|s1:orth=0.19567,ratio=0.3535%,hPct=0.002003%,rPct=0.1873% | s2:orth=0.72477,ratio=1.099%,hPct=0.001015%,rPct=0.3696% | s3:orth=1.4523,ratio=2.377%,hPct=0.001091%,rPct=8.602% | s4:orth=1.9189,ratio=3.218%,hPct=0.001458%,rPct=48.01%|trial_s=0.272|total_s=256.9
PROGRESS|trial=710|sat=1|s1:orth=0.30568,ratio=0.4791%,hPct=0.001001%,rPct=0.07008% | s2:orth=0.39777,ratio=0.5953%,hPct=0.001009%,rPct=0.02926% | s3:orth=0.67381,ratio=1.021%,hPct=0.001068%,rPct=1.554% | s4:orth=2.3504,ratio=3.657%,hPct=0.001532%,rPct=25.39%|trial_s=0.365|total_s=260.2
PROGRESS|trial=720|sat=1|s1:orth=0.64394,ratio=1.017%,hPct=0.001001%,rPct=0.07609% | s2:orth=0.6259,ratio=0.9371%,hPct=0.001006%,rPct=0.0161% | s3:orth=0.75015,ratio=1.157%,hPct=0.001037%,rPct=3.039% | s4:orth=0.64418,ratio=1.011%,hPct=0.001222%,rPct=15.87%|trial_s=0.289|total_s=263.8
PROGRESS|trial=730|sat=1|s1:orth=0.40411,ratio=0.641%,hPct=0.001002%,rPct=0.1252% | s2:orth=0.46295,ratio=0.7952%,hPct=0.001012%,rPct=1.651% | s3:orth=0.60896,ratio=0.9631%,hPct=0.001087%,rPct=6.813% | s4:orth=4.298,ratio=6.457%,hPct=0.001878%,rPct=5.288%|trial_s=0.428|total_s=267.2
PROGRESS|trial=740|sat=1|s1:orth=0.37446,ratio=0.6808%,hPct=0.002002%,rPct=0.1772% | s2:orth=0.41681,ratio=0.7007%,hPct=0.001008%,rPct=1.755% | s3:orth=0.39376,ratio=0.6487%,hPct=0.001056%,rPct=6.623% | s4:orth=2.9887,ratio=4.883%,hPct=0.001642%,rPct=49.55%|trial_s=0.462|total_s=271.4
PROGRESS|trial=750|sat=1|s1:orth=1.3409,ratio=2.275%,hPct=0.001004%,rPct=0.4448% | s2:orth=1.2995,ratio=2.001%,hPct=0.001017%,rPct=0.6335% | s3:orth=1.1507,ratio=1.749%,hPct=0.001069%,rPct=1.73% | s4:orth=1.3628,ratio=2.064%,hPct=0.001357%,rPct=7.561%|trial_s=0.305|total_s=274.9
PROGRESS|trial=760|sat=1|s1:orth=0.48252,ratio=0.7392%,hPct=0.001002%,rPct=0.08216% | s2:orth=0.53261,ratio=0.8074%,hPct=0.001011%,rPct=0.2781% | s3:orth=0.87289,ratio=1.523%,hPct=0.001076%,rPct=10.32% | s4:orth=2.2231,ratio=3.396%,hPct=0.001509%,rPct=14.98%|trial_s=0.290|total_s=278.5
PROGRESS|trial=770|sat=1|s1:orth=0.28136,ratio=0.4436%,hPct=0.001001%,rPct=0.05306% | s2:orth=0.40136,ratio=0.6408%,hPct=0.001007%,rPct=0.6195% | s3:orth=0.90004,ratio=1.622%,hPct=0.001054%,rPct=7.905% | s4:orth=1.1494,ratio=1.767%,hPct=0.00132%,rPct=13.69%|trial_s=0.350|total_s=282.1
PROGRESS|trial=780|sat=1|s1:orth=0.40991,ratio=0.6382%,hPct=0.001003%,rPct=0.1534% | s2:orth=0.67309,ratio=1.089%,hPct=0.001021%,rPct=1.955% | s3:orth=2.3469,ratio=3.576%,hPct=0.001132%,rPct=3.436% | s4:orth=2.3612,ratio=3.662%,hPct=0.001538%,rPct=24.02%|trial_s=0.285|total_s=285.4
PROGRESS|trial=790|sat=1|s1:orth=0.81971,ratio=1.24%,hPct=0.001002%,rPct=0.02203% | s2:orth=0.83874,ratio=1.318%,hPct=0.001007%,rPct=0.5743% | s3:orth=0.78725,ratio=1.194%,hPct=0.001036%,rPct=1.015% | s4:orth=0.63505,ratio=1.044%,hPct=0.00122%,rPct=24.85%|trial_s=0.318|total_s=289.1
PROGRESS|trial=800|sat=1|s1:orth=0.30788,ratio=0.5033%,hPct=0.001001%,rPct=0.05103% | s2:orth=0.31638,ratio=0.5403%,hPct=0.001005%,rPct=0.6289% | s3:orth=0.49148,ratio=0.7378%,hPct=0.001036%,rPct=0.3327% | s4:orth=0.99999,ratio=1.589%,hPct=0.001292%,rPct=23.5%|trial_s=0.402|total_s=292.6
PROGRESS|trial=810|sat=1|s1:orth=0.23439,ratio=0.4056%,hPct=0.001001%,rPct=0.1281% | s2:orth=0.49372,ratio=0.7481%,hPct=0.00101%,rPct=0.1787% | s3:orth=0.40933,ratio=0.6508%,hPct=0.001061%,rPct=5.227% | s4:orth=3.2473,ratio=5.035%,hPct=0.001687%,rPct=26.97%|trial_s=0.328|total_s=296.2
PROGRESS|trial=820|sat=1|s1:orth=0.69892,ratio=1.066%,hPct=0.001002%,rPct=0.05109% | s2:orth=0.60197,ratio=0.9018%,hPct=0.00101%,rPct=0.03938% | s3:orth=0.88572,ratio=1.422%,hPct=0.001059%,rPct=5.153% | s4:orth=1.3609,ratio=2.09%,hPct=0.001359%,rPct=14.19%|trial_s=0.256|total_s=300.5
PROGRESS|trial=830|sat=2|s1:orth=0.46141,ratio=0.7266%,hPct=0.001002%,rPct=0.2384% | s2:orth=0.4127,ratio=0.6513%,hPct=0.001013%,rPct=1.04% | s3:orth=1.6312,ratio=2.457%,hPct=0.001106%,rPct=1.286% | s4:orth=2.2774,ratio=3.454%,hPct=0.001516%,rPct=10.8%|trial_s=0.300|total_s=304.0
PROGRESS|trial=840|sat=1|s1:orth=0.22324,ratio=0.3421%,hPct=0.001001%,rPct=0.03303% | s2:orth=0.30689,ratio=0.4639%,hPct=0.001006%,rPct=0.1298% | s3:orth=0.63354,ratio=0.9611%,hPct=0.001056%,rPct=1.332% | s4:orth=1.7417,ratio=2.605%,hPct=0.001423%,rPct=0.6035%|trial_s=0.377|total_s=307.3
PROGRESS|trial=850|sat=1|s1:orth=0.25368,ratio=0.4035%,hPct=0.002003%,rPct=0.1302% | s2:orth=0.76909,ratio=1.222%,hPct=0.001014%,rPct=0.9909% | s3:orth=1.2205,ratio=1.991%,hPct=0.00107%,rPct=6.768% | s4:orth=1.4095,ratio=2.127%,hPct=0.001369%,rPct=5.841%|trial_s=0.285|total_s=310.6
PROGRESS|trial=860|sat=1|s1:orth=0.28133,ratio=0.443%,hPct=0.002002%,rPct=0.05005% | s2:orth=0.41477,ratio=0.6258%,hPct=0.001007%,rPct=0.1269% | s3:orth=0.81695,ratio=1.253%,hPct=0.001056%,rPct=2.203% | s4:orth=1.3465,ratio=2.22%,hPct=0.001355%,rPct=37.23%|trial_s=0.301|total_s=313.9
PROGRESS|trial=870|sat=1|s1:orth=0.22774,ratio=0.3499%,hPct=0.001002%,rPct=0.06109% | s2:orth=0.7178,ratio=1.145%,hPct=0.001014%,rPct=1.137% | s3:orth=1.3409,ratio=2.06%,hPct=0.001081%,rPct=3.223% | s4:orth=1.6733,ratio=2.588%,hPct=0.001413%,rPct=19.12%|trial_s=0.323|total_s=317.2
PROGRESS|trial=880|sat=1|s1:orth=0.38875,ratio=0.5954%,hPct=0.001001%,rPct=0.02001% | s2:orth=0.33242,ratio=0.4977%,hPct=0.001003%,rPct=0.01103% | s3:orth=0.45937,ratio=0.6989%,hPct=0.001024%,rPct=0.7011% | s4:orth=0.43709,ratio=0.7028%,hPct=0.001181%,rPct=17.54%|trial_s=0.389|total_s=320.3
PROGRESS|trial=890|sat=1|s1:orth=0.5251,ratio=0.8574%,hPct=0.001003%,rPct=0.2838% | s2:orth=0.97628,ratio=1.51%,hPct=0.00102%,rPct=0.9062% | s3:orth=1.6996,ratio=2.556%,hPct=0.001102%,rPct=0.9695% | s4:orth=1.9827,ratio=3.061%,hPct=0.001468%,rPct=20.05%|trial_s=0.300|total_s=323.8
PROGRESS|trial=900|sat=1|s1:orth=0.21581,ratio=0.4028%,hPct=0.002002%,rPct=0.1441% | s2:orth=0.69227,ratio=1.095%,hPct=0.001009%,rPct=0.6478% | s3:orth=0.90408,ratio=1.364%,hPct=0.001051%,rPct=0.797% | s4:orth=1.0668,ratio=1.642%,hPct=0.001302%,rPct=13.73%|trial_s=0.401|total_s=327.5
PROGRESS|trial=910|sat=1|s1:orth=0.44319,ratio=0.8168%,hPct=0.002004%,rPct=0.2645% | s2:orth=0.94851,ratio=1.426%,hPct=0.001012%,rPct=0.1387% | s3:orth=0.88135,ratio=1.348%,hPct=0.001062%,rPct=2.208% | s4:orth=1.5773,ratio=2.382%,hPct=0.001397%,rPct=6.625%|trial_s=0.335|total_s=331.3
PROGRESS|trial=920|sat=1|s1:orth=0.34622,ratio=0.5435%,hPct=0.001001%,rPct=0.07409% | s2:orth=0.85973,ratio=1.31%,hPct=0.00101%,rPct=0.3262% | s3:orth=0.85027,ratio=1.346%,hPct=0.001052%,rPct=3.863% | s4:orth=1.1336,ratio=1.771%,hPct=0.001319%,rPct=19.7%|trial_s=0.329|total_s=335.0
PROGRESS|trial=930|sat=1|s1:orth=0.5765,ratio=0.8989%,hPct=0.001002%,rPct=0.1042% | s2:orth=0.73601,ratio=1.133%,hPct=0.001011%,rPct=0.4895% | s3:orth=0.94047,ratio=1.464%,hPct=0.001066%,rPct=3.772% | s4:orth=1.6587,ratio=2.627%,hPct=0.001411%,rPct=28.83%|trial_s=0.352|total_s=338.6
PROGRESS|trial=940|sat=1|s1:orth=0.16886,ratio=0.2688%,hPct=0.001001%,rPct=0.08808% | s2:orth=1.0575,ratio=1.653%,hPct=0.001011%,rPct=0.6458% | s3:orth=0.97436,ratio=1.512%,hPct=0.001052%,rPct=2.7% | s4:orth=1.0016,ratio=1.514%,hPct=0.001291%,rPct=5.787%|trial_s=0.335|total_s=342.5
PROGRESS|trial=950|sat=1|s1:orth=0.23103,ratio=0.37%,hPct=0.001002%,rPct=0.1734% | s2:orth=0.35973,ratio=0.5379%,hPct=0.001022%,rPct=0.02454% | s3:orth=3.5888,ratio=5.722%,hPct=0.001187%,rPct=26.79% | s4:orth=2.7559,ratio=4.469%,hPct=0.001597%,rPct=45.53%|trial_s=0.393|total_s=345.9
PROGRESS|trial=960|sat=1|s1:orth=0.40385,ratio=0.6548%,hPct=0.001%,rPct=0.06803% | s2:orth=0.35322,ratio=0.5395%,hPct=0.001003%,rPct=0.08224% | s3:orth=0.33912,ratio=0.5199%,hPct=0.00102%,rPct=0.812% | s4:orth=0.45853,ratio=0.7332%,hPct=0.00118%,rPct=16.6%|trial_s=0.325|total_s=349.3
PROGRESS|trial=970|sat=1|s1:orth=0.058826,ratio=0.09656%,hPct=0.001001%,rPct=0.06507% | s2:orth=0.87592,ratio=1.493%,hPct=0.001016%,rPct=1.957% | s3:orth=1.3139,ratio=2.016%,hPct=0.001083%,rPct=3.254% | s4:orth=1.8392,ratio=2.78%,hPct=0.001438%,rPct=7.648%|trial_s=0.397|total_s=353.1
PROGRESS|trial=980|sat=1|s1:orth=0.21136,ratio=0.3294%,hPct=0.001004%,rPct=0.2118% | s2:orth=1.9576,ratio=2.949%,hPct=0.001041%,rPct=0.4809% | s3:orth=2.5043,ratio=3.807%,hPct=0.001152%,rPct=3.275% | s4:orth=2.7541,ratio=4.25%,hPct=0.001608%,rPct=22.69%|trial_s=0.318|total_s=356.2
PROGRESS|trial=990|sat=1|s1:orth=0.66413,ratio=1.037%,hPct=0.001002%,rPct=0.1172% | s2:orth=0.68821,ratio=1.084%,hPct=0.00101%,rPct=0.7143% | s3:orth=1.0235,ratio=1.564%,hPct=0.001059%,rPct=1.942% | s4:orth=1.145,ratio=1.953%,hPct=0.001323%,rPct=39.67%|trial_s=0.414|total_s=359.5
PROGRESS|trial=1000|sat=1|s1:orth=1.0631,ratio=1.68%,hPct=0.001011%,rPct=0.7541% | s2:orth=1.2656,ratio=1.959%,hPct=0.001052%,rPct=2.405% | s3:orth=1.465,ratio=2.276%,hPct=0.001255%,rPct=12.82% | s4:orth=11.15,ratio=16.89%,hPct=0.004104%,rPct=14.88%|trial_s=0.378|total_s=363.0
PROGRESS|trial=1010|sat=1|s1:orth=0.086752,ratio=0.1365%,hPct=0.002002%,rPct=0.03903% | s2:orth=0.9419,ratio=1.417%,hPct=0.001012%,rPct=0.1215% | s3:orth=1.203,ratio=1.884%,hPct=0.001063%,rPct=4.003% | s4:orth=1.1994,ratio=1.817%,hPct=0.001326%,rPct=7.213%|trial_s=0.339|total_s=366.5
PROGRESS|trial=1020|sat=1|s1:orth=0.2608,ratio=0.4695%,hPct=0.001001%,rPct=0.09807% | s2:orth=0.59939,ratio=0.897%,hPct=0.001006%,rPct=0.02514% | s3:orth=0.63618,ratio=0.9643%,hPct=0.001034%,rPct=0.7683% | s4:orth=0.66337,ratio=1.024%,hPct=0.001225%,rPct=11.59%|trial_s=0.324|total_s=370.6
PROGRESS|trial=1030|sat=1|s1:orth=0.83572,ratio=1.285%,hPct=0.001004%,rPct=0.1717% | s2:orth=1.1279,ratio=1.689%,hPct=0.001023%,rPct=0.07669% | s3:orth=1.4389,ratio=2.466%,hPct=0.001099%,rPct=11.39% | s4:orth=2.1627,ratio=3.455%,hPct=0.001498%,rPct=36.01%|trial_s=0.458|total_s=373.9
PROGRESS|trial=1040|sat=1|s1:orth=0.33169,ratio=0.5104%,hPct=0.001001%,rPct=0.02101% | s2:orth=0.47343,ratio=0.7705%,hPct=0.001004%,rPct=0.5% | s3:orth=0.50551,ratio=0.832%,hPct=0.001027%,rPct=2.947% | s4:orth=0.54541,ratio=0.8577%,hPct=0.0012%,rPct=14.87%|trial_s=0.406|total_s=377.6
PROGRESS|trial=1050|sat=1|s1:orth=0.37139,ratio=0.5933%,hPct=0.001001%,rPct=0.1142% | s2:orth=0.92936,ratio=1.428%,hPct=0.00202%,rPct=0.4323% | s3:orth=0.94631,ratio=1.521%,hPct=0.001051%,rPct=4.544% | s4:orth=1.0087,ratio=1.738%,hPct=0.001292%,rPct=38.83%|trial_s=0.328|total_s=381.5
PROGRESS|trial=1060|sat=1|s1:orth=0.34185,ratio=0.6122%,hPct=0.001002%,rPct=0.3357% | s2:orth=0.41994,ratio=0.6289%,hPct=0.001019%,rPct=0.07134% | s3:orth=2.1738,ratio=3.362%,hPct=0.001152%,rPct=6.487% | s4:orth=3.2596,ratio=5.006%,hPct=0.001685%,rPct=21.29%|trial_s=0.285|total_s=385.4
PROGRESS|trial=1070|sat=1|s1:orth=0.3484,ratio=0.5763%,hPct=0.001001%,rPct=0.1051% | s2:orth=0.67526,ratio=1.065%,hPct=0.001007%,rPct=0.5529% | s3:orth=0.82559,ratio=1.277%,hPct=0.001043%,rPct=4.23% | s4:orth=0.82391,ratio=1.238%,hPct=0.001258%,rPct=2.627%|trial_s=0.376|total_s=389.3
PROGRESS|trial=1080|sat=1|s1:orth=0.38051,ratio=0.5739%,hPct=0.001001%,rPct=0.007005% | s2:orth=0.50318,ratio=0.7556%,hPct=0.001005%,rPct=0.04118% | s3:orth=0.53178,ratio=0.9469%,hPct=0.001033%,rPct=4.489% | s4:orth=0.67029,ratio=1.041%,hPct=0.001229%,rPct=13.19%|trial_s=0.295|total_s=392.9
PROGRESS|trial=1090|sat=1|s1:orth=0.30516,ratio=0.5125%,hPct=0.001001%,rPct=0.1182% | s2:orth=0.72955,ratio=1.211%,hPct=0.001009%,rPct=0.9058% | s3:orth=0.92012,ratio=1.616%,hPct=0.001046%,rPct=8.778% | s4:orth=0.85062,ratio=1.275%,hPct=0.001263%,rPct=1.63%|trial_s=0.441|total_s=396.4
PROGRESS|trial=1100|sat=1|s1:orth=0.27263,ratio=0.4192%,hPct=0.001001%,rPct=0.05506% | s2:orth=0.49876,ratio=0.7546%,hPct=0.001009%,rPct=0.1897% | s3:orth=1.2587,ratio=1.901%,hPct=0.001062%,rPct=1.022% | s4:orth=1.0782,ratio=1.663%,hPct=0.001309%,rPct=14.44%|trial_s=0.308|total_s=400.4
PROGRESS|trial=1110|sat=1|s1:orth=0.84178,ratio=1.403%,hPct=0.001002%,rPct=0.437% | s2:orth=0.79575,ratio=1.579%,hPct=0.001012%,rPct=3.321% | s3:orth=0.92327,ratio=1.434%,hPct=0.001063%,rPct=3.532% | s4:orth=1.5086,ratio=2.336%,hPct=0.001389%,rPct=18.73%|trial_s=0.359|total_s=404.1
PROGRESS|trial=1120|sat=1|s1:orth=0.38737,ratio=0.6183%,hPct=0.001001%,rPct=0.09711% | s2:orth=0.61768,ratio=1.088%,hPct=0.001009%,rPct=1.352% | s3:orth=0.68247,ratio=1.028%,hPct=0.001058%,rPct=0.7298% | s4:orth=1.716,ratio=2.586%,hPct=0.001422%,rPct=5.405%|trial_s=0.274|total_s=408.0
PROGRESS|trial=1130|sat=2|s1:orth=0.30421,ratio=0.4722%,hPct=0.002009%,rPct=0.2581% | s2:orth=2.2796,ratio=3.739%,hPct=0.001042%,rPct=3.622% | s3:orth=2.5336,ratio=4.243%,hPct=0.001143%,rPct=13.55% | s4:orth=2.4711,ratio=3.758%,hPct=0.001553%,rPct=12.91%|trial_s=0.372|total_s=411.5
PROGRESS|trial=1140|sat=1|s1:orth=0.22794,ratio=0.4712%,hPct=0.003004%,rPct=0.2313% | s2:orth=0.4564,ratio=0.7785%,hPct=0.001012%,rPct=1.629% | s3:orth=0.81099,ratio=1.242%,hPct=0.001092%,rPct=3.438% | s4:orth=3.3181,ratio=5.442%,hPct=0.001715%,rPct=53.2%|trial_s=0.315|total_s=414.9
PROGRESS|trial=1150|sat=1|s1:orth=0.62711,ratio=1.117%,hPct=0.001001%,rPct=0.4146% | s2:orth=0.55138,ratio=0.8902%,hPct=0.001009%,rPct=0.7929% | s3:orth=0.70762,ratio=1.063%,hPct=0.001052%,rPct=0.4343% | s4:orth=1.4087,ratio=2.128%,hPct=0.001366%,rPct=6.409%|trial_s=0.368|total_s=418.6
PROGRESS|trial=1160|sat=1|s1:orth=0.22569,ratio=0.3773%,hPct=0.001001%,rPct=0.1422% | s2:orth=0.79277,ratio=1.209%,hPct=0.001012%,rPct=0.343% | s3:orth=0.94334,ratio=1.525%,hPct=0.001062%,rPct=5.765% | s4:orth=1.4386,ratio=2.183%,hPct=0.001375%,rPct=8.852%|trial_s=0.315|total_s=422.5
PROGRESS|trial=1170|sat=1|s1:orth=0.31976,ratio=0.4891%,hPct=0.001001%,rPct=0.03605% | s2:orth=0.37112,ratio=0.5805%,hPct=0.001009%,rPct=0.5973% | s3:orth=1.3457,ratio=2.042%,hPct=0.001075%,rPct=1.687% | s4:orth=1.453,ratio=2.213%,hPct=0.001373%,rPct=10.92%|trial_s=0.316|total_s=425.8
PROGRESS|trial=1180|sat=1|s1:orth=0.3555,ratio=0.5324%,hPct=0.001001%,rPct=0.007007% | s2:orth=0.56021,ratio=0.852%,hPct=0.001007%,rPct=0.2033% | s3:orth=0.81124,ratio=1.27%,hPct=0.001043%,rPct=2.902% | s4:orth=0.85588,ratio=1.355%,hPct=0.001265%,rPct=20.72%|trial_s=0.508|total_s=429.4
PROGRESS|trial=1190|sat=1|s1:orth=0.4007,ratio=0.6173%,hPct=0.002004%,rPct=0.06513% | s2:orth=0.46716,ratio=0.7061%,hPct=0.001013%,rPct=0.2198% | s3:orth=1.3135,ratio=2.122%,hPct=0.001097%,rPct=8.438% | s4:orth=2.366,ratio=3.633%,hPct=0.001536%,rPct=18.51%|trial_s=0.298|total_s=433.2
PROGRESS|trial=1200|sat=1|s1:orth=0.83072,ratio=1.364%,hPct=0.001002%,rPct=0.2354% | s2:orth=0.8217,ratio=1.268%,hPct=0.001009%,rPct=0.4045% | s3:orth=0.90949,ratio=1.484%,hPct=0.001048%,rPct=4.848% | s4:orth=0.93163,ratio=1.424%,hPct=0.001279%,rPct=9.986%|trial_s=0.445|total_s=436.8
PROGRESS|trial=1210|sat=1|s1:orth=0.10444,ratio=0.1565%,hPct=0.001001%,rPct=0.001001% | s2:orth=0.4792,ratio=0.7676%,hPct=0.001007%,rPct=0.6809% | s3:orth=0.4842,ratio=0.7587%,hPct=0.001052%,rPct=3.532% | s4:orth=2.0208,ratio=3.112%,hPct=0.001474%,rPct=18.74%|trial_s=0.348|total_s=440.4
PROGRESS|trial=1220|sat=1|s1:orth=0.18165,ratio=0.2715%,hPct=0.001003%,rPct=0.002007% | s2:orth=1.342,ratio=2.03%,hPct=0.001037%,rPct=0.6605% | s3:orth=2.9511,ratio=4.698%,hPct=0.001167%,rPct=10.06% | s4:orth=2.7056,ratio=4.156%,hPct=0.001592%,rPct=19.68%|trial_s=0.395|total_s=443.7
PROGRESS|trial=1230|sat=1|s1:orth=1.0597,ratio=1.68%,hPct=0.001004%,rPct=0.2861% | s2:orth=1.078,ratio=1.793%,hPct=0.001016%,rPct=1.742% | s3:orth=1.0824,ratio=1.936%,hPct=0.001078%,rPct=11.07% | s4:orth=1.9222,ratio=2.927%,hPct=0.001457%,rPct=12.22%|trial_s=0.509|total_s=447.1
PROGRESS|trial=1240|sat=1|s1:orth=0.44256,ratio=0.6883%,hPct=0.001002%,rPct=0.0942% | s2:orth=0.71365,ratio=1.223%,hPct=0.001014%,rPct=1.67% | s3:orth=0.88542,ratio=1.516%,hPct=0.001073%,rPct=9.181% | s4:orth=1.9705,ratio=2.95%,hPct=0.001467%,rPct=1.314%|trial_s=0.249|total_s=450.6
PROGRESS|trial=1250|sat=1|s1:orth=0.50211,ratio=0.7726%,hPct=0.001001%,rPct=0.03004% | s2:orth=0.4826,ratio=0.7289%,hPct=0.001006%,rPct=0.1177% | s3:orth=0.76493,ratio=1.189%,hPct=0.001041%,rPct=2.359% | s4:orth=0.82893,ratio=1.252%,hPct=0.001259%,rPct=4.651%|trial_s=0.413|total_s=454.5
PROGRESS|trial=1260|sat=1|s1:orth=0.35522,ratio=0.6074%,hPct=0.001001%,rPct=0.08005% | s2:orth=0.40189,ratio=0.6431%,hPct=0.001004%,rPct=0.3675% | s3:orth=0.64141,ratio=0.9683%,hPct=0.001031%,rPct=1.064% | s4:orth=0.56964,ratio=0.9105%,hPct=0.001204%,rPct=18.9%|trial_s=0.390|total_s=458.2
PROGRESS|trial=1270|sat=1|s1:orth=0.47955,ratio=0.7765%,hPct=0.001002%,rPct=0.2104% | s2:orth=0.48358,ratio=0.7591%,hPct=0.001011%,rPct=0.7869% | s3:orth=0.56754,ratio=0.8691%,hPct=0.001082%,rPct=3.218% | s4:orth=4.0397,ratio=6.563%,hPct=0.001833%,rPct=53.06%|trial_s=0.478|total_s=461.8
PROGRESS|trial=1280|sat=1|s1:orth=0.2945,ratio=0.5243%,hPct=0.001002%,rPct=0.2114% | s2:orth=0.38328,ratio=0.5822%,hPct=0.001012%,rPct=0.2348% | s3:orth=0.96191,ratio=1.482%,hPct=0.001085%,rPct=3.712% | s4:orth=2.4164,ratio=3.747%,hPct=0.00154%,rPct=24.37%|trial_s=0.408|total_s=465.4
PROGRESS|trial=1290|sat=2|s1:orth=0.26375,ratio=0.4014%,hPct=0.001006%,rPct=0.1559% | s2:orth=0.44394,ratio=0.6656%,hPct=0.001055%,rPct=0.309% | s3:orth=4.721,ratio=7.204%,hPct=0.001569%,rPct=11.15% | s4:orth=11.15,ratio=16.98%,hPct=0.004104%,rPct=20.7%|trial_s=0.331|total_s=469.0
PROGRESS|trial=1300|sat=1|s1:orth=0.67039,ratio=1.084%,hPct=0.002003%,rPct=0.1292% | s2:orth=0.78085,ratio=1.271%,hPct=0.001008%,rPct=0.9991% | s3:orth=0.79933,ratio=1.213%,hPct=0.001045%,rPct=1.156% | s4:orth=0.95495,ratio=1.544%,hPct=0.001282%,rPct=27.22%|trial_s=0.540|total_s=473.3
PROGRESS|trial=1310|sat=1|s1:orth=1.0192,ratio=1.552%,hPct=0.001003%,rPct=0.05616% | s2:orth=0.88837,ratio=1.331%,hPct=0.001011%,rPct=0.06068% | s3:orth=0.96963,ratio=1.467%,hPct=0.00106%,rPct=1.226% | s4:orth=1.3456,ratio=2.039%,hPct=0.001352%,rPct=7.954%|trial_s=0.600|total_s=478.1
PROGRESS|trial=1320|sat=1|s1:orth=0.33297,ratio=0.555%,hPct=0.001002%,rPct=0.1894% | s2:orth=0.9673,ratio=1.447%,hPct=0.001015%,rPct=0.02537% | s3:orth=1.2131,ratio=1.858%,hPct=0.001075%,rPct=2.692% | s4:orth=1.6214,ratio=2.461%,hPct=0.001404%,rPct=9.455%|trial_s=0.361|total_s=482.5
PROGRESS|trial=1330|sat=1|s1:orth=0.33512,ratio=0.5213%,hPct=0.001001%,rPct=0.04304% | s2:orth=0.75393,ratio=1.249%,hPct=0.001007%,rPct=1.296% | s3:orth=0.67263,ratio=1.314%,hPct=0.001034%,rPct=11.59% | s4:orth=0.68354,ratio=1.143%,hPct=0.001229%,rPct=28.28%|trial_s=0.290|total_s=486.3
PROGRESS|trial=1340|sat=1|s1:orth=0.42396,ratio=0.6756%,hPct=0.001001%,rPct=0.05303% | s2:orth=0.43567,ratio=0.6733%,hPct=0.001004%,rPct=0.2752% | s3:orth=0.60594,ratio=0.9732%,hPct=0.001035%,rPct=3.176% | s4:orth=0.72003,ratio=1.113%,hPct=0.001237%,rPct=12.42%|trial_s=0.345|total_s=491.1
PROGRESS|trial=1350|sat=1|s1:orth=0.47914,ratio=0.8048%,hPct=0.001001%,rPct=0.2293% | s2:orth=0.38281,ratio=0.6194%,hPct=0.001008%,rPct=0.6089% | s3:orth=0.75571,ratio=1.219%,hPct=0.00105%,rPct=4.62% | s4:orth=1.1781,ratio=2.084%,hPct=0.001324%,rPct=44.5%|trial_s=0.436|total_s=496.0
PROGRESS|trial=1360|sat=1|s1:orth=0.25324,ratio=0.3874%,hPct=0.001001%,rPct=0.04205% | s2:orth=0.52559,ratio=0.8094%,hPct=0.001011%,rPct=0.4912% | s3:orth=1.1387,ratio=1.712%,hPct=0.001073%,rPct=0.7382% | s4:orth=1.6402,ratio=2.637%,hPct=0.001404%,rPct=33.59%|trial_s=0.524|total_s=500.4
PROGRESS|trial=1370|sat=1|s1:orth=0.49619,ratio=0.7605%,hPct=0.001001%,rPct=0.01501% | s2:orth=0.47653,ratio=0.7314%,hPct=0.001004%,rPct=0.1555% | s3:orth=0.47012,ratio=0.7084%,hPct=0.001026%,rPct=0.4071% | s4:orth=0.54058,ratio=0.8608%,hPct=0.001199%,rPct=17.61%|trial_s=0.540|total_s=506.2
PROGRESS|trial=1380|sat=1|s1:orth=0.17934,ratio=0.2793%,hPct=0.001006%,rPct=0.3621% | s2:orth=1.7433,ratio=2.625%,hPct=0.00107%,rPct=0.7267% | s3:orth=1.8836,ratio=2.826%,hPct=0.001298%,rPct=1.914% | s4:orth=11.15,ratio=16.86%,hPct=0.004104%,rPct=13.09%|trial_s=0.316|total_s=513.3
PROGRESS|trial=1390|sat=1|s1:orth=0.77428,ratio=1.173%,hPct=0.001005%,rPct=0.09046% | s2:orth=0.89431,ratio=1.35%,hPct=0.001026%,rPct=0.4947% | s3:orth=0.81867,ratio=1.234%,hPct=0.001147%,rPct=2.012% | s4:orth=7.9038,ratio=11.97%,hPct=0.002751%,rPct=13.99%|trial_s=0.515|total_s=517.8
PROGRESS|trial=1400|sat=1|s1:orth=0.37449,ratio=0.6017%,hPct=0.001003%,rPct=0.2548% | s2:orth=0.90908,ratio=1.412%,hPct=0.001023%,rPct=1.23% | s3:orth=1.776,ratio=2.67%,hPct=0.001122%,rPct=1.073% | s4:orth=2.663,ratio=4.034%,hPct=0.001586%,rPct=10.61%|trial_s=0.580|total_s=523.1
PROGRESS|trial=1410|sat=1|s1:orth=0.3561,ratio=0.5376%,hPct=0.001001%,rPct=0.01602% | s2:orth=0.49411,ratio=0.9489%,hPct=0.001006%,rPct=1.301% | s3:orth=0.59458,ratio=0.9342%,hPct=0.001042%,rPct=2.905% | s4:orth=1.0738,ratio=1.746%,hPct=0.001303%,rPct=30.01%|trial_s=0.775|total_s=529.2
PROGRESS|trial=1420|sat=2|s1:orth=0.11883,ratio=0.186%,hPct=0.001003%,rPct=0.1785% | s2:orth=0.91694,ratio=1.482%,hPct=0.001042%,rPct=3.804% | s3:orth=1.3735,ratio=2.09%,hPct=0.001242%,rPct=6.575% | s4:orth=11.15,ratio=17.01%,hPct=0.004104%,rPct=22.2%|trial_s=0.452|total_s=534.5
PROGRESS|trial=1430|sat=1|s1:orth=0.087805,ratio=0.1478%,hPct=0.001%,rPct=0.03101% | s2:orth=0.1818,ratio=0.3398%,hPct=0.001004%,rPct=0.5902% | s3:orth=0.31174,ratio=0.4659%,hPct=0.001037%,rPct=0.01244% | s4:orth=1.5965,ratio=2.39%,hPct=0.001399%,rPct=1.312%|trial_s=0.562|total_s=538.8
PROGRESS|trial=1440|sat=1|s1:orth=0.35756,ratio=0.5414%,hPct=0.001001%,rPct=0.01601% | s2:orth=0.38631,ratio=0.662%,hPct=0.001006%,rPct=1.233% | s3:orth=0.41375,ratio=0.7025%,hPct=0.001041%,rPct=5.363% | s4:orth=1.4063,ratio=2.206%,hPct=0.001366%,rPct=23.45%|trial_s=0.433|total_s=543.0
PROGRESS|trial=1450|sat=1|s1:orth=0.26404,ratio=0.3968%,hPct=0.001001%,rPct=0.01001% | s2:orth=0.31974,ratio=0.5124%,hPct=0.001007%,rPct=0.5566% | s3:orth=0.4021,ratio=0.6361%,hPct=0.001055%,rPct=4.365% | s4:orth=2.7022,ratio=4.117%,hPct=0.001592%,rPct=14.52%|trial_s=0.514|total_s=547.2
PROGRESS|trial=1460|sat=1|s1:orth=0.14371,ratio=0.2169%,hPct=0.001%,rPct=0.004002% | s2:orth=0.1367,ratio=0.2154%,hPct=0.001004%,rPct=0.2399% | s3:orth=0.97893,ratio=1.599%,hPct=0.001046%,rPct=5.604% | s4:orth=0.82057,ratio=1.247%,hPct=0.001255%,rPct=7.288%|trial_s=0.339|total_s=552.0
PROGRESS|trial=1470|sat=1|s1:orth=0.28767,ratio=0.5273%,hPct=0.001001%,rPct=0.1151% | s2:orth=0.29341,ratio=0.5023%,hPct=0.001004%,rPct=0.526% | s3:orth=0.54914,ratio=0.8634%,hPct=0.001035%,rPct=2.522% | s4:orth=0.83382,ratio=1.352%,hPct=0.00126%,rPct=25.99%|trial_s=0.364|total_s=556.4
PROGRESS|trial=1480|sat=1|s1:orth=0.50026,ratio=0.8986%,hPct=0.001001%,rPct=0.2153% | s2:orth=0.62453,ratio=1.127%,hPct=0.001009%,rPct=1.764% | s3:orth=0.71062,ratio=1.083%,hPct=0.001053%,rPct=1.664% | s4:orth=1.3963,ratio=2.237%,hPct=0.001367%,rPct=30.17%|trial_s=0.274|total_s=560.4
PROGRESS|trial=1490|sat=2|s1:orth=0.1701,ratio=0.2708%,hPct=0.001001%,rPct=0.08109% | s2:orth=0.6515,ratio=1.068%,hPct=0.001011%,rPct=1.251% | s3:orth=1.1437,ratio=1.773%,hPct=0.001071%,rPct=3.625% | s4:orth=1.5762,ratio=2.36%,hPct=0.001395%,rPct=1.274%|trial_s=0.597|total_s=565.2
PROGRESS|trial=1500|sat=1|s1:orth=0.41382,ratio=0.625%,hPct=0.001001%,rPct=0.01301% | s2:orth=0.45,ratio=0.7075%,hPct=0.001004%,rPct=0.259% | s3:orth=0.45312,ratio=0.7831%,hPct=0.001027%,rPct=3.819% | s4:orth=0.6039,ratio=0.9045%,hPct=0.001213%,rPct=0.9907%|trial_s=0.679|total_s=569.6
PROGRESS|trial=1510|sat=1|s1:orth=0.60347,ratio=0.9139%,hPct=0.001001%,rPct=0.03203% | s2:orth=0.59343,ratio=0.9561%,hPct=0.001006%,rPct=0.9066% | s3:orth=0.58343,ratio=0.9224%,hPct=0.001038%,rPct=2.965% | s4:orth=0.94827,ratio=1.63%,hPct=0.001283%,rPct=37.38%|trial_s=0.401|total_s=574.1
PROGRESS|trial=1520|sat=1|s1:orth=0.42305,ratio=0.7849%,hPct=0.001001%,rPct=0.1341% | s2:orth=0.52407,ratio=0.9297%,hPct=0.001007%,rPct=0.9652% | s3:orth=0.88728,ratio=1.374%,hPct=0.001044%,rPct=2.338% | s4:orth=0.8221,ratio=1.286%,hPct=0.001257%,rPct=17.05%|trial_s=0.589|total_s=578.6
PROGRESS|trial=1530|sat=1|s1:orth=0.46694,ratio=0.7961%,hPct=0.001001%,rPct=0.1101% | s2:orth=0.47816,ratio=0.7663%,hPct=0.001004%,rPct=0.4811% | s3:orth=0.48404,ratio=0.7389%,hPct=0.00103%,rPct=0.9403% | s4:orth=0.67814,ratio=1.025%,hPct=0.001228%,rPct=4.65%|trial_s=0.477|total_s=582.7
PROGRESS|trial=1540|sat=1|s1:orth=0.24509,ratio=0.3731%,hPct=0.001001%,rPct=0.01901% | s2:orth=0.28522,ratio=0.4495%,hPct=0.001005%,rPct=0.3508% | s3:orth=0.51808,ratio=0.7785%,hPct=0.001047%,rPct=0.4647% | s4:orth=1.5455,ratio=2.319%,hPct=0.00139%,rPct=2.546%|trial_s=0.486|total_s=586.7
PROGRESS|trial=1550|sat=1|s1:orth=0.2097,ratio=0.3552%,hPct=0.001%,rPct=0.03902% | s2:orth=0.26055,ratio=0.4143%,hPct=0.001003%,rPct=0.2629% | s3:orth=0.48527,ratio=0.8164%,hPct=0.00103%,rPct=3.747% | s4:orth=0.69414,ratio=1.058%,hPct=0.001232%,rPct=7.609%|trial_s=0.368|total_s=590.8
PROGRESS|trial=1560|sat=1|s1:orth=0.49185,ratio=0.7585%,hPct=0.001001%,rPct=0.05908% | s2:orth=0.71263,ratio=1.081%,hPct=0.001009%,rPct=0.221% | s3:orth=0.73285,ratio=1.161%,hPct=0.001051%,rPct=4.03% | s4:orth=1.307,ratio=1.956%,hPct=0.001352%,rPct=0.999%|trial_s=0.578|total_s=595.2
PROGRESS|trial=1570|sat=1|s1:orth=0.21486,ratio=0.3865%,hPct=0.001001%,rPct=0.1602% | s2:orth=0.82711,ratio=1.332%,hPct=0.00101%,rPct=0.9305% | s3:orth=1.1373,ratio=1.738%,hPct=0.001056%,rPct=1.853% | s4:orth=1.0129,ratio=1.615%,hPct=0.001291%,rPct=24.39%|trial_s=0.254|total_s=600.0
PROGRESS|trial=1580|sat=1|s1:orth=0.98132,ratio=1.728%,hPct=0.001007%,rPct=0.8928% | s2:orth=1.9482,ratio=3.102%,hPct=0.001032%,rPct=2.309% | s3:orth=1.8282,ratio=2.853%,hPct=0.001119%,rPct=6.306% | s4:orth=2.4888,ratio=3.879%,hPct=0.001553%,rPct=27.26%|trial_s=0.363|total_s=604.5
PROGRESS|trial=1590|sat=1|s1:orth=0.29848,ratio=0.5303%,hPct=0.001001%,rPct=0.1191% | s2:orth=0.2902,ratio=0.4428%,hPct=0.001005%,rPct=0.1719% | s3:orth=0.48943,ratio=0.7423%,hPct=0.001044%,rPct=1.114% | s4:orth=1.4868,ratio=2.315%,hPct=0.001379%,rPct=20.98%|trial_s=0.455|total_s=608.8
PROGRESS|trial=1600|sat=1|s1:orth=0.45779,ratio=0.9754%,hPct=0.001001%,rPct=0.3313% | s2:orth=0.4216,ratio=0.6411%,hPct=0.001005%,rPct=0.1447% | s3:orth=0.68928,ratio=1.05%,hPct=0.001039%,rPct=1.197% | s4:orth=0.80332,ratio=1.34%,hPct=0.001253%,rPct=30.35%|trial_s=0.729|total_s=614.1
PROGRESS|trial=1610|sat=1|s1:orth=0.22288,ratio=0.3525%,hPct=0.001005%,rPct=0.3255% | s2:orth=0.97989,ratio=1.62%,hPct=0.001047%,rPct=4.958% | s3:orth=3.2361,ratio=4.97%,hPct=0.001262%,rPct=7.95% | s4:orth=5.2765,ratio=8.801%,hPct=0.00208%,rPct=66.25%|trial_s=0.639|total_s=619.6
PROGRESS|trial=1620|sat=1|s1:orth=0.21294,ratio=0.3307%,hPct=0.001001%,rPct=0.04605% | s2:orth=0.2602,ratio=0.3946%,hPct=0.001008%,rPct=0.1966% | s3:orth=1.5604,ratio=2.399%,hPct=0.001084%,rPct=5.832% | s4:orth=1.5306,ratio=2.325%,hPct=0.001388%,rPct=9.74%|trial_s=0.457|total_s=624.1
PROGRESS|trial=1630|sat=1|s1:orth=0.38018,ratio=0.6376%,hPct=0.001002%,rPct=0.1753% | s2:orth=0.93063,ratio=1.398%,hPct=0.001011%,rPct=0.08288% | s3:orth=1.1484,ratio=1.743%,hPct=0.001053%,rPct=1.858% | s4:orth=0.8863,ratio=1.431%,hPct=0.001274%,rPct=26.03%|trial_s=0.440|total_s=628.0
PROGRESS|trial=1640|sat=1|s1:orth=0.095001,ratio=0.1521%,hPct=0.001001%,rPct=0.02902% | s2:orth=0.52494,ratio=0.7854%,hPct=0.001006%,rPct=0.01006% | s3:orth=0.6326,ratio=0.9802%,hPct=0.001041%,rPct=2.272% | s4:orth=0.99295,ratio=1.622%,hPct=0.001292%,rPct=29.86%|trial_s=0.791|total_s=632.9
PROGRESS|trial=1650|sat=1|s1:orth=0.064598,ratio=0.1021%,hPct=0.001001%,rPct=0.0821% | s2:orth=0.81401,ratio=1.322%,hPct=0.001018%,rPct=1.556% | s3:orth=0.92338,ratio=1.418%,hPct=0.001093%,rPct=3.74% | s4:orth=3.1496,ratio=4.837%,hPct=0.001669%,rPct=21.33%|trial_s=0.462|total_s=638.0
PROGRESS|trial=1660|sat=1|s1:orth=0.13296,ratio=0.208%,hPct=0.001002%,rPct=0.1343% | s2:orth=1.2907,ratio=2.066%,hPct=0.001023%,rPct=1.807% | s3:orth=1.8105,ratio=2.815%,hPct=0.0011%,rPct=5.025% | s4:orth=1.8271,ratio=2.76%,hPct=0.001442%,rPct=7.066%|trial_s=0.395|total_s=643.5
PROGRESS|trial=1670|sat=1|s1:orth=0.34192,ratio=0.5176%,hPct=0.001%,rPct=0.007003% | s2:orth=0.36944,ratio=0.5733%,hPct=0.001003%,rPct=0.1414% | s3:orth=0.37913,ratio=0.5872%,hPct=0.001022%,rPct=1.119% | s4:orth=0.42556,ratio=0.6829%,hPct=0.001171%,rPct=16.74%|trial_s=0.460|total_s=648.2
PROGRESS|trial=1680|sat=1|s1:orth=0.030412,ratio=0.06135%,hPct=0.002%,rPct=0.02801% | s2:orth=0.15272,ratio=0.2399%,hPct=0.001004%,rPct=0.2461% | s3:orth=0.34329,ratio=0.5691%,hPct=0.001043%,rPct=5.243% | s4:orth=2.0652,ratio=3.14%,hPct=0.001481%,rPct=11.87%|trial_s=0.617|total_s=653.6
PROGRESS|trial=1690|sat=1|s1:orth=0.31428,ratio=0.475%,hPct=0.001001%,rPct=0.01902% | s2:orth=0.62078,ratio=0.9439%,hPct=0.001008%,rPct=0.1995% | s3:orth=0.83269,ratio=1.265%,hPct=0.001046%,rPct=1.264% | s4:orth=0.92171,ratio=1.413%,hPct=0.001279%,rPct=11.1%|trial_s=0.317|total_s=659.2
PROGRESS|trial=1700|sat=1|s1:orth=0.16141,ratio=0.244%,hPct=0.001001%,rPct=0.01001% | s2:orth=0.14142,ratio=0.2256%,hPct=0.001005%,rPct=0.3868% | s3:orth=0.54381,ratio=0.8343%,hPct=0.001058%,rPct=2.401% | s4:orth=2.2588,ratio=3.552%,hPct=0.00151%,rPct=30.28%|trial_s=0.574|total_s=663.9
PROGRESS|trial=1710|sat=1|s1:orth=0.72164,ratio=1.252%,hPct=0.001002%,rPct=0.4711% | s2:orth=0.70932,ratio=1.06%,hPct=0.001011%,rPct=0.006064% | s3:orth=1.0439,ratio=1.596%,hPct=0.001058%,rPct=1.992% | s4:orth=1.1652,ratio=1.75%,hPct=0.001325%,rPct=2.774%|trial_s=0.685|total_s=668.8
PROGRESS|trial=1720|sat=1|s1:orth=0.85753,ratio=1.292%,hPct=0.001002%,rPct=0.02505% | s2:orth=0.83248,ratio=1.362%,hPct=0.001009%,rPct=0.9122% | s3:orth=0.93379,ratio=1.411%,hPct=0.001047%,rPct=0.8333% | s4:orth=0.83219,ratio=1.277%,hPct=0.001262%,rPct=10.89%|trial_s=0.307|total_s=673.9
PROGRESS|trial=1730|sat=1|s1:orth=0.1763,ratio=0.3121%,hPct=0.001001%,rPct=0.08808% | s2:orth=0.2498,ratio=0.4314%,hPct=0.001007%,rPct=0.8579% | s3:orth=0.73989,ratio=1.109%,hPct=0.001062%,rPct=0.2985% | s4:orth=1.9069,ratio=3.486%,hPct=0.001455%,rPct=59.37%|trial_s=0.361|total_s=678.4
PROGRESS|trial=1740|sat=1|s1:orth=0.45367,ratio=0.6855%,hPct=0.001002%,rPct=0.02104% | s2:orth=0.74211,ratio=1.16%,hPct=0.001011%,rPct=0.671% | s3:orth=1.0001,ratio=1.527%,hPct=0.00106%,rPct=1.955% | s4:orth=1.3174,ratio=2.033%,hPct=0.001348%,rPct=16.31%|trial_s=0.385|total_s=682.1
PROGRESS|trial=1750|sat=1|s1:orth=0.23145,ratio=0.4932%,hPct=0.001001%,rPct=0.2604% | s2:orth=0.4292,ratio=0.7404%,hPct=0.001014%,rPct=1.831% | s3:orth=0.97866,ratio=1.68%,hPct=0.001105%,rPct=13.61% | s4:orth=3.6977,ratio=5.688%,hPct=0.001769%,rPct=23.5%|trial_s=0.498|total_s=687.2
PROGRESS|trial=1760|sat=1|s1:orth=0.55142,ratio=0.8566%,hPct=0.001001%,rPct=0.03704% | s2:orth=0.62721,ratio=1.041%,hPct=0.001006%,rPct=0.687% | s3:orth=0.66809,ratio=1%,hPct=0.001035%,rPct=0.1491% | s4:orth=0.67783,ratio=1.021%,hPct=0.001229%,rPct=3.222%|trial_s=1.067|total_s=694.0
PROGRESS|trial=1770|sat=1|s1:orth=0.49834,ratio=0.813%,hPct=0.001002%,rPct=0.1613% | s2:orth=0.59955,ratio=0.9014%,hPct=0.001011%,rPct=0.0758% | s3:orth=0.96041,ratio=1.551%,hPct=0.001055%,rPct=5.09% | s4:orth=1.1787,ratio=1.785%,hPct=0.001323%,rPct=6.986%|trial_s=0.471|total_s=699.9
PROGRESS|trial=1780|sat=1|s1:orth=0.31541,ratio=0.5153%,hPct=0.001001%,rPct=0.0961% | s2:orth=0.49425,ratio=0.7589%,hPct=0.001008%,rPct=0.2984% | s3:orth=0.55137,ratio=0.8562%,hPct=0.001051%,rPct=2.994% | s4:orth=1.7146,ratio=2.641%,hPct=0.001419%,rPct=17.49%|trial_s=0.318|total_s=704.6
PROGRESS|trial=1790|sat=1|s1:orth=0.15078,ratio=0.2606%,hPct=0.001001%,rPct=0.0981% | s2:orth=0.26344,ratio=0.4265%,hPct=0.001009%,rPct=0.8372% | s3:orth=1.101,ratio=1.727%,hPct=0.001085%,rPct=5.474% | s4:orth=2.285,ratio=3.71%,hPct=0.001515%,rPct=42.4%|trial_s=0.469|total_s=708.8
PROGRESS|trial=1800|sat=1|s1:orth=0.14975,ratio=0.2347%,hPct=0.001005%,rPct=0.3034% | s2:orth=0.43533,ratio=0.7449%,hPct=0.001056%,rPct=7.612% | s3:orth=6.346,ratio=9.5%,hPct=0.001609%,rPct=1.005% | s4:orth=9.0317,ratio=13.88%,hPct=0.003126%,rPct=27.84%|trial_s=0.495|total_s=713.8
PROGRESS|trial=1810|sat=1|s1:orth=0.7326,ratio=1.101%,hPct=0.001007%,rPct=0.05738% | s2:orth=0.93417,ratio=1.562%,hPct=0.001038%,rPct=4.371% | s3:orth=1.7201,ratio=2.818%,hPct=0.001216%,rPct=20.32% | s4:orth=7.3972,ratio=11.24%,hPct=0.002601%,rPct=17.24%|trial_s=0.638|total_s=718.3
PROGRESS|trial=1820|sat=1|s1:orth=0.63542,ratio=0.9912%,hPct=0.001001%,rPct=0.04904% | s2:orth=0.6224,ratio=0.9499%,hPct=0.001006%,rPct=0.1871% | s3:orth=0.66139,ratio=1.017%,hPct=0.001035%,rPct=1.559% | s4:orth=0.73352,ratio=1.127%,hPct=0.001238%,rPct=10.92%|trial_s=0.624|total_s=722.6
PROGRESS|trial=1830|sat=2|s1:orth=0.29678,ratio=0.5137%,hPct=0.001001%,rPct=0.3514% | s2:orth=0.2967,ratio=0.463%,hPct=0.001011%,rPct=0.7311% | s3:orth=1.8437,ratio=2.822%,hPct=0.001105%,rPct=3.308% | s4:orth=1.9777,ratio=3.096%,hPct=0.001465%,rPct=26.48%|trial_s=0.331|total_s=727.1
PROGRESS|trial=1840|sat=1|s1:orth=0.50761,ratio=0.8102%,hPct=0.001001%,rPct=0.1472% | s2:orth=0.50572,ratio=0.8145%,hPct=0.001007%,rPct=0.7274% | s3:orth=0.991,ratio=1.55%,hPct=0.001052%,rPct=3.296% | s4:orth=0.97641,ratio=1.472%,hPct=0.00129%,rPct=4.469%|trial_s=0.454|total_s=732.1
PROGRESS|trial=1850|sat=1|s1:orth=0.84046,ratio=1.363%,hPct=0.001002%,rPct=0.1864% | s2:orth=0.96226,ratio=1.576%,hPct=0.001011%,rPct=1.154% | s3:orth=1.1409,ratio=1.755%,hPct=0.001056%,rPct=3.054% | s4:orth=0.97871,ratio=1.477%,hPct=0.001288%,rPct=4.767%|trial_s=0.371|total_s=736.2
PROGRESS|trial=1860|sat=1|s1:orth=0.49392,ratio=0.8352%,hPct=0.001001%,rPct=0.1532% | s2:orth=0.63547,ratio=0.9879%,hPct=0.001008%,rPct=0.8158% | s3:orth=0.63836,ratio=1.008%,hPct=0.001049%,rPct=3.63% | s4:orth=1.3544,ratio=2.032%,hPct=0.001359%,rPct=2.391%|trial_s=0.379|total_s=740.7
PROGRESS|trial=1870|sat=1|s1:orth=0.38855,ratio=0.6121%,hPct=0.001001%,rPct=0.06105% | s2:orth=0.561,ratio=0.8434%,hPct=0.001006%,rPct=0.0513% | s3:orth=0.57423,ratio=0.9208%,hPct=0.001036%,rPct=5.23% | s4:orth=0.54465,ratio=0.8901%,hPct=0.001233%,rPct=20.65%|trial_s=0.424|total_s=745.1
PROGRESS|trial=1880|sat=1|s1:orth=0.80988,ratio=1.492%,hPct=0.001002%,rPct=0.461% | s2:orth=0.85181,ratio=1.465%,hPct=0.002021%,rPct=1.384% | s3:orth=1.0714,ratio=1.765%,hPct=0.001057%,rPct=9.749% | s4:orth=1.1057,ratio=1.817%,hPct=0.00131%,rPct=32.91%|trial_s=0.296|total_s=749.1
PROGRESS|trial=1890|sat=1|s1:orth=0.15977,ratio=0.2594%,hPct=0.001001%,rPct=0.02702% | s2:orth=0.25356,ratio=0.4479%,hPct=0.001005%,rPct=0.6802% | s3:orth=0.42963,ratio=0.6661%,hPct=0.001043%,rPct=2.449% | s4:orth=1.5821,ratio=2.37%,hPct=0.001401%,rPct=1.618%|trial_s=0.489|total_s=753.6
PROGRESS|trial=1900|sat=1|s1:orth=0.39927,ratio=0.6262%,hPct=0.001001%,rPct=0.03204% | s2:orth=0.33746,ratio=0.6171%,hPct=0.001005%,rPct=0.8797% | s3:orth=0.62567,ratio=0.9348%,hPct=0.001045%,rPct=0.001045% | s4:orth=1.1639,ratio=1.764%,hPct=0.001321%,rPct=7.513%|trial_s=0.498|total_s=757.5
PROGRESS|trial=1910|sat=1|s1:orth=0.3635,ratio=0.6185%,hPct=0.001002%,rPct=0.1653% | s2:orth=0.64728,ratio=0.9699%,hPct=0.001011%,rPct=0.04649% | s3:orth=1.1807,ratio=1.924%,hPct=0.001064%,rPct=6.192% | s4:orth=1.2572,ratio=1.885%,hPct=0.00134%,rPct=1.849%|trial_s=0.326|total_s=761.6
PROGRESS|trial=1920|sat=1|s1:orth=0.39856,ratio=0.6063%,hPct=0.001001%,rPct=0.01101% | s2:orth=0.41891,ratio=0.7252%,hPct=0.001004%,rPct=0.6007% | s3:orth=0.6219,ratio=1.019%,hPct=0.001034%,rPct=3.499% | s4:orth=0.66958,ratio=1.016%,hPct=0.001227%,rPct=6.181%|trial_s=0.257|total_s=765.7
PROGRESS|trial=1930|sat=1|s1:orth=0.10953,ratio=0.2097%,hPct=0.001%,rPct=0.06503% | s2:orth=0.45233,ratio=0.7195%,hPct=0.001005%,rPct=0.3878% | s3:orth=0.66004,ratio=1%,hPct=0.001034%,rPct=0.7815% | s4:orth=0.64432,ratio=0.9935%,hPct=0.001222%,rPct=11%|trial_s=0.523|total_s=770.4
PROGRESS|trial=1940|sat=1|s1:orth=0.21486,ratio=0.3244%,hPct=0.001001%,rPct=0.02102% | s2:orth=0.7129,ratio=1.096%,hPct=0.001009%,rPct=0.359% | s3:orth=0.94237,ratio=1.408%,hPct=0.00105%,rPct=0.0126% | s4:orth=0.99864,ratio=1.503%,hPct=0.001293%,rPct=3.666%|trial_s=0.308|total_s=774.8
PROGRESS|trial=1950|sat=1|s1:orth=0.30266,ratio=0.4775%,hPct=0.001001%,rPct=0.09012% | s2:orth=0.72868,ratio=1.106%,hPct=0.00101%,rPct=0.2172% | s3:orth=1.1337,ratio=1.707%,hPct=0.001057%,rPct=0.6238% | s4:orth=1.0275,ratio=1.7%,hPct=0.001301%,rPct=32.88%|trial_s=0.235|total_s=779.8
PROGRESS|trial=1960|sat=1|s1:orth=0.56549,ratio=0.8706%,hPct=0.001002%,rPct=0.06411% | s2:orth=0.79345,ratio=1.237%,hPct=0.00101%,rPct=0.5698% | s3:orth=0.80723,ratio=1.225%,hPct=0.001053%,rPct=1.319% | s4:orth=1.2695,ratio=1.958%,hPct=0.001343%,rPct=15.74%|trial_s=0.643|total_s=784.7
PROGRESS|trial=1970|sat=1|s1:orth=0.3706,ratio=0.5676%,hPct=0.001001%,rPct=0.01501% | s2:orth=0.44549,ratio=0.6932%,hPct=0.001004%,rPct=0.2239% | s3:orth=0.53338,ratio=0.8615%,hPct=0.001028%,rPct=3.282% | s4:orth=0.54064,ratio=0.8479%,hPct=0.001199%,rPct=14.1%|trial_s=0.356|total_s=789.4
PROGRESS|trial=1980|sat=1|s1:orth=0.16174,ratio=0.2471%,hPct=0.002001%,rPct=0.01201% | s2:orth=0.31138,ratio=0.4819%,hPct=0.001004%,rPct=0.1797% | s3:orth=0.58753,ratio=0.8899%,hPct=0.001032%,rPct=0.7965% | s4:orth=0.68395,ratio=1.063%,hPct=0.00123%,rPct=13.6%|trial_s=0.782|total_s=794.1
PROGRESS|trial=1990|sat=1|s1:orth=0.1314,ratio=0.2194%,hPct=0.001%,rPct=0.05002% | s2:orth=0.13023,ratio=0.2001%,hPct=0.001003%,rPct=0.1355% | s3:orth=0.7972,ratio=1.463%,hPct=0.001044%,rPct=9.423% | s4:orth=0.89161,ratio=1.44%,hPct=0.001271%,rPct=25.98%|trial_s=0.573|total_s=798.6
PROGRESS|trial=1999|sat=1|s1:orth=0.42919,ratio=0.6431%,hPct=0.001002%,rPct=0.008013% | s2:orth=0.48268,ratio=0.7395%,hPct=0.00101%,rPct=0.3738% | s3:orth=1.3093,ratio=2.096%,hPct=0.001069%,rPct=5.361% | s4:orth=1.1634,ratio=1.82%,hPct=0.001328%,rPct=20.28%|trial_s=0.334|total_s=803.3

============================================================================
DONE
cores    = 2000
samples  = 4008000
positive = 8000
controls = 4000000
database = /Users/royvanrijn/Documents/jacobian-research/elkies-k3/results/rank21-longrun-v3/experiment.sqlite
