MINIMAL_MODEL|[1, -1, 1, -2406776876355897684589238986902989237523677, 1538412799653374990988825036340584206297755633904462592156317029]
TRANSFORM|[78, -1521, 39, 237276]
DISCRIMINANT|-130168557259474375118041739456390041579626448222708738479010203399440812942647257348570244283933915201593144283140500235033600000
C4|115525290065083088860283471371343483401136481
FACTOR|[2, 13]
FACTOR|[3, 6]
FACTOR|[5, 5]
FACTOR|[7, 7]
FACTOR|[11, 5]
FACTOR|[13, 4]
FACTOR|[499, 2]
FACTOR|[7394594974952175682146301069608694086748123121056069445171982121936260786118668929004685430745643, 1]
CUBIC|[98458419177815999423284802325797389203056360569885605898004289872, -38508430021694362953427823790447827800378824, -3, 1]
FIELD_DISC|-22775352522852701101010607294394777787184219212852693891129704935563683221245500301334431126696580440
FIELD_INDEX|1209596368780800
SIGNATURE|[1, 1]
LOCAL|[2, 13, 1, 17, 2, 0]
SPLIT|2|[[2, 1], [1, 1]]
LOCAL|[3, 6, 2, -1, 3, 2]
SPLIT|3|[[1, 1], [1, 1], [1, 1]]
LOCAL|[5, 5, 1, 9, 2, 0]
SPLIT|5|[[1, 1], [2, 1]]
LOCAL|[7, 7, 1, 11, 2, 0]
SPLIT|7|[[2, 1], [1, 1]]
LOCAL|[11, 5, 1, 9, 2, 0]
SPLIT|11|[[1, 1], [2, 1]]
LOCAL|[13, 4, 1, 8, 3, 1]
SPLIT|13|[[1, 1], [1, 1], [1, 1]]
LOCAL|[499, 2, 1, 6, 2, 1]
SPLIT|499|[[1, 1], [1, 2]]
LOCAL|[7394594974952175682146301069608694086748123121056069445171982121936260786118668929004685430745643, 1, 1, 5, 2, 0]
SPLIT|7394594974952175682146301069608694086748123121056069445171982121936260786118668929004685430745643|[[2, 1], [1, 1]]
LOCAL2_DIM|2
REAL_LOCAL_DIM|0
BK_OFFSET|5
ROOT_NUMBER|-1
CONDUCTOR|332423351585427312095075571417162577887294067575994706861456390813253629376494011023202023117481613957130
DONE_FIELD|1
