MINIMAL_MODEL|[1, 0, 0, -1208182982064392206591357550636933049077295130, 15883200114631779090334601365209227773148256287289612067542282380900]
TRANSFORM|[12, 12, 6, 0]
DISCRIMINANT|3886641988121667312635835335152290848841115152694354382027068169442897785630299863721549482536127351912410968747014280341888842956800000
C4|57992783139090825916385162430572786355710166241
FACTOR|[2, 18]
FACTOR|[3, 7]
FACTOR|[5, 5]
FACTOR|[7, 4]
FACTOR|[13, 5]
FACTOR|[41, 2]
FACTOR|[73, 2]
FACTOR|[3350819228521811, 1]
FACTOR|[1549625794216616491, 1]
FACTOR|[27333798411172223386831, 1]
FACTOR|[1913972234500336744113358777227231847166902976664851, 1]
CUBIC|[1016524807336433861781414487373390577481488402386535172322706072377600, -19330927713030275305461720810190928785236722080, 1, 1]
FIELD_DISC|10382552573605559327234224954174898788406466616228201524716368480523372840216490290798997902645213276767468121820
FIELD_INDEX|9789379891200
SIGNATURE|[3, 0]
LOCAL|[2, 18, 1, 22, 2, 1]
SPLIT|2|[[1, 1], [2, 1]]
LOCAL|[3, 7, 1, 11, 2, 0]
SPLIT|3|[[1, 1], [2, 1]]
LOCAL|[5, 5, 1, 9, 2, 0]
SPLIT|5|[[1, 1], [2, 1]]
LOCAL|[7, 4, 2, 4, 1, 0]
SPLIT|7|[[3, 1]]
LOCAL|[13, 5, 1, 9, 2, 0]
SPLIT|13|[[2, 1], [1, 1]]
LOCAL|[41, 2, 1, 6, 3, 1]
SPLIT|41|[[1, 1], [1, 1], [1, 1]]
LOCAL|[73, 2, 1, 6, 3, 1]
SPLIT|73|[[1, 1], [1, 1], [1, 1]]
LOCAL|[3350819228521811, 1, 1, 5, 2, 0]
SPLIT|3350819228521811|[[2, 1], [1, 1]]
LOCAL|[1549625794216616491, 1, 1, 5, 2, 0]
SPLIT|1549625794216616491|[[2, 1], [1, 1]]
LOCAL|[27333798411172223386831, 1, 1, 5, 2, 0]
SPLIT|27333798411172223386831|[[2, 1], [1, 1]]
LOCAL|[1913972234500336744113358777227231847166902976664851, 1, 1, 5, 2, 0]
SPLIT|1913972234500336744113358777227231847166902976664851|[[1, 1], [2, 1]]
LOCAL2_DIM|2
REAL_LOCAL_DIM|1
BK_OFFSET|5
ROOT_NUMBER|1
CONDUCTOR|15537489926400719533206017643922736036850277291185503581738045431103227455383977720180700361308561668682516044303630
DONE_FIELD|1
