MINIMAL_MODEL|[1, 0, 0, -41114613365874469741660831832305993354845, 3664940925220898852331147489413124703150140269219150810652081]
TRANSFORM|[18, 27, 9, 0]
DISCRIMINANT|-1354494939902352332845996839555500603132720925348702157297918077854567381340978271101824182033774051726301824069830109544448
C4|1973501441561974547599719927950687681032561
FACTOR|[2, 14]
FACTOR|[3, 7]
FACTOR|[11, 2]
FACTOR|[19, 3]
FACTOR|[23, 3]
FACTOR|[29, 2]
FACTOR|[43, 2]
FACTOR|[73, 2]
FACTOR|[83, 2]
FACTOR|[109, 2]
FACTOR|[18711417888983, 1]
FACTOR|[799018834141204249, 1]
FACTOR|[369170900552434531211864921966634265978079050941785456839, 1]
CUBIC|[234556219214137526549193439322439981001608977230025651881733184, -657833813853991515866573309316895893677520, 1, 1]
FIELD_DISC|-7235921842174936752794498757095879356354724585336112652840893340016541615795847252619469543
FIELD_INDEX|218908055114901504
SIGNATURE|[1, 1]
LOCAL|[2, 14, 1, 18, 3, 1]
SPLIT|2|[[1, 1], [1, 1], [1, 1]]
LOCAL|[3, 7, 1, 11, 2, 0]
SPLIT|3|[[1, 1], [2, 1]]
LOCAL|[11, 2, 1, 6, 3, 1]
SPLIT|11|[[1, 1], [1, 1], [1, 1]]
LOCAL|[19, 3, 1, 7, 2, 0]
SPLIT|19|[[1, 1], [2, 1]]
LOCAL|[23, 3, 1, 7, 2, 0]
SPLIT|23|[[1, 1], [2, 1]]
LOCAL|[29, 2, 1, 6, 3, 1]
SPLIT|29|[[1, 1], [1, 1], [1, 1]]
LOCAL|[43, 2, 1, 6, 2, 1]
SPLIT|43|[[1, 1], [1, 2]]
LOCAL|[73, 2, 1, 6, 3, 1]
SPLIT|73|[[1, 1], [1, 1], [1, 1]]
LOCAL|[83, 2, 1, 6, 2, 1]
SPLIT|83|[[1, 1], [1, 2]]
LOCAL|[109, 2, 1, 6, 3, 1]
SPLIT|109|[[1, 1], [1, 1], [1, 1]]
LOCAL|[18711417888983, 1, 1, 5, 2, 0]
SPLIT|18711417888983|[[1, 1], [2, 1]]
LOCAL|[799018834141204249, 1, 1, 5, 2, 0]
SPLIT|799018834141204249|[[2, 1], [1, 1]]
LOCAL|[369170900552434531211864921966634265978079050941785456839, 1, 1, 5, 2, 0]
SPLIT|369170900552434531211864921966634265978079050941785456839|[[2, 1], [1, 1]]
LOCAL2_DIM|3
REAL_LOCAL_DIM|0
BK_OFFSET|8
ROOT_NUMBER|1
CONDUCTOR|131102342610631617747880050879637948373762462927565345386061738783669705722868977879609992361484707322
DONE_FIELD|1
