<frozen importlib._bootstrap>:533: DeprecationWarning: the load_module() method is deprecated and slated for removal in Python 3.15; use exec_module() instead
<frozen importlib._bootstrap>:533: DeprecationWarning: the load_module() method is deprecated and slated for removal in Python 3.15; use exec_module() instead
PARENT_EQUATION 414
PARENT_LATTICE 414 474 192
PARENT_QUARTIC_SECTION 414 0
PARENT_QUARTIC_SECTION 414 1
PARENT_QUARTIC_SECTION 414 2
PARENT_QUARTIC_SECTION 414 3
PARENT_QUARTIC_SECTION 414 4
PARENT_QUARTIC_SECTION 414 5
PARENT_QUARTIC_SECTION 414 6
PARENT_QUARTIC_SECTION 414 7
PARENT_QUARTIC_SECTION 414 8
PARENT_QUARTIC_SECTION 414 9
PARENT_QUARTIC_SECTION 414 10
PARENT_QUARTIC_SECTION 414 11
PARENT_QUARTIC_SECTION 414 12
PARENT_QUARTIC_SECTION 414 13
PARENT_QUARTIC_SECTION 414 14
PARENT_QUARTIC_SECTION 414 15
PARENT_QUARTIC_SECTION 414 16
PARENT_SECTION 414 0
PARENT_SECTION 414 1
PARENT_SECTION 414 2
PARENT_SECTION 414 3
PARENT_SECTION 414 4
PARENT_SECTION 414 5
PARENT_SECTION 414 6
PARENT_SECTION 414 7
PARENT_SECTION 414 8
PARENT_SECTION 414 9
PARENT_SECTION 414 10
PARENT_SECTION 414 11
PARENT_SECTION 414 12
PARENT_SECTION 414 13
PARENT_SECTION 414 14
PARENT_SECTION 414 15
PARENT_VERIFIED x948-11952-a1-00414 158
PARENT_FOUNDRY_RANK_PASS 16 /home/royvanrijn/src/jacobian-research/research/artifacts/generated-results/elliptic-curves/parent-foundry-v2/commissioning/point-0.json
PASS_COLD_CONSTRUCTION_AND_SPECIALIZATION x948-11952-a1-00414
PARENT_EQUATION 121385
PARENT_LATTICE 121385 546 152
PARENT_QUARTIC_SECTION 121385 0
PARENT_QUARTIC_SECTION 121385 1
PARENT_QUARTIC_SECTION 121385 2
PARENT_QUARTIC_SECTION 121385 3
PARENT_QUARTIC_SECTION 121385 4
PARENT_QUARTIC_SECTION 121385 5
PARENT_QUARTIC_SECTION 121385 6
PARENT_QUARTIC_SECTION 121385 7
PARENT_QUARTIC_SECTION 121385 8
PARENT_QUARTIC_SECTION 121385 9
PARENT_QUARTIC_SECTION 121385 10
PARENT_QUARTIC_SECTION 121385 11
PARENT_QUARTIC_SECTION 121385 12
PARENT_QUARTIC_SECTION 121385 13
PARENT_QUARTIC_SECTION 121385 14
PARENT_QUARTIC_SECTION 121385 15
PARENT_QUARTIC_SECTION 121385 16
PARENT_SECTION 121385 0
PARENT_SECTION 121385 1
PARENT_SECTION 121385 2
PARENT_SECTION 121385 3
PARENT_SECTION 121385 4
PARENT_SECTION 121385 5
PARENT_SECTION 121385 6
PARENT_SECTION 121385 7
PARENT_SECTION 121385 8
PARENT_SECTION 121385 9
PARENT_SECTION 121385 10
PARENT_SECTION 121385 11
PARENT_SECTION 121385 12
PARENT_SECTION 121385 13
PARENT_SECTION 121385 14
PARENT_SECTION 121385 15
PARENT_VERIFIED x1092-det1092-a1-121385 129
PARENT_FOUNDRY_RANK_PASS 18 /home/royvanrijn/src/jacobian-research/research/artifacts/generated-results/elliptic-curves/parent-foundry-v2/commissioning/point-1.json
PASS_COLD_CONSTRUCTION_AND_SPECIALIZATION x1092-det1092-a1-121385
