MINIMAL_MODEL|[1, 1, 1, -200276943649422160405621297958967719604811435, 1134949757781884289241392834383857374634665375947756737452945994265]
TRANSFORM|[36, 540, 18, 23328]
DISCRIMINANT|-42334057779789977244052613523975018816966496212392673803374338219617261945418851476200690489084746997701046064440510495141832896000000
C4|9613293295172263699469822302030450541030948881
FACTOR|[2, 12]
FACTOR|[3, 2]
FACTOR|[5, 6]
FACTOR|[11, 4]
FACTOR|[13, 2]
FACTOR|[73, 2]
FACTOR|[139, 2]
FACTOR|[341964826314457, 1]
FACTOR|[843632322910660966362687119373740420077299225102317505536811459850743437262377440786856246220323, 1]
CUBIC|[72636784498040594511449141400566871976618584060656431196988543632976, -3204431098390754566489940767343483513676982952, 5, 1]
FIELD_DISC|-288492580777406080272725869168593875217808827338296120405649223301254586724356046936218022223258366976502109611
FIELD_INDEX|6129112704000
SIGNATURE|[1, 1]
LOCAL|[2, 12, 1, 16, 2, 1]
SPLIT|2|[[1, 1], [1, 2]]
LOCAL|[3, 2, 1, 6, 3, 1]
SPLIT|3|[[1, 1], [1, 1], [1, 1]]
LOCAL|[5, 6, 1, 10, 3, 1]
SPLIT|5|[[1, 1], [1, 1], [1, 1]]
LOCAL|[11, 4, 1, 8, 2, 1]
SPLIT|11|[[1, 1], [1, 2]]
LOCAL|[13, 2, 1, 6, 2, 1]
SPLIT|13|[[1, 1], [1, 2]]
LOCAL|[73, 2, 1, 6, 3, 1]
SPLIT|73|[[1, 1], [1, 1], [1, 1]]
LOCAL|[139, 2, 1, 6, 3, 1]
SPLIT|139|[[1, 1], [1, 1], [1, 1]]
LOCAL|[341964826314457, 1, 1, 5, 2, 0]
SPLIT|341964826314457|[[2, 1], [1, 1]]
LOCAL|[843632322910660966362687119373740420077299225102317505536811459850743437262377440786856246220323, 1, 1, 5, 2, 0]
SPLIT|843632322910660966362687119373740420077299225102317505536811459850743437262377440786856246220323|[[1, 1], [2, 1]]
LOCAL2_DIM|2
REAL_LOCAL_DIM|0
BK_OFFSET|8
ROOT_NUMBER|-1
CONDUCTOR|12558263791566376440102328902206467602372605473597253247813766249314291950500855067443140324732437367258332027695884930
DONE_FIELD|1
