MINIMAL_MODEL|[0, 1, 0, -4060408041437129659386958883089829522172534180, 69302996254333102097575929282499740768182420645699427883330979661600]
TRANSFORM|[12, 48, 0, 0]
DISCRIMINANT|2209535059018931205116651000059556369928295890709182159795742877182818947158690241429840302170656413588404222679003332297088865194500000000
C4|194899585988982223650574026388311817064281640656
FACTOR|[2, 8]
FACTOR|[3, 8]
FACTOR|[5, 9]
FACTOR|[7, 4]
FACTOR|[13, 4]
FACTOR|[17, 3]
FACTOR|[19, 2]
FACTOR|[47, 3]
FACTOR|[83, 2]
FACTOR|[7568348148323, 1]
FACTOR|[1023034923031265640083839109496335411267837093185764838343605884505996669629389738604483673, 1]
CUBIC|[4435391760277318534244859474079983409163674921324763384533182698342400, -64966528662994074550191342129437272354760546880, 4, 1]
FIELD_DISC|30932024439246801322787810077880389223317162788400703970784702350579246728265890412316825281477068142364105
FIELD_INDEX|135227886000480000
SIGNATURE|[3, 0]
LOCAL|[2, 8, 3, -5, 3, 2]
SPLIT|2|[[1, 1], [1, 1], [1, 1]]
LOCAL|[3, 8, 1, 12, 3, 1]
SPLIT|3|[[1, 1], [1, 1], [1, 1]]
LOCAL|[5, 9, 1, 13, 2, 0]
SPLIT|5|[[1, 1], [2, 1]]
LOCAL|[7, 4, 1, 8, 3, 1]
SPLIT|7|[[1, 1], [1, 1], [1, 1]]
LOCAL|[13, 4, 1, 8, 3, 1]
SPLIT|13|[[1, 1], [1, 1], [1, 1]]
LOCAL|[17, 3, 1, 7, 2, 0]
SPLIT|17|[[2, 1], [1, 1]]
LOCAL|[19, 2, 1, 6, 2, 1]
SPLIT|19|[[1, 1], [1, 2]]
LOCAL|[47, 3, 1, 7, 2, 0]
SPLIT|47|[[1, 1], [2, 1]]
LOCAL|[83, 2, 1, 6, 2, 1]
SPLIT|83|[[1, 1], [1, 2]]
LOCAL|[7568348148323, 1, 1, 5, 2, 0]
SPLIT|7568348148323|[[1, 1], [2, 1]]
LOCAL|[1023034923031265640083839109496335411267837093185764838343605884505996669629389738604483673, 1, 1, 5, 2, 0]
SPLIT|1023034923031265640083839109496335411267837093185764838343605884505996669629389738604483673|[[2, 1], [1, 1]]
LOCAL2_DIM|3
REAL_LOCAL_DIM|1
BK_OFFSET|9
ROOT_NUMBER|-1
CONDUCTOR|106535088748871777218303446260313144390493825926600475793649606725389823045598075249608415496054310829749894789640
DONE_FIELD|1
