MINIMAL_MODEL|[1, 0, 0, -164503266573641412895992754895968361510098521010360, 770180820476546550782521681962394251794699320193843300517753194337891521600]
TRANSFORM|[6, 3, 3, 0]
DISCRIMINANT|28654173671172160711433925742854976104249503547708377590411237967982100186991646681741014198187475126815436238762249161637855429305195386860894208000000
C4|7896156795534787819007652235006481352484729008497281
FACTOR|[2, 17]
FACTOR|[3, 8]
FACTOR|[5, 6]
FACTOR|[13, 4]
FACTOR|[23, 3]
FACTOR|[59, 2]
FACTOR|[89, 2]
FACTOR|[491, 2]
FACTOR|[54673, 1]
FACTOR|[16885388432152996651407426613338806379459442786298824507901035367779234571348212564435027166445608468846759210681, 1]
CUBIC|[49291572510498979250081387645593232114860756492405971233136204437625057382400, -2632052265178262606335884078335493784161576336165760, 1, 1]
FIELD_DISC|169864170882202544609721275282517351257890245243778076346967088425917312876355031898505548209878858334375631403903465592
FIELD_INDEX|207808369696512000
SIGNATURE|[3, 0]
LOCAL|[2, 17, 1, 21, 2, 0]
SPLIT|2|[[1, 1], [2, 1]]
LOCAL|[3, 8, 1, 12, 2, 1]
SPLIT|3|[[1, 1], [1, 2]]
LOCAL|[5, 6, 1, 10, 2, 1]
SPLIT|5|[[1, 1], [1, 2]]
LOCAL|[13, 4, 1, 8, 2, 1]
SPLIT|13|[[1, 1], [1, 2]]
LOCAL|[23, 3, 1, 7, 2, 0]
SPLIT|23|[[1, 1], [2, 1]]
LOCAL|[59, 2, 1, 6, 3, 1]
SPLIT|59|[[1, 1], [1, 1], [1, 1]]
LOCAL|[89, 2, 1, 6, 2, 1]
SPLIT|89|[[1, 1], [1, 2]]
LOCAL|[491, 2, 1, 6, 2, 1]
SPLIT|491|[[1, 1], [1, 2]]
LOCAL|[54673, 1, 1, 5, 2, 0]
SPLIT|54673|[[2, 1], [1, 1]]
LOCAL|[16885388432152996651407426613338806379459442786298824507901035367779234571348212564435027166445608468846759210681, 1, 1, 5, 2, 0]
SPLIT|16885388432152996651407426613338806379459442786298824507901035367779234571348212564435027166445608468846759210681|[[2, 1], [1, 1]]
LOCAL2_DIM|2
REAL_LOCAL_DIM|1
BK_OFFSET|8
ROOT_NUMBER|-1
CONDUCTOR|21350100027725662577334229037151549888444092434643727027770437685228367085047765597605448602206581032555349411463534407779954010
DONE_FIELD|1
