MINIMAL_MODEL|[1, 1, 1, -1284727764113567728281797636015784768866707681415849262157224232063, 560368321454261339256859338901915312332769858684945406858043869199456710681989058863306170127006181]
TRANSFORM|[1, 0, 0, 0]
DISCRIMINANT|56986667162894850943626331069759320443067423220527305082244725946223212417010574363800489149279120357391198820328667683955054948591887684940751932057558936585975074155693048247805850350226862080000
C4|61666932677451250957526286528757668905601968707960764583546763139025
FACTOR|[2, 15]
FACTOR|[3, 4]
FACTOR|[5, 4]
FACTOR|[7, 6]
FACTOR|[11, 4]
FACTOR|[13, 5]
FACTOR|[19, 2]
FACTOR|[23, 2]
FACTOR|[29, 3]
FACTOR|[37, 2]
FACTOR|[41, 2]
FACTOR|[73, 2]
FACTOR|[131, 2]
FACTOR|[167, 2]
FACTOR|[7547, 1]
FACTOR|[632881, 1]
FACTOR|[966509, 1]
FACTOR|[18145679437533309132469, 1]
FACTOR|[767028866604834801397681553, 1]
FACTOR|[30580600452196904409276223329355584892025407195996968868775951126238056443210297, 1]
CUBIC|[35863572573072725712438997689722579989297270955836506038914807628765229483647299767251594888128395600, -20555644225817083652508762176252556301867322902653588194515587713000, 5, 1]
FIELD_DISC|148151006937477335436888985219857355877893619411164996244607656867074308087083576658270682361256762502621989271112905529033440639729791702026879115800
FIELD_INDEX|9923258571576383661788160
SIGNATURE|[3, 0]
LOCAL|[2, 15, 1, 19, 2, 0]
SPLIT|2|[[2, 1], [1, 1]]
LOCAL|[3, 4, 1, 8, 2, 1]
SPLIT|3|[[1, 1], [1, 2]]
LOCAL|[5, 4, 2, 4, 1, 0]
SPLIT|5|[[3, 1]]
LOCAL|[7, 6, 1, 10, 2, 1]
SPLIT|7|[[1, 1], [1, 2]]
LOCAL|[11, 4, 1, 8, 2, 1]
SPLIT|11|[[1, 1], [1, 2]]
LOCAL|[13, 5, 1, 9, 2, 0]
SPLIT|13|[[2, 1], [1, 1]]
LOCAL|[19, 2, 1, 6, 2, 1]
SPLIT|19|[[1, 1], [1, 2]]
LOCAL|[23, 2, 1, 6, 2, 1]
SPLIT|23|[[1, 1], [1, 2]]
LOCAL|[29, 3, 1, 7, 2, 0]
SPLIT|29|[[1, 1], [2, 1]]
LOCAL|[37, 2, 1, 6, 2, 1]
SPLIT|37|[[1, 1], [1, 2]]
LOCAL|[41, 2, 1, 6, 3, 1]
SPLIT|41|[[1, 1], [1, 1], [1, 1]]
LOCAL|[73, 2, 1, 6, 2, 1]
SPLIT|73|[[1, 1], [1, 2]]
LOCAL|[131, 2, 1, 6, 2, 1]
SPLIT|131|[[1, 1], [1, 2]]
LOCAL|[167, 2, 1, 6, 2, 1]
SPLIT|167|[[1, 1], [1, 2]]
LOCAL|[7547, 1, 1, 5, 2, 0]
SPLIT|7547|[[1, 1], [2, 1]]
LOCAL|[632881, 1, 1, 5, 2, 0]
SPLIT|632881|[[1, 1], [2, 1]]
LOCAL|[966509, 1, 1, 5, 2, 0]
SPLIT|966509|[[2, 1], [1, 1]]
LOCAL|[18145679437533309132469, 1, 1, 5, 2, 0]
SPLIT|18145679437533309132469|[[2, 1], [1, 1]]
LOCAL|[767028866604834801397681553, 1, 1, 5, 2, 0]
SPLIT|767028866604834801397681553|[[2, 1], [1, 1]]
LOCAL|[30580600452196904409276223329355584892025407195996968868775951126238056443210297, 1, 1, 5, 2, 0]
SPLIT|30580600452196904409276223329355584892025407195996968868775951126238056443210297|[[2, 1], [1, 1]]
LOCAL2_DIM|2
REAL_LOCAL_DIM|1
BK_OFFSET|12
ROOT_NUMBER|-1
CONDUCTOR|9058040138868690262858791849730511364320517732812998655982537144987090191789878126630171056773171491466723174687496041392810438595512770829603147288102844437462050
DONE_FIELD|1
