MINIMAL_MODEL|[1, 0, 0, -3347050188904612316750000321228903377635226119155, 2346825418333494726933343734190856333910781141264162485235880220281213025]
TRANSFORM|[12, 12, 6, 0]
DISCRIMINANT|20474895058151633158685394825239014338900787790937338795068674020482210590982137771856627620573840275221174892641398805444237805797580251353600000
C4|160658409067421391204000015418987362126490853719441
FACTOR|[2, 12]
FACTOR|[3, 11]
FACTOR|[5, 5]
FACTOR|[11, 4]
FACTOR|[13, 2]
FACTOR|[17, 2]
FACTOR|[19, 2]
FACTOR|[53, 2]
FACTOR|[97, 2]
FACTOR|[1323488631958626077787252136149718460636451245150739732246670696473198128861270109670491804129131898892409785181851, 1]
CUBIC|[150196826773343662523733998988214805370289993040906399055096334097997633600, -53552803022473797068000005139662454042163617906480, 1, 1]
FIELD_DISC|19852329479379391166808782042245776909546768677261095983700060447097971932919051645057377061936978483386146777727765
FIELD_INDEX|16248941971891200
SIGNATURE|[3, 0]
LOCAL|[2, 12, 1, 16, 2, 1]
SPLIT|2|[[1, 1], [1, 2]]
LOCAL|[3, 11, 1, 15, 2, 0]
SPLIT|3|[[1, 1], [2, 1]]
LOCAL|[5, 5, 1, 9, 2, 0]
SPLIT|5|[[1, 1], [2, 1]]
LOCAL|[11, 4, 1, 8, 3, 1]
SPLIT|11|[[1, 1], [1, 1], [1, 1]]
LOCAL|[13, 2, 1, 6, 3, 1]
SPLIT|13|[[1, 1], [1, 1], [1, 1]]
LOCAL|[17, 2, 1, 6, 3, 1]
SPLIT|17|[[1, 1], [1, 1], [1, 1]]
LOCAL|[19, 2, 1, 6, 3, 1]
SPLIT|19|[[1, 1], [1, 1], [1, 1]]
LOCAL|[53, 2, 1, 6, 3, 1]
SPLIT|53|[[1, 1], [1, 1], [1, 1]]
LOCAL|[97, 2, 1, 6, 3, 1]
SPLIT|97|[[1, 1], [1, 1], [1, 1]]
LOCAL|[1323488631958626077787252136149718460636451245150739732246670696473198128861270109670491804129131898892409785181851, 1, 1, 5, 2, 0]
SPLIT|1323488631958626077787252136149718460636451245150739732246670696473198128861270109670491804129131898892409785181851|[[1, 1], [2, 1]]
LOCAL2_DIM|2
REAL_LOCAL_DIM|1
BK_OFFSET|9
ROOT_NUMBER|1
CONDUCTOR|9428174970693648411043560432610201730238922691298519222905517349851546575717887421889814454468164593656919946016321277848970
DONE_FIELD|1
