Traceback (most recent call last):
  File "/home/royvanrijn/src/jacobian-research/research/elliptic-curves/cas/rank_triangle_geometry.sage", line 110, in <module>
    if __name__=='__main__':main()
                            ~~~~^^
  File "/home/royvanrijn/src/jacobian-research/research/elliptic-curves/cas/rank_triangle_geometry.sage", line 97, in main
    save(OUT/'geometry'/f'{cid}-E{j+1}.json',row);allrows.append(row)
    ~~~~^^^^^^^^^^^^^^^^^^^^^^^^^^^^^^^^^^^^^^^^^
  File "/home/royvanrijn/src/jacobian-research/research/elliptic-curves/cas/rank_triangle_geometry.sage", line 17, in save
    else:p.write_text(json.dumps(d,sort_keys=True,indent=2)+'\n')
                      ~~~~~~~~~~^^^^^^^^^^^^^^^^^^^^^^^^^^^
  File "/home/royvanrijn/.local/share/jacobian-sage-10.9/lib/python3.14/json/__init__.py", line 242, in dumps
    **kw).encode(obj)
          ~~~~~~^^^^^
  File "/home/royvanrijn/.local/share/jacobian-sage-10.9/lib/python3.14/json/encoder.py", line 202, in encode
    chunks = self.iterencode(o, _one_shot=True)
  File "/home/royvanrijn/.local/share/jacobian-sage-10.9/lib/python3.14/json/encoder.py", line 263, in iterencode
    return _iterencode(o, 0)
  File "/home/royvanrijn/.local/share/jacobian-sage-10.9/lib/python3.14/json/encoder.py", line 182, in default
    raise TypeError(f'Object of type {o.__class__.__name__} '
                    f'is not JSON serializable')
TypeError: Object of type Integer is not JSON serializable
when serializing dict item 'best_genus_in_atlas'
