ANCESTRY 302 1 best genus 1
ANCESTRY 302 2 best genus 1
ANCESTRY 302 3 best genus 1
ANCESTRY 302 4 best genus 1
ANCESTRY 302 5 best genus 1
ANCESTRY 302 6 best genus 1
ANCESTRY 302 7 best genus 1
ANCESTRY 302 8 best genus 1
ANCESTRY 302 9 best genus 1
ANCESTRY 302 10 best genus 1
ANCESTRY 302 11 best genus 1
ANCESTRY 302 12 best genus 1
ANCESTRY 302 13 best genus 1
ANCESTRY 302 14 best genus 1
ANCESTRY 11952 1 best genus 3
ANCESTRY 11952 2 best genus 3
ANCESTRY 11952 3 best genus 3
ANCESTRY 11952 4 best genus 3
ANCESTRY 11952 5 best genus 3
ANCESTRY 11952 6 best genus 3
ANCESTRY 11952 7 best genus 3
ANCESTRY 11952 8 best genus 3
