CARRIERS 302 1 PASS
CARRIERS 302 2 PASS
CARRIERS 302 3 PASS
CARRIERS 302 4 PASS
CARRIERS 302 5 PASS
CARRIERS 302 6 PASS
CARRIERS 302 7 PASS
CARRIERS 302 8 PASS
CARRIERS 302 9 PASS
CARRIERS 302 10 PASS
CARRIERS 302 11 PASS
CARRIERS 302 12 PASS
CARRIERS 302 13 PASS
CARRIERS 302 14 PASS
CARRIERS 11952 1 PASS
CARRIERS 11952 2 PASS
CARRIERS 11952 3 PASS
CARRIERS 11952 4 PASS
CARRIERS 11952 5 PASS
CARRIERS 11952 6 PASS
CARRIERS 11952 7 PASS
CARRIERS 11952 8 PASS
LOCAL_BEGIN b-64cb28d566c727c7303d
LOCAL_PASS b-64cb28d566c727c7303d
LOCAL_BEGIN b-d355129341b9e6ca3d95
LOCAL_PASS b-d355129341b9e6ca3d95
LOCAL_BEGIN b-55f0f8d1caacac34208e
LOCAL_PASS b-55f0f8d1caacac34208e
LOCAL_BEGIN b-5ba9fa054b6889ba712a
LOCAL_PASS b-5ba9fa054b6889ba712a
LOCAL_BEGIN b-2885590ca06767c60c8e
LOCAL_PASS b-2885590ca06767c60c8e
LOCAL_BEGIN b-16c620035d9557cad55e
LOCAL_PASS b-16c620035d9557cad55e
LOCAL_BEGIN b-cefd4f26d353790b12df
LOCAL_PASS b-cefd4f26d353790b12df
LOCAL_BEGIN b-6268895b4587ec68b047
LOCAL_PASS b-6268895b4587ec68b047
LOCAL_BEGIN b-b1dfd57aaf748bf8725b
LOCAL_PASS b-b1dfd57aaf748bf8725b
LOCAL_BEGIN b-7bb187bc9254e81c6283
LOCAL_PASS b-7bb187bc9254e81c6283
LOCAL_BEGIN 302
LOCAL_PASS 302
PASS 792 carrier identities; 11 local arithmetic rows; strict dictionary; no shared tested covers
