rank = 17
det = 948
even = True

Genus of
[230  80 231 229 159 206 123  92 118 139  60  64 -34 138 286 107 257]
[ 80  32  79  78  54  72  43  30  38  45  19  20 -11  46 102  37  86]
[231  79 238 234 161 209 125  95 123 144  63  66 -38 140 287 109 264]
[229  78 234 234 161 208 122  95 123 144  63  66 -37 140 285 109 263]
[159  54 161 161 114 144  84  66  84 100  44  44 -24  98 199  74 182]
[206  72 209 208 144 188 109  84 108 127  55  58 -31 126 258  97 234]
[123  43 125 122  84 109  68  49  63  74  32  34 -20  72 152  57 137]
[ 92  30  95  95  66  84  49  40  51  60  27  27 -16  57 114  44 108]
[118  38 123 123  84 108  63  51  68  78  34  36 -22  73 145  58 140]
[139  45 144 144 100 127  74  60  78  92  41  41 -24  87 172  66 164]
[ 60  19  63  63  44  55  32  27  34  41  20  18 -11  38  74  28  72]
[ 64  20  66  66  44  58  34  27  36  41  18  22 -10  40  78  32  74]
[-34 -11 -38 -37 -24 -31 -20 -16 -22 -24 -11 -10  12 -19 -40 -18 -43]
[138  46 140 140  98 126  72  57  73  87  38  40 -19  88 173  64 158]
[286 102 287 285 199 258 152 114 145 172  74  78 -40 173 360 133 319]
[107  37 109 109  74  97  57  44  58  66  28  32 -18  64 133  54 122]
[257  86 264 263 182 234 137 108 140 164  72  74 -43 158 319 122 298]
Signature:  (17, 0)
Genus symbol at 2:    1^16:[4^-1]_5
Genus symbol at 3:     1^-16 3^-1
Genus symbol at 79:     1^-16 79^1

spinor false = []
spinor true  = []

mass = 1600721158395131262779/18911626946150400
mass approx = 84642.1708165605
