ROOT|root-000001|raw=6.974e-15|cusp=0|noniso=1|strength=2.667e+00|delta=9.873e-02|jvar=1.294e-05|null8=9
ROOT|root-000002|raw=3.460e-13|cusp=0|noniso=0|strength=3.000e+00|delta=1.641e-10|jvar=5.231e-14|null8=9
ROOT|root-000003|raw=1.207e-15|cusp=1|noniso=0|strength=3.000e+00|delta=7.124e-14|jvar=1.572e-16|null8=11
ROOT|root-000004|raw=3.919e-13|cusp=0|noniso=0|strength=3.000e+00|delta=3.015e-10|jvar=3.762e-14|null8=11
ROOT|root-000005|raw=1.727e-11|cusp=0|noniso=0|strength=3.028e+00|delta=5.839e-09|jvar=1.687e-12|null8=10
ROOT|root-000006|raw=2.776e-16|cusp=1|noniso=0|strength=3.000e+00|delta=1.360e-13|jvar=1.053e-16|null8=12
ROOT|root-000007|raw=7.791e-13|cusp=0|noniso=0|strength=3.000e+00|delta=3.025e-10|jvar=3.885e-14|null8=9
ROOT|root-000008|raw=2.441e-13|cusp=0|noniso=0|strength=3.000e+00|delta=8.057e-11|jvar=3.325e-14|null8=13
ROOT|root-000009|raw=1.059e-13|cusp=0|noniso=1|strength=9.556e+23|delta=8.476e+49|jvar=1.903e-01|null8=2
ROOT|root-000010|raw=2.164e-13|cusp=0|noniso=1|strength=1.110e+24|delta=7.080e+49|jvar=6.867e-02|null8=2
ROOT|root-000011|raw=8.188e-16|cusp=1|noniso=0|strength=3.000e+00|delta=1.154e-13|jvar=6.172e-17|null8=11
ROOT|root-000012|raw=1.059e-13|cusp=0|noniso=0|strength=3.000e+00|delta=3.109e-11|jvar=7.140e-15|null8=13
ROOT|root-000013|raw=5.135e-16|cusp=1|noniso=0|strength=3.000e+00|delta=1.333e-13|jvar=1.819e-16|null8=13
ROOT|root-000014|raw=2.956e-13|cusp=0|noniso=1|strength=5.905e+22|delta=2.981e+47|jvar=4.552e-02|null8=2
ROOT|root-000015|raw=2.498e-14|cusp=0|noniso=0|strength=3.000e+00|delta=8.196e-12|jvar=1.103e-15|null8=12
ROOT|root-000016|raw=1.440e-11|cusp=0|noniso=0|strength=3.000e+00|delta=4.942e-10|jvar=1.368e-13|null8=10
ROOT|root-000017|raw=1.632e-12|cusp=0|noniso=0|strength=3.000e+00|delta=2.190e-09|jvar=6.139e-13|null8=10
ROOT|root-000018|raw=2.087e-14|cusp=1|noniso=0|strength=3.000e+00|delta=8.804e-14|jvar=5.847e-17|null8=13
ROOT|root-000019|raw=1.943e-16|cusp=1|noniso=0|strength=3.000e+00|delta=2.992e-14|jvar=8.098e-17|null8=11
ROOT|root-000020|raw=1.120e-13|cusp=0|noniso=1|strength=3.706e+24|delta=1.143e+51|jvar=8.660e-02|null8=2
ROOT|root-000021|raw=9.993e-13|cusp=0|noniso=0|strength=2.926e+00|delta=3.678e-11|jvar=1.476e-14|null8=12
ROOT|root-000022|raw=4.441e-16|cusp=1|noniso=0|strength=3.000e+00|delta=1.276e-13|jvar=1.122e-16|null8=11
ROOT|root-000023|raw=1.887e-15|cusp=1|noniso=0|strength=3.000e+00|delta=3.265e-13|jvar=9.684e-17|null8=11
ROOT|root-000024|raw=2.747e-11|cusp=0|noniso=0|strength=3.000e+00|delta=2.290e-08|jvar=1.211e-11|null8=10
ROOT|root-000025|raw=2.089e-15|cusp=0|noniso=0|strength=3.000e+00|delta=3.240e-11|jvar=1.952e-14|null8=13
ROOT|root-000026|raw=4.632e-13|cusp=0|noniso=0|strength=3.000e+00|delta=3.293e-06|jvar=7.070e-10|null8=10
ROOT|root-000027|raw=2.165e-11|cusp=0|noniso=0|strength=3.000e+00|delta=2.258e-08|jvar=8.395e-12|null8=10
ROOT|root-000028|raw=2.571e-11|cusp=0|noniso=0|strength=3.000e+00|delta=7.754e-10|jvar=2.643e-13|null8=10
ROOT|root-000029|raw=8.139e-13|cusp=0|noniso=1|strength=2.999e+00|delta=1.798e-01|jvar=1.515e-05|null8=10
ROOT|root-000030|raw=6.661e-16|cusp=1|noniso=0|strength=2.245e+00|delta=1.548e-13|jvar=7.867e-17|null8=13
ROOT|root-000031|raw=5.074e-13|cusp=0|noniso=0|strength=3.000e+00|delta=3.652e-10|jvar=3.967e-14|null8=12
ROOT|root-000032|raw=3.238e-13|cusp=0|noniso=1|strength=9.957e+17|delta=5.879e+37|jvar=1.857e-02|null8=11

TOP ROOTS
RANK|root=root-000001|run=1|raw=6.974e-15|cusp=0|noniso=1|strength=2.667e+00|delta=9.873e-02|jvar=1.294e-05|deg=(8,12,24)|null8=9|null10=2
RANK|root=root-000029|run=29|raw=8.139e-13|cusp=0|noniso=1|strength=2.999e+00|delta=1.798e-01|jvar=1.515e-05|deg=(8,12,24)|null8=10|null10=2
RANK|root=root-000032|run=32|raw=3.238e-13|cusp=0|noniso=1|strength=9.957e+17|delta=5.879e+37|jvar=1.857e-02|deg=(8,12,24)|null8=11|null10=0
RANK|root=root-000020|run=20|raw=1.120e-13|cusp=0|noniso=1|strength=3.706e+24|delta=1.143e+51|jvar=8.660e-02|deg=(8,12,23)|null8=2|null10=0
RANK|root=root-000010|run=10|raw=2.164e-13|cusp=0|noniso=1|strength=1.110e+24|delta=7.080e+49|jvar=6.867e-02|deg=(8,11,18)|null8=2|null10=2
RANK|root=root-000009|run=9|raw=1.059e-13|cusp=0|noniso=1|strength=9.556e+23|delta=8.476e+49|jvar=1.903e-01|deg=(8,12,24)|null8=2|null10=0
RANK|root=root-000014|run=14|raw=2.956e-13|cusp=0|noniso=1|strength=5.905e+22|delta=2.981e+47|jvar=4.552e-02|deg=(8,12,24)|null8=2|null10=0
RANK|root=root-000002|run=2|raw=3.460e-13|cusp=0|noniso=0|strength=3.000e+00|delta=1.641e-10|jvar=5.231e-14|deg=(8,12,24)|null8=9|null10=9
RANK|root=root-000007|run=7|raw=7.791e-13|cusp=0|noniso=0|strength=3.000e+00|delta=3.025e-10|jvar=3.885e-14|deg=(8,12,24)|null8=9|null10=9
RANK|root=root-000005|run=5|raw=1.727e-11|cusp=0|noniso=0|strength=3.028e+00|delta=5.839e-09|jvar=1.687e-12|deg=(8,12,24)|null8=10|null10=10
RANK|root=root-000028|run=28|raw=2.571e-11|cusp=0|noniso=0|strength=3.000e+00|delta=7.754e-10|jvar=2.643e-13|deg=(8,12,24)|null8=10|null10=10
RANK|root=root-000016|run=16|raw=1.440e-11|cusp=0|noniso=0|strength=3.000e+00|delta=4.942e-10|jvar=1.368e-13|deg=(8,12,24)|null8=10|null10=9
RANK|root=root-000017|run=17|raw=1.632e-12|cusp=0|noniso=0|strength=3.000e+00|delta=2.190e-09|jvar=6.139e-13|deg=(8,12,24)|null8=10|null10=10
RANK|root=root-000027|run=27|raw=2.165e-11|cusp=0|noniso=0|strength=3.000e+00|delta=2.258e-08|jvar=8.395e-12|deg=(8,12,24)|null8=10|null10=10
RANK|root=root-000026|run=26|raw=4.632e-13|cusp=0|noniso=0|strength=3.000e+00|delta=3.293e-06|jvar=7.070e-10|deg=(8,12,24)|null8=10|null10=6
RANK|root=root-000024|run=24|raw=2.747e-11|cusp=0|noniso=0|strength=3.000e+00|delta=2.290e-08|jvar=1.211e-11|deg=(8,12,24)|null8=10|null10=10
RANK|root=root-000004|run=4|raw=3.919e-13|cusp=0|noniso=0|strength=3.000e+00|delta=3.015e-10|jvar=3.762e-14|deg=(8,12,24)|null8=11|null10=11
RANK|root=root-000015|run=15|raw=2.498e-14|cusp=0|noniso=0|strength=3.000e+00|delta=8.196e-12|jvar=1.103e-15|deg=(8,12,24)|null8=12|null10=12
RANK|root=root-000031|run=31|raw=5.074e-13|cusp=0|noniso=0|strength=3.000e+00|delta=3.652e-10|jvar=3.967e-14|deg=(8,11,20)|null8=12|null10=10
RANK|root=root-000021|run=21|raw=9.993e-13|cusp=0|noniso=0|strength=2.926e+00|delta=3.678e-11|jvar=1.476e-14|deg=(8,12,24)|null8=12|null10=10
saved = /Users/royvanrijn/Documents/jacobian-research/elkies-k3/results/coxeter9-slope-numeric-v1/root-diagnostics.tsv
