smith_form tuple length = 3
SNF diagonal:
[1, 1, 1, 1, 1, 1, 1, 1, 1, 1, 1, 2, 2, 2, 2, 2, 20]
nontrivial quotient coordinates:
[(11, 2), (12, 2), (13, 2), (14, 2), (15, 2), (16, 20)]
quotient order = 640

========== MINIMAL VECTOR COSET DISTRIBUTION ==========
occupied glue cosets = 315
empty glue cosets = 325
signed vectors per occupied coset:
    1 vectors :  40 cosets
    2 vectors :  64 cosets
    3 vectors :  26 cosets
    4 vectors :  28 cosets
    6 vectors :  34 cosets
    8 vectors :   6 cosets
    9 vectors :   4 cosets
   10 vectors :  18 cosets
   12 vectors :  28 cosets
   14 vectors :  34 cosets
   16 vectors :   4 cosets
   20 vectors :  16 cosets
   24 vectors :   7 cosets
   30 vectors :   2 cosets
   48 vectors :   1 cosets
   80 vectors :   2 cosets
  164 vectors :   1 cosets

occupied cosets modulo +/- = 171
self-inverse occupied cosets = 27

========== PROJECTION NORM DISTRIBUTION ==========
Knorm=       0  Cnorm=       4  count=4
Knorm=     4/5  Cnorm=    16/5  count=36
Knorm=       1  Cnorm=       3  count=56
Knorm=   21/20  Cnorm=   59/20  count=66
Knorm=     6/5  Cnorm=    14/5  count=162
Knorm=     5/4  Cnorm=    11/4  count=100
Knorm=   29/20  Cnorm=   51/20  count=210
Knorm=     9/5  Cnorm=    11/5  count=64
Knorm=       2  Cnorm=       2  count=288
Knorm=   41/20  Cnorm=   39/20  count=180
Knorm=    11/5  Cnorm=     9/5  count=504
Knorm=     9/4  Cnorm=     7/4  count=252
Knorm=   49/20  Cnorm=   31/20  count=320
Knorm=    14/5  Cnorm=     6/5  count=60
Knorm=       3  Cnorm=       1  count=160
Knorm=       4  Cnorm=       0  count=160

number of distinct projection norm pairs = 16

========== MOST POPULATED COSETS ==========
coset (0, 0, 0, 0, 0, 0) count 164 projection_types [('0', '4', 4), ('4', '0', 160)]
coset (0, 0, 0, 0, 1, 10) count 80 projection_types [('3', '1', 80)]
coset (1, 0, 0, 1, 1, 0) count 80 projection_types [('3', '1', 80)]
coset (1, 0, 0, 1, 0, 10) count 48 projection_types [('2', '2', 48)]
coset (0, 0, 1, 0, 0, 4) count 30 projection_types [('14/5', '6/5', 30)]
coset (0, 0, 1, 0, 0, 16) count 30 projection_types [('14/5', '6/5', 30)]
coset (0, 0, 1, 0, 1, 0) count 24 projection_types [('2', '2', 24)]
coset (0, 0, 1, 1, 0, 0) count 24 projection_types [('2', '2', 24)]
coset (0, 1, 0, 1, 0, 10) count 24 projection_types [('2', '2', 24)]
coset (0, 1, 0, 1, 1, 10) count 24 projection_types [('2', '2', 24)]
coset (0, 1, 1, 0, 1, 10) count 24 projection_types [('2', '2', 24)]
coset (1, 0, 1, 0, 0, 10) count 24 projection_types [('2', '2', 24)]
coset (1, 1, 1, 1, 0, 0) count 24 projection_types [('2', '2', 24)]
coset (0, 0, 1, 0, 0, 7) count 20 projection_types [('49/20', '31/20', 20)]
coset (0, 0, 1, 0, 0, 13) count 20 projection_types [('49/20', '31/20', 20)]
coset (0, 0, 1, 0, 1, 3) count 20 projection_types [('49/20', '31/20', 20)]
coset (0, 0, 1, 0, 1, 17) count 20 projection_types [('49/20', '31/20', 20)]
coset (0, 1, 0, 0, 1, 3) count 20 projection_types [('49/20', '31/20', 20)]
coset (0, 1, 0, 0, 1, 17) count 20 projection_types [('49/20', '31/20', 20)]
coset (0, 1, 1, 0, 0, 3) count 20 projection_types [('49/20', '31/20', 20)]
coset (0, 1, 1, 0, 0, 17) count 20 projection_types [('49/20', '31/20', 20)]
coset (0, 1, 1, 1, 0, 7) count 20 projection_types [('49/20', '31/20', 20)]
coset (0, 1, 1, 1, 0, 13) count 20 projection_types [('49/20', '31/20', 20)]
coset (0, 1, 1, 1, 1, 3) count 20 projection_types [('49/20', '31/20', 20)]
coset (0, 1, 1, 1, 1, 17) count 20 projection_types [('49/20', '31/20', 20)]
coset (1, 1, 1, 0, 0, 3) count 20 projection_types [('49/20', '31/20', 20)]
coset (1, 1, 1, 0, 0, 17) count 20 projection_types [('49/20', '31/20', 20)]
coset (1, 1, 1, 0, 1, 7) count 20 projection_types [('49/20', '31/20', 20)]
coset (1, 1, 1, 0, 1, 13) count 20 projection_types [('49/20', '31/20', 20)]
coset (0, 0, 1, 0, 1, 6) count 16 projection_types [('9/5', '11/5', 16)]
coset (0, 0, 1, 0, 1, 14) count 16 projection_types [('9/5', '11/5', 16)]
coset (1, 0, 1, 1, 1, 4) count 16 projection_types [('9/5', '11/5', 16)]
coset (1, 0, 1, 1, 1, 16) count 16 projection_types [('9/5', '11/5', 16)]
coset (0, 0, 0, 0, 0, 5) count 14 projection_types [('9/4', '7/4', 14)]
coset (0, 0, 0, 0, 0, 15) count 14 projection_types [('9/4', '7/4', 14)]
coset (0, 0, 0, 0, 1, 5) count 14 projection_types [('9/4', '7/4', 14)]
coset (0, 0, 0, 0, 1, 15) count 14 projection_types [('9/4', '7/4', 14)]
coset (0, 0, 0, 1, 1, 8) count 14 projection_types [('11/5', '9/5', 14)]
coset (0, 0, 0, 1, 1, 12) count 14 projection_types [('11/5', '9/5', 14)]
coset (0, 0, 1, 1, 0, 5) count 14 projection_types [('9/4', '7/4', 14)]

saved under /Users/royvanrijn/Documents/jacobian-research/elkies-k3/data/glue
