support size = 315
weight sum = 2622

SUPPORT FOURIER ABS SPECTRUM
0.03738949 6
0.05572809 2
0.09673444 2
0.17962758 2
0.23606798 8
0.52786405 2
0.53076859 2
0.55201174 2
0.59512836 2
0.61867657 2
0.66489252 2
0.70529938 2
1.0 26
1.07768354 8
1.17743534 2
1.27345747 8
1.28658646 2
1.29179607 6
1.3694796 2
1.41569556 2
1.42882455 2
1.47213595 8
1.49047455 6
1.74559343 2
1.76393202 14
1.86658837 2
1.97072466 2
2.05572809 2
2.15838444 6
2.23606798 8
2.27937939 2
2.31375151 2
2.35415838 2
2.37540152 2
2.41640786 2
2.52786405 2
2.70820393 4
2.72654253 8
2.76464433 2
2.8819096 2
2.94355961 2
3.0 38
3.13933354 2
3.15246253 2
3.19867848 2
3.39445242 2
3.47213595 8
3.49858871 2
3.59022635 2
3.7112213 2
3.75872241 2
3.76393202 2
3.78807971 2
3.84161556 2
3.94427191 2
3.94717646 2
3.99698263 2
4.05572809 2
4.17962758 2
4.23606798 8
4.26832983 2
4.29250837 2
4.50952545 2
4.52786405 2
4.6305204 2
4.66489252 2
4.70529938 2
4.70820393 4
4.78588747 2
4.94728928 2
4.9816614 2
5.0 14
5.07768354 8
5.11436073 2
5.29179607 2
5.47213595 8
5.62459848 2
5.76393202 6
5.96261051 2
6.0007123 2
6.19275657 2
6.23606798 14
6.3885305 2
6.43474646 2
6.52786405 4
6.76091466 2
6.7821578 2
7.0 27
7.12389949 2
7.23305061 2
7.47213595 8
7.76393202 2
7.93533263 2
8.02195545 2
8.23606798 2
8.31375151 6
8.53076859 2
8.65176354 2
8.70820393 4
9.0 11
9.17140061 2
9.29179607 2
9.42882455 2
9.47213595 2
9.54981949 2
9.76393202 2
9.76683657 2
10.19275657 2
10.23606798 6
10.23897253 2
10.35996747 2
10.52786405 4
10.70820393 4
10.78588747 2
10.8819096 2
10.9816614 2
11.0 11
11.23305061 2
11.47213595 2
11.70518657 2
11.76393202 2
12.03508443 2
12.21772938 2
12.23606798 2
12.43474646 2
13.0 4
13.13702848 2
13.47213595 2
13.60543476 2
13.67081444 2
13.76683657 2
13.94427191 2
14.23606798 2
14.46911859 2
14.70820393 6
15.0 2
15.47213595 4
15.65085645 2
15.78807971 2
16.11797758 2
16.23606798 2
16.88854382 2
17.0 10
17.35404556 2
17.93741206 2
17.94427191 2
18.69926465 2
18.70820393 2
18.88854382 2
19.0 9
19.02414769 2
19.32405792 2
19.47213595 4
19.73352396 2
19.93533263 2
19.94427191 2
20.07757072 2
20.11194285 2
21.0 6
21.94427191 2
21.98758332 2
22.17732252 2
22.19856567 2
22.70820393 2
23.0 7
23.4133905 2
24.41640786 2
25.0 3
28.95742753 2
29.0 1
30.5840788 2
31.0 2
32.48529157 2
32.84523241 2
34.81966011 2
50.88168397 2
52.48529157 2
52.67779587 2
57.18033989 2
64.95742753 2
315.0 1

WEIGHTED FOURIER ABS SPECTRUM
0.46116034 2
1.54046327 2
1.90462045 2
2.0 6
2.86441259 2
3.14068842 2
4.02128624 2
4.07228262 2
4.48311157 2
5.28893461 2
5.69560471 2
6.0 7
7.90983006 2
8.52500259 2
10.0 8
10.02128624 2
11.72949017 2
11.78048655 2
13.38196601 2
14.0 6
15.22346875 2
15.33144753 2
15.61803399 2
17.26561833 2
18.0 3
18.09537955 2
18.45953673 2
18.53698587 2
19.09016994 2
19.10927618 2
20.3767564 2
21.29992669 2
22.0 9
22.69275549 4
23.14068842 2
23.20162612 2
24.05354809 2
24.86509404 2
24.97382226 2
26.0 1
26.45680033 2
26.70317893 2
26.80469653 2
27.98740078 2
28.10116202 2
28.42727066 4
29.27683249 2
30.0 5
31.18847051 2
31.36322271 2
31.48125778 2
32.60487837 2
33.38196601 2
34.49342219 2
34.90983006 2
35.22346875 2
35.61803399 2
35.78521826 2
37.07142665 2
38.38196601 2
40.01061509 2
40.4124007 4
40.61803399 2
42.0 3
42.20162612 2
43.48470855 2
43.88351882 2
44.14589803 2
45.27050983 2
45.9568445 2
46.0 2
46.09016994 2
46.48026657 2
46.89667444 2
47.79837388 2
48.14589803 2
48.90983006 2
49.4376941 2
50.85410197 2
50.97871376 2
53.99633129 4
54.0 2
54.18847051 2
54.67376208 2
54.85410197 2
55.06385871 2
56.97871376 2
58.0 2
58.20162612 2
60.09016994 2
61.49342219 2
63.51216549 2
64.75158507 2
65.98765304 2
66.0 4
66.60487837 2
66.79837388 2
66.88351882 2
69.22036942 2
69.48026657 2
69.5623059 2
70.07701433 2
70.13373362 2
70.32623792 2
70.66932011 2
72.50657781 2
73.14145606 2
74.0 1
75.13274242 2
75.96555815 2
76.44493202 4
76.78521826 2
77.55159901 2
78.27361545 2
80.78766699 2
81.49342219 2
82.0 2
82.20162612 2
82.79837388 2
84.49342219 2
86.0 3
86.98927839 2
87.21478174 2
89.83889347 2
89.90983006 2
90.0 1
90.9483057 2
92.62225033 2
93.73469978 2
93.8583183 2
97.54709741 2
97.72949017 2
98.0 2
98.78000865 2
99.16437608 2
99.50657781 2
101.09016994 2
102.4376941 2
103.72658322 2
103.89257761 2
105.03444185 2
105.63651203 2
106.39512163 2
106.79837388 2
108.0697764 4
110.19871918 2
115.63592131 2
118.0 2
119.02439186 2
119.32211446 4
119.50657781 2
121.90114304 2
122.0 3
122.50657781 2
122.5623059 2
123.34412525 2
124.69101452 2
128.13274242 2
128.21478174 2
128.21640957 2
130.0 2
131.27050983 2
131.73732336 2
131.81152949 2
131.89667444 2
133.14589803 2
134.10332556 2
134.92298567 2
137.35565478 2
138.0 3
138.20945931 2
138.47204862 2
139.85410197 2
140.16526489 2
140.39512163 2
142.0 4
142.54505346 2
143.76501289 2
145.17531489 2
145.95240253 2
150.0 2
152.08335211 2
152.42062768 2
152.84094635 2
153.65669566 2
154.69286709 2
154.81152949 2
155.58414853 2
157.70007331 2
157.86725758 2
160.51973343 2
161.81520624 2
162.35099148 2
166.71388582 2
167.92533094 2
169.9499538 2
175.36881039 2
177.87657444 2
179.39822725 2
183.51973343 2
185.23104298 2
185.82779073 2
186.0 1
190.0 3
190.36881039 2
194.0 2
195.93614129 2
196.84094635 2
197.10233436 2
201.2844258 2
202.0 2
207.11648118 2
210.86725758 2
212.29682107 2
214.0 2
215.48896028 4
218.0 2
219.10332556 2
222.15905365 2
222.29992669 2
226.52121122 2
230.11648118 2
230.18847051 2
234.0 1
236.30713169 2
237.02128624 2
238.0 1
242.0 1
246.0 4
250.0 1
251.04759747 2
253.63118961 2
253.95661044 2
254.84175153 2
256.07781951 2
258.0 1
259.89951943 2
266.15905365 2
268.63118961 2
269.7516806 2
274.0 1
282.0 1
283.97871376 2
290.0 1
290.37603681 2
291.64434522 2
294.0 1
318.48026657 2
321.82468511 2
326.0 2
327.08215355 2
330.0 1
330.81152949 2
331.17220927 2
332.79035748 2
336.04887105 2
342.0 2
346.0 2
352.87719616 2
355.34933212 2
358.70007331 2
362.0 2
366.0 1
366.72638455 2
367.49736632 2
373.84094635 2
379.76895702 2
382.00377723 2
395.10533452 2
401.13709514 2
401.64725217 2
408.11938812 2
426.40626829 2
427.60177275 2
432.40504508 2
432.51973343 2
437.10207846 2
437.62258945 2
443.15905365 2
476.77962817 2
487.97560814 2
497.18883567 2
524.39692678 2
526.0 1
530.10513071 2
558.0 1
566.0 1
574.0 2
594.0 2
680.05707634 2
698.01844246 2
706.29024466 2
714.83473511 2
722.0 1
751.38435493 2
866.0 1
901.80421596 2
978.95240253 2
998.93769897 2
1061.12342556 2
1084.04759747 2
2622.0 1

Largest weighted coefficients:
(0, 0, 0, 0, 0, 0) (2622-0j) 2622.0
(1, 1, 1, 1, 0, 8) (1084.0475974712467+1.1180615027169535e-12j) 1084.0475974712467
(1, 1, 1, 1, 0, 12) (1084.0475974712456+1.4874115992392678e-12j) 1084.0475974712456
(0, 0, 0, 0, 0, 12) (1061.1234255562092+1.6663866778504887e-12j) 1061.1234255562092
(0, 0, 0, 0, 0, 8) (1061.1234255562083+8.559802380122356e-13j) 1061.1234255562083
(0, 1, 1, 1, 1, 13) (998.9376989684569+4.699876253602426e-13j) 998.9376989684569
(0, 1, 1, 1, 1, 7) (998.9376989684563+9.481205125966334e-13j) 998.9376989684563
(1, 1, 1, 1, 0, 4) (978.9524025287553+6.195924684307332e-13j) 978.9524025287553
(1, 1, 1, 1, 0, 16) (978.9524025287539+5.800052174426524e-13j) 978.9524025287539
(0, 0, 1, 1, 1, 3) (901.8042159600395+4.143608708220204e-13j) 901.8042159600395
(0, 0, 1, 1, 1, 17) (901.804215960039+1.9213877387497896e-12j) 901.804215960039
(1, 1, 0, 1, 0, 0) (866+1.2221975055490585e-13j) 866.0
(1, 0, 0, 0, 1, 9) (751.3843549298905+7.952174414282986e-13j) 751.3843549298905
(1, 0, 0, 0, 1, 11) (751.3843549298903+5.946174489648247e-13j) 751.3843549298903
(0, 1, 0, 0, 0, 10) (722+2.5766806897701973e-13j) 722.0
(1, 0, 0, 1, 0, 14) (714.8347351087243+1.4653001143856815e-12j) 714.8347351087243
(1, 0, 0, 1, 0, 6) (714.8347351087236+9.173784881517414e-13j) 714.8347351087236
(1, 1, 0, 0, 1, 11) (706.2902446598179+5.890527279534602e-13j) 706.2902446598179
(1, 1, 0, 0, 1, 9) (706.2902446598177+5.450150769407808e-13j) 706.2902446598177
(0, 1, 1, 1, 1, 19) (698.0184424616529+3.3282414605761407e-12j) 698.0184424616529
(0, 1, 1, 1, 1, 1) (698.0184424616518+1.828591234040802e-13j) 698.0184424616518
(1, 0, 1, 0, 1, 13) (680.0570763442065+4.4565523013068505e-13j) 680.0570763442065
(1, 0, 1, 0, 1, 7) (680.0570763442062+5.817747744418613e-13j) 680.0570763442062
(0, 0, 0, 1, 1, 15) (593.9999999999997+7.81564635370748e-13j) 593.9999999999997
(0, 0, 0, 1, 1, 5) (593.999999999999+2.253077758951031e-13j) 593.999999999999
(0, 1, 0, 1, 1, 15) (573.9999999999999+1.0345519983352574e-12j) 573.9999999999999
(0, 1, 0, 1, 1, 5) (573.9999999999987+1.9370198478691598e-13j) 573.9999999999987
(0, 0, 0, 1, 0, 0) (566-1.258936909523479e-13j) 566.0
(1, 0, 0, 0, 0, 0) (558-1.2638354967200685e-13j) 558.0
(1, 0, 0, 1, 0, 19) (530.1051307134948+2.4647863763330044e-12j) 530.1051307134948
(1, 0, 0, 1, 0, 1) (530.1051307134941+3.470900095728819e-14j) 530.1051307134941
(1, 1, 1, 1, 0, 10) (526+3.790318982199254e-13j) 526.0
(0, 1, 0, 0, 0, 9) (524.3969267809949+4.545850057771128e-13j) 524.3969267809949
(0, 1, 0, 0, 0, 11) (524.3969267809942-1.718826089468062e-13j) 524.3969267809942
(1, 1, 0, 0, 1, 19) (497.1888356726488+1.845061756905837e-12j) 497.1888356726488
(1, 1, 0, 0, 1, 1) (497.18883567264777+8.087262030229722e-14j) 497.18883567264777
(1, 0, 0, 1, 0, 16) (487.97560814373327+7.036983195731137e-13j) 487.97560814373327
(1, 0, 0, 1, 0, 4) (487.9756081437328+3.4464631601473207e-13j) 487.9756081437328
(0, 1, 0, 1, 1, 3) (476.77962817042567+2.0200274208523148e-13j) 476.77962817042567
(0, 1, 0, 1, 1, 17) (476.7796281704254+8.155441023715983e-13j) 476.7796281704254
