seed = [1337, 736, 2474]
rank = 3

SEED GRAM
[ 4 -2 -2]
[-2  4  0]
[-2  0  4]
det = 32

coordinate Smith invariants = [1, 1, 1]
primitive row lattice = True

MOTIF IN P,Q,R COORDINATES
1337 = (1) P + (0) Q + (0) R
 736 = (0) P + (1) Q + (0) R
2474 = (0) P + (0) Q + (1) R
 430 = (-1) P + (-1) Q + (0) R
2475 = (0) P + (0) Q + (-1) R
 737 = (0) P + (-1) Q + (0) R
1367 = (-1) P + (0) Q + (-1) R
 447 = (-1) P + (-1) Q + (-1) R
1336 = (-1) P + (0) Q + (0) R
 431 = (1) P + (1) Q + (0) R

all coordinates integral = True

RELATIONS IN P,Q,R COORDINATES
430 + 736 = 1336    (-1, -1, 0) + (0, 1, 0) = (-1, 0, 0)
431 + 447 = 2475    (1, 1, 0) + (-1, -1, -1) = (0, 0, -1)
431 + 737 = 1337    (1, 1, 0) + (0, -1, 0) = (1, 0, 0)
737 + 1367 = 447    (0, -1, 0) + (-1, 0, -1) = (-1, -1, -1)
1337 + 1367 = 2475    (1, 0, 0) + (-1, 0, -1) = (0, 0, -1)
430 + 1337 = 737    (-1, -1, 0) + (1, 0, 0) = (0, -1, 0)
430 + 2475 = 447    (-1, -1, 0) + (0, 0, -1) = (-1, -1, -1)
736 + 1337 = 431    (0, 1, 0) + (1, 0, 0) = (1, 1, 0)
1336 + 2475 = 1367    (-1, 0, 0) + (0, 0, -1) = (-1, 0, -1)
431 + 1336 = 736    (1, 1, 0) + (-1, 0, 0) = (0, 1, 0)
447 + 736 = 1367    (-1, -1, -1) + (0, 1, 0) = (-1, 0, -1)
447 + 2474 = 430    (-1, -1, -1) + (0, 0, 1) = (-1, -1, 0)
737 + 1336 = 430    (0, -1, 0) + (-1, 0, 0) = (-1, -1, 0)
1367 + 2474 = 1336    (-1, 0, -1) + (0, 0, 1) = (-1, 0, 0)

saved /Users/royvanrijn/Documents/jacobian-research/elkies-k3/data/relations/rank3_motif_coordinates.txt
