HDET|h=17.809682094705259
LLL|target=start
LLL|target=done
LLL|candidate=start
LLL|candidate=done

REDUCED
rel_frob=0.90053612825869955
max_rel=0.805622783609235
max_UG=4
max_UM=2

TARGET LLL TRANSFORM UG
[ 1  0  0  0  0  0  0  1  1  0 -1  1 -2  0  0  0 -1]
[ 0  1  0  0  0  0 -1 -1 -1 -1  1  0  1  0 -1  0  1]
[ 0  0  0  0  0  0  0  0  0  0  0  1  0 -1 -1  0 -1]
[ 0  0  1  0  0  0 -1 -1 -1 -1  0  1  1 -1 -1  0 -1]
[ 0  0  0  0  0  1  0  0  0 -1  0  2 -1 -1 -1 -1 -1]
[ 0  0  0  0  0  0  0  1  2  2  1 -2  0  1  1  1  0]
[ 0  0  0  1  0 -1  1  1  2  3  0 -4  0  2  3  2  1]
[ 0  0  0  0  0  0  0  0 -1 -1 -1  1  0  0 -1 -1  0]
[ 0  0  0  0  1 -1  0  0  0  0  0 -2  2  2  1  0  1]
[ 0  0  0  0  0  0  0  0 -1  0  0  0  1  0 -1 -1  0]
[ 0  0  0  0  0  0  0  0  1  1  1  0 -1  0  0  0  0]
[ 0  0  0  0  0  0  1  1  1  2  0 -3  0  1  2  1  1]
[ 0  0  0  0  0  0  0  0  0  0  0  0  0  0  1  1  0]
[ 0  0  0  0  0  0  0  0 -2 -2 -1  1  1  0 -1 -1  0]
[ 0  0  0  0  0  0  0  0  0  0  0 -1  0  1  1  1  1]
[ 0  0  0  0  0  0  0  0  1  1  1  0  0  0  0  0  0]
[ 0  0  0  0  0  0  0  0  1  1  1 -1  0  0  1  1  1]

CANDIDATE LLL TRANSFORM UM
[ 1  0  0  0  0  0  0  0  0 -1 -1  0  0  0  0 -1  0]
[ 0  0  0  0  0  0  0  0  0  1  1  0  0  1  0  1  0]
[ 0  0  0  0  0  1  0  0  0  0 -1  0  0  0  0 -1  0]
[ 0  0  0  0  0  0  0  1 -1  1  0  1  1  0  0  0  0]
[ 0  0  1  0  0  0  0  0  0 -1 -1  0  0  0  0 -1  0]
[ 0  0  0  1  0  0  0 -1  0  0  0  0  0  0  0  1  0]
[ 0  0  0  0  0  0  0  0  0  1  1  0  0  0  0  0 -1]
[ 0  0  0  0  1  0  0  0  0  0  0  0  0  0  0  1  0]
[ 0  1  0  0  0  0  0  0  0 -2 -2  0  0  0  0 -2  0]
[ 0  0  0  0  0  0  0  0  1  0  1  0  0  0  0  0  0]
[ 0  0  0  0  0  0  0  0  0  1  1  0  0  0  0  1  0]
[ 0  0  0  0  0  0  1  0  0  0  0  0  0  0  0  0  0]
[ 0  0  0  0  0  0  0  0  0  1  1  0  0  0  1  1  0]
[ 0  0  0  0  0  0  0  0  0  1  1  0  0  0  0  0  0]
[ 0  0  0  0  0  0  0  0  0 -1  0  0  0  0  0 -1  0]
[ 0  0  0  0  0  0  0  1 -1  0 -1  0  1  0  0  0  0]
[ 0  0  0  0  0  0  0  0  1  0  1  0 -1  0  0  0  0]

REDUCED TARGET GRAM
[      71.23872837882104       35.61936418941052       35.61936418941052       17.80968209470526       35.61936418941052      -35.61936418941052      -35.61936418941052       17.80968209470526       35.61936418941052      -35.61936418941052     -17.809682094705266       35.61936418941052     -17.809682094705266      17.809682094705252      17.809682094705224       35.61936418941052     -17.809682094705266]
[      35.61936418941052       71.23872837882104       17.80968209470526       35.61936418941052                     0.0      -17.80968209470526     -35.619364189410526      -17.80968209470526  -7.105427357601002e-15      -17.80968209470526       17.80968209470526                     0.0      -17.80968209470526                     0.0     -17.809682094705288       35.61936418941052       17.80968209470526]
[      35.61936418941052       17.80968209470526       71.23872837882104       35.61936418941052       35.61936418941052      -35.61936418941052     -17.809682094705266     -17.809682094705266   7.105427357601002e-15      -35.61936418941052      -35.61936418941052      17.809682094705238       17.80968209470526     -17.809682094705266      35.619364189410504       35.61936418941052      -35.61936418941052]
[      17.80968209470526       35.61936418941052       35.61936418941052       71.23872837882104                     0.0      -35.61936418941052                     0.0     -17.809682094705266   7.105427357601002e-15 -1.4210854715202004e-14      -17.80968209470526                     0.0                     0.0     -17.809682094705266       17.80968209470526      35.619364189410526      -17.80968209470526]
[      35.61936418941052                     0.0       35.61936418941052                     0.0       71.23872837882104      -35.61936418941052                     0.0                     0.0       35.61936418941052      -35.61936418941052     -17.809682094705266       35.61936418941052       17.80968209470526       17.80968209470526      35.619364189410504                     0.0      -17.80968209470526]
[     -35.61936418941052      -17.80968209470526      -35.61936418941052      -35.61936418941052      -35.61936418941052       71.23872837882104       17.80968209470526       17.80968209470526     -17.809682094705252       17.80968209470526       17.80968209470526     -17.809682094705266      -17.80968209470526     -17.809682094705252     -35.619364189410526     -35.619364189410526       17.80968209470526]
[     -35.61936418941052     -35.619364189410526     -17.809682094705266                     0.0                     0.0       17.80968209470526       71.23872837882105      17.809682094705273  1.4210854715202004e-14       35.61936418941053     -17.809682094705266     -17.809682094705266 -1.4210854715202004e-14     -17.809682094705252      17.809682094705273      -35.61936418941052                     0.0]
[      17.80968209470526      -17.80968209470526     -17.809682094705266     -17.809682094705266                     0.0      17.809682094705266       17.80968209470526       71.23872837882104       35.61936418941052      17.809682094705252      -17.80968209470526   2.842170943040401e-14      -17.80968209470526      17.809682094705252 -2.1316282072803006e-14     -17.809682094705273      -17.80968209470526]
[      35.61936418941052  -7.105427357601002e-15   7.105427357601002e-15   7.105427357601002e-15       35.61936418941052     -17.809682094705266   7.105427357601002e-15       35.61936418941055       71.23872837882108   5.684341886080802e-14                     0.0       35.61936418941046      -17.80968209470526      17.809682094705288      17.809682094705295   2.842170943040401e-14      -17.80968209470526]
[     -35.61936418941052      -17.80968209470526      -35.61936418941052 -1.4210854715202004e-14      -35.61936418941052      17.809682094705288      35.619364189410526      17.809682094705266 -1.4210854715202004e-14       71.23872837882101      17.809682094705252      -35.61936418941053  -7.105427357601002e-15     -17.809682094705266     -17.809682094705273     -17.809682094705295                     0.0]
[    -17.809682094705266       17.80968209470526      -35.61936418941052      -17.80968209470526     -17.809682094705266      17.809682094705266      -17.80968209470526     -17.809682094705266  -7.105427357601002e-15       17.80968209470526       71.23872837882104  1.4210854715202004e-14  -7.105427357601002e-15 -1.4210854715202004e-14     -35.619364189410526                     0.0      35.619364189410504]
[      35.61936418941052                     0.0      17.809682094705238                     0.0       35.61936418941052      -17.80968209470521     -17.809682094705217                     0.0       35.61936418941042      -35.61936418941063  -9.237055564881302e-14        71.2387283788212     -17.809682094705302  -6.394884621840902e-14      17.809682094705174       17.80968209470514     -17.809682094705316]
[    -17.809682094705266      -17.80968209470526       17.80968209470526                     0.0       17.80968209470526      -17.80968209470526                     0.0     -17.809682094705266     -17.809682094705266                     0.0   7.105427357601002e-15     -17.809682094705266       71.23872837882105                     0.0       17.80968209470526                     0.0     -17.809682094705252]
[     17.809682094705252                     0.0     -17.809682094705266     -17.809682094705266       17.80968209470526     -17.809682094705266      -17.80968209470526      17.809682094705266      17.809682094705273     -17.809682094705224  1.4210854715202004e-14  -5.684341886080802e-14  2.1316282072803006e-14       71.23872837882107  2.1316282072803006e-14     -17.809682094705245      17.809682094705273]
[     17.809682094705224     -17.809682094705288      35.619364189410504       17.80968209470526      35.619364189410504     -35.619364189410504      17.809682094705323  1.4210854715202004e-14      17.809682094705273     -17.809682094705188     -35.619364189410526      17.809682094705174      17.809682094705245   2.842170943040401e-14       71.23872837882112       17.80968209470528     -17.809682094705202]
[      35.61936418941052       35.61936418941052       35.61936418941052      35.619364189410526                     0.0     -35.619364189410526      -35.61936418941051     -17.809682094705252  2.1316282072803006e-14      -17.80968209470523   7.105427357601002e-15      17.809682094705238                     0.0     -17.809682094705252      17.809682094705266       71.23872837882107      -17.80968209470526]
[    -17.809682094705266       17.80968209470526      -35.61936418941052      -17.80968209470526      -17.80968209470526       17.80968209470526                     0.0     -17.809682094705266      -17.80968209470526   7.105427357601002e-15      35.619364189410526     -17.809682094705288     -17.809682094705252      17.809682094705273     -17.809682094705245      -17.80968209470526       71.23872837882104]

REDUCED CANDIDATE GRAM
[   46.3601302162979   -18.1690835309492    10.7902664184561    6.43212055634761   -3.23799078428137    12.2070881036494    8.93681353831032  -14.32933485984442   16.26664936330542 -10.048701334801986   3.768392407608335    7.09088059098979   -9.40864964508679    9.47226108874585    9.82102420881855 -11.841551613894953    9.90067091093202]
[  -18.1690835309492    48.9693753737525   -21.3056836497844    16.2377970588274     16.105741655799   -18.4420501678922    16.6845219460475   -10.3183667400793 -2.7654147795662993  -7.040924524222813  -8.840732965183705    -5.0649079130778 -10.829965421857699    10.7205165375616    10.6441792734743    24.6530111391968   -20.3284923593882]
[   10.7902664184561   -21.3056836497844    47.3803600292681    6.71259378449211    8.25208505341583    13.2722018702376    8.50123259120279  1.1695692490796699 -1.7350617177931502  -7.142913182327264 -14.285816857759976    11.6314575350781  11.907008358345049     1.8666247675278    6.61307529303312  -6.472021590702095    3.12764843243887]
[   6.43212055634761    16.2377970588274    6.71259378449211    48.1035216789085   0.710543187295912    7.91187216488762    11.1634617199205 -22.795645725112482   -3.77653604500537 -1.0577152575149715  -8.524044290247863    19.1137637622846  10.353857022586018     5.6022026605639    6.71750546031985  7.8261858107409195   -13.5799949014851]
[  -3.23799078428137     16.105741655799    8.25208505341583   0.710543187295912    48.6147478771663    10.1068404783772    20.4072367359016 -13.419265993889002  10.715880355851587 -21.062576608559773 -21.750559756692216   -14.8906568400341 -12.398182272665597     2.9110009602148     22.089398166111  21.049960061716597   -10.6928155009907]
[   12.2070881036494   -18.4420501678922    13.2722018702376    7.91187216488762    10.1068404783772    47.3494023176261    6.68083211862733 -18.776966293477628  17.798907197304338   9.857654522982047  -13.29158002725461    3.60544451560969 -1.6748642102092397   -8.44441741929606    4.47560403859322 -13.094366667555683    7.19489394182758]
[   8.93681353831032    16.6845219460475    8.50123259120279    11.1634617199205    20.4072367359016    6.68083211862733    49.4325742755537   -7.52834912890235   20.51716840797145  -21.55633189739445 -22.531360610485134    1.88616283588367  -6.686279039146751    3.66251672551905    7.72075700154837   6.433276645036612   -7.56489407661764]
[ -14.32933485984442   -10.3183667400793  1.1695692490796699 -22.795645725112482 -13.419265993889002 -18.776966293477628   -7.52834912890235   54.01630108357166 -21.772178467917595  12.854278749902775  -4.475742126202061   7.923920081455897   20.97876687184546 -18.207045762470578  -14.68711982251505 -1.8849148722534075  6.2231147927538695]
[  16.26664936330542 -2.7654147795662993 -1.7350617177931502   -3.77653604500537  10.715880355851587  17.798907197304338   20.51716840797145  -21.77217846791759  49.922564118688726 -21.054258728712643  3.0644305978659627 -11.434810356059963 -28.465954996483745  -2.684767796443202  13.105337453891412  -6.995216352669459   8.751449896870131]
[-10.048701334801986  -7.040924524222813  -7.142913182327264 -1.0577152575149715 -21.062576608559773   9.857654522982047  -21.55633189739445  12.854278749902774  -21.05425872871264   53.23381189997429  10.465334166522965  16.546567913333014   19.38279829783081 -14.928802016167786  -5.919626862611534  -2.691167943671555  -3.428535264162784]
[  3.768392407608335  -8.840732965183705 -14.285816857759976  -8.524044290247863 -21.750559756692216  -13.29158002725461 -22.531360610485134  -4.475742126202066   3.064430597865977  10.465334166522936   50.37932333033652   4.421078530787987  -10.61334177293282  0.1859593916652692   1.616694322506591  -15.00479513069917 -4.0150175048490695]
[   7.09088059098979    -5.0649079130778    11.6314575350781    19.1137637622846   -14.8906568400341    3.60544451560969    1.88616283588367   7.923920081455897 -11.434810356059963  16.546567913333014   4.421078530787987    47.3748034948301   7.552634833157995   -13.3841543329843   -2.99097734317555 -15.532225932641364   -2.77336265806709]
[  -9.40864964508679 -10.829965421857699  11.907008358345049  10.353857022586018 -12.398182272665597 -1.6748642102092397  -6.686279039146751   20.97876687184546  -28.46595499648375  19.382798297830817 -10.613341772932813   7.552634833157995   56.01472307558756 -12.366313514870798  -12.04473383979574   8.846118236855553   5.173676502244769]
[   9.47226108874585    10.7205165375616     1.8666247675278     5.6022026605639     2.9110009602148   -8.44441741929606    3.66251672551905 -18.207045762470578  -2.684767796443202 -14.928802016167786  0.1859593916652692   -13.3841543329843 -12.366313514870798    46.6560892840208   -3.56768190556183  12.116972151539565   -2.66823707087064]
[   9.82102420881855    10.6441792734743    6.61307529303312    6.71750546031985     22.089398166111    4.47560403859322    7.72075700154837  -14.68711982251505  13.105337453891412  -5.919626862611534   1.616694322506591   -2.99097734317555  -12.04473383979574   -3.56768190556183    49.5728427099315   18.57737288330429    1.42440804671656]
[-11.841551613894953    24.6530111391968  -6.472021590702095  7.8261858107409195  21.049960061716597 -13.094366667555683   6.433276645036612  -1.884914872253404   -6.99521635266946  -2.691167943671534 -15.004795130699122 -15.532225932641364   8.846118236855549  12.116972151539565   18.57737288330429  58.803757557336596  -2.409397132343968]
[   9.90067091093202   -20.3284923593882    3.12764843243887   -13.5799949014851   -10.6928155009907    7.19489394182758   -7.56489407661764  6.2231147927538695   8.751449896870131  -3.428535264162784 -4.0150175048490695   -2.77336265806709   5.173676502244769   -2.66823707087064    1.42440804671656  -2.409397132343968    48.1985477741391]

RESIDUAL
[ -24.87859816252314  -53.78844772035972  -24.82909777095442  -11.37756153835765  -38.85735497369189  47.826452293059916  44.556177727720836  -32.13901695454968   -19.3527148261051  25.570662854608532    21.5780745023136 -28.528483598420728   8.401032449618477  -8.337421005959403  -7.988657885886674  -47.46091580330547  27.710353005637288]
[ -53.78844772035972 -22.269353005068538  -39.11536574448966 -19.381567130583118     16.105741655799 -0.6323680731869423   52.30388613545803   7.491315354625959 -2.7654147795662922  10.768757570482446 -26.650415059888964    -5.0649079130778   6.979716672847561    10.7205165375616  28.453861368179588  -10.96635305021372  -38.13817445409346]
[ -24.82909777095442  -39.11536574448966  -23.85836834955294 -28.906770404918408  -27.36727913599469   48.89156605964812  26.310914685908056  18.979251343784938 -1.7350617177931573  28.476451007083256  21.333547331650543  -6.178224559627138   -5.90267373636021  19.676306862233066 -29.006288896377384  -42.09138578011262  38.747012621849386]
[ -11.37756153835765 -19.381567130583118 -28.906770404918408 -23.135206699912537   0.710543187295912   43.53123635429814    11.1634617199205  -4.985963630407216 -3.7765360450053773 -1.0577152575149573   9.285637804457396    19.1137637622846  10.353857022586018  23.411884755269167  -11.09217663438541 -27.793178378669605    4.22968719322016]
[ -38.85735497369189     16.105741655799  -27.36727913599469   0.710543187295912 -22.623980501654735   45.72620466778772    20.4072367359016 -13.419265993889002  -24.90348383355893  14.556787580850745  -3.940877661986949 -50.510021029444616 -30.207864367370856  -14.89868113449046 -13.529966023299504  21.049960061716597   7.116866593714558]
[ 47.826452293059916 -0.6323680731869423   48.89156605964812   43.53123635429814   45.72620466778772 -23.889326061194936  -11.12884997607793  -36.58664838818289   35.60858929200959  -7.952027571723212  -31.10126212195987  21.415126610314957   16.13481788449602   9.365264675409191  40.094968228003744  22.524997521854843  -10.61478815287768]
[ 44.556177727720836   52.30388613545803  26.310914685908056    11.1634617199205    20.4072367359016  -11.12884997607793 -21.806154103267353 -25.338031223607622  20.517168407971436  -57.17569608680498 -4.7216785157798675  19.695844930588937  -6.686279039146736  21.472198820224303 -10.088925093156902   42.05264083444713   -7.56489407661764]
[ -32.13901695454968   7.491315354625959  18.979251343784938  -4.985963630407216 -13.419265993889002 -36.586648388182894 -25.338031223607608 -17.222427295249375  -57.39154265732812  -4.955403344802477  13.333939968503199   7.923920081455869   38.78844896655072  -36.01672785717583  -14.68711982251503  15.924767222451866  24.032796887459128]
[  -19.3527148261051 -2.7654147795662922 -1.7350617177931573 -3.7765360450053773  -24.90348383355893  35.608589292009604  20.517168407971443  -57.39154265732814 -21.316164260132354   -21.0542587287127  3.0644305978659627 -47.054174545470424 -10.656272901778486  -20.49444989114849  -4.704344640813883 -6.9952163526694875   26.56113199157539]
[ 25.570662854608532  10.768757570482446  28.476451007083256 -1.0577152575149573  14.556787580850745 -7.9520275717232405 -57.175696086804976  -4.955403344802493 -21.054258728712625 -18.004916478846717  -7.344347928182287   52.16593210274355  19.382798297830817    2.88088007853748   11.89005523209374   15.11851415103374  -3.428535264162784]
[   21.5780745023136 -26.650415059888964  21.333547331650543   9.285637804457396  -3.940877661986949 -31.101262121959877  -4.721678515779875    13.3339399685032   3.064430597865984  -7.344347928182323  -20.85940504848452   4.421078530787973 -10.613341772932813  0.1859593916652834  37.236058511917115  -15.00479513069917 -39.634381694259574]
[-28.528483598420728    -5.0649079130778  -6.178224559627138    19.1137637622846 -50.510021029444616    21.4151266103149  19.695844930588887   7.923920081455897  -47.05417454547038  52.165932102743646    4.42107853078808 -23.863924883991096  25.362316927863297 -13.384154332984236 -20.800659437880725 -33.341908027346506  15.036319436638227]
[  8.401032449618477   6.979716672847561   -5.90267373636021  10.353857022586018 -30.207864367370856   16.13481788449602  -6.686279039146751  38.788448966550725 -10.656272901778483  19.382798297830817  -10.61334177293282   25.36231692786326  -15.22400530323349 -12.366313514870798    -29.854415934501   8.846118236855553   22.98335859695002]
[ -8.337421005959403    10.7205165375616  19.676306862233066  23.411884755269167  -14.89868113449046   9.365264675409206   21.47219882022431 -36.016727857175844 -20.494449891148477  2.8808800785374373   0.185959391665255 -13.384154332984243  -12.36631351487082 -24.582639094800264  -3.567681905561851   29.92665424624481 -20.477919165575912]
[ -7.988657885886674  28.453861368179588 -29.006288896377384  -11.09217663438541 -13.529966023299504   40.09496822800372 -10.088925093156952 -14.687119822515065  -4.704344640813861  11.890055232093655  37.236058511917115 -20.800659437880725 -29.854415934500985 -3.5676819055618583 -21.665885668889622  0.7676907885990083  19.234090141421763]
[ -47.46091580330547  -10.96635305021372  -42.09138578011262 -27.793178378669605  21.049960061716597  22.524997521854843  42.052640834447125  15.924767222451848  -6.995216352669481  15.118514151033697  -15.00479513069913 -33.341908027346605   8.846118236855549  29.926654246244816  0.7676907885990225  -12.43497082148447   15.40028496236129]
[ 27.710353005637288  -38.13817445409346  38.747012621849386    4.22968719322016   7.116866593714558  -10.61478815287768   -7.56489407661764  24.032796887459135   26.56113199157539 -3.4285352641627913 -39.634381694259595  15.036319436638198   22.98335859695002 -20.477919165575912  19.234090141421806   15.40028496236129 -23.040180604681936]

SORTED REDUCED BASIS LENGTHS
L|i=0|generic=71.238728378821008|candidate=46.360130216297897|ratio=0.65077144512984564
L|i=1|generic=71.238728378821037|candidate=46.656089284020801|ratio=0.65492591383609611
L|i=2|generic=71.238728378821037|candidate=47.349402317626101|ratio=0.66465816270385414
L|i=3|generic=71.238728378821037|candidate=47.374803494830097|ratio=0.66501472686189078
L|i=4|generic=71.238728378821037|candidate=47.380360029268097|ratio=0.66509272564941058
L|i=5|generic=71.238728378821037|candidate=48.1035216789085|ratio=0.67524396874565029
L|i=6|generic=71.238728378821037|candidate=48.198547774139101|ratio=0.67657787935008007
L|i=7|generic=71.238728378821037|candidate=48.614747877166302|ratio=0.68242020855076424
L|i=8|generic=71.238728378821037|candidate=48.969375373752499|ratio=0.68739822408608409
L|i=9|generic=71.238728378821037|candidate=49.432574275553698|ratio=0.69390028991940556
L|i=10|generic=71.238728378821051|candidate=49.5728427099315|ratio=0.69586928119100566
L|i=11|generic=71.238728378821051|candidate=49.922564118688726|ratio=0.70077842845845173
L|i=12|generic=71.238728378821065|candidate=50.379323330336518|ratio=0.70719009837511437
L|i=13|generic=71.238728378821065|candidate=53.233811899974292|ratio=0.74725943474028167
L|i=14|generic=71.238728378821079|candidate=54.016301083571662|ratio=0.75824347672705572
L|i=15|generic=71.238728378821122|candidate=56.014723075587561|ratio=0.7862959425345446
L|i=16|generic=71.238728378821193|candidate=58.803757557336596|ratio=0.82544647968223095

REDUCED_SHAPE|log_rms=0.098623924663103393
