minimal signed vectors = 2622
additive triples = 184242
hole candidates = 288

TOP GENERATOR DIRECTIONS
GEN|rank=1|score=38102|priority=1|mult=33|norm=10|p0=900|p1=656|p2=904|p3plus=162|v=1 0 1 1 1 -2 -3 1 0 1 -1 -2 -2 2 -2 -1 -2
GEN|rank=2|score=38102|priority=3|mult=33|norm=10|p0=900|p1=656|p2=904|p3plus=162|v=0 1 2 2 2 -4 -7 3 0 3 -1 -5 -2 5 -3 -1 -4
GEN|rank=3|score=37854|priority=2|mult=33|norm=10|p0=842|p1=776|p2=834|p3plus=170|v=1 -1 0 0 2 -1 -2 0 0 0 0 -2 0 1 -1 -1 -2
GEN|rank=4|score=37208|priority=4|mult=32|norm=10|p0=878|p1=670|p2=916|p3plus=158|v=1 0 1 2 2 -2 -4 0 -2 0 0 -2 -1 1 -2 0 -2
GEN|rank=5|score=35992|priority=8|mult=31|norm=10|p0=836|p1=768|p2=854|p3plus=164|v=1 1 0 1 2 -1 -4 0 -1 1 1 -2 -1 1 -2 0 -2
GEN|rank=6|score=35962|priority=16|mult=31|norm=10|p0=842|p1=760|p2=854|p3plus=166|v=2 0 1 1 3 -3 -5 1 -3 0 0 -4 -1 1 -3 -1 -2
GEN|rank=7|score=35928|priority=12|mult=31|norm=10|p0=858|p1=720|p2=872|p3plus=172|v=1 0 0 0 0 -3 -2 2 1 1 -1 -2 -1 3 -1 -2 -2
GEN|rank=8|score=35904|priority=11|mult=31|norm=10|p0=816|p1=784|p2=850|p3plus=172|v=0 0 0 1 0 0 -1 -1 1 1 0 0 -1 1 -1 0 0
GEN|rank=9|score=35872|priority=5|mult=31|norm=10|p0=830|p1=786|p2=836|p3plus=170|v=1 0 0 1 2 0 -2 0 0 1 1 -2 -1 0 -2 0 -2
GEN|rank=10|score=35872|priority=7|mult=31|norm=10|p0=830|p1=786|p2=836|p3plus=170|v=2 -1 0 0 3 0 -2 0 -2 0 2 -2 0 -1 -2 0 -2
GEN|rank=11|score=35864|priority=9|mult=31|norm=10|p0=826|p1=784|p2=840|p3plus=172|v=1 0 -1 -1 2 -2 -2 0 0 0 0 -1 0 2 -1 -2 -2
GEN|rank=12|score=35864|priority=13|mult=31|norm=10|p0=832|p1=786|p2=834|p3plus=170|v=0 1 1 2 3 -2 -6 0 -2 1 1 -3 -1 1 -3 0 -2
GEN|rank=13|score=35840|priority=6|mult=31|norm=10|p0=844|p1=758|p2=846|p3plus=174|v=0 0 0 0 2 -1 -3 0 0 1 0 -1 -1 2 -2 0 -2
GEN|rank=14|score=35812|priority=19|mult=31|norm=10|p0=836|p1=758|p2=850|p3plus=178|v=0 0 0 0 1 1 0 -1 1 0 0 0 0 1 -1 -1 -1
GEN|rank=15|score=35720|priority=14|mult=31|norm=10|p0=802|p1=824|p2=816|p3plus=180|v=0 2 1 2 3 -2 -6 1 -1 2 0 -4 -2 2 -3 1 -2
GEN|rank=16|score=35596|priority=10|mult=31|norm=10|p0=812|p1=802|p2=818|p3plus=190|v=1 1 2 2 2 -3 -6 1 -2 2 0 -3 -2 2 -3 0 -2
GEN|rank=17|score=35542|priority=18|mult=31|norm=10|p0=818|p1=802|p2=810|p3plus=192|v=0 0 0 0 1 0 -1 0 0 1 2 -1 -2 0 -2 1 -1
GEN|rank=18|score=35442|priority=17|mult=31|norm=10|p0=828|p1=792|p2=804|p3plus=198|v=0 0 1 -1 0 -1 0 1 0 -1 -1 -1 1 1 1 -1 0
GEN|rank=19|score=35432|priority=15|mult=31|norm=10|p0=796|p1=828|p2=798|p3plus=200|v=0 0 0 1 0 1 0 -1 0 1 1 1 -2 0 -1 1 0
GEN|rank=20|score=34936|priority=27|mult=30|norm=10|p0=844|p1=756|p2=854|p3plus=168|v=1 1 0 0 2 -3 -5 1 -1 0 0 -3 -1 2 -2 -1 -2
GEN|rank=21|score=34846|priority=22|mult=30|norm=10|p0=820|p1=778|p2=848|p3plus=176|v=1 -1 1 0 1 0 -1 1 -3 -1 0 -1 1 0 0 0 0
GEN|rank=22|score=34794|priority=23|mult=30|norm=10|p0=806|p1=824|p2=818|p3plus=174|v=2 -1 1 1 3 -2 -4 0 -3 0 1 -3 -1 0 -2 0 -2
GEN|rank=23|score=34742|priority=26|mult=30|norm=10|p0=840|p1=746|p2=852|p3plus=184|v=1 1 2 1 2 -2 -5 1 -2 0 0 -4 -1 2 -2 -1 -2
GEN|rank=24|score=34724|priority=25|mult=30|norm=10|p0=792|p1=826|p2=822|p3plus=182|v=1 0 -1 -1 0 -1 0 -1 0 0 0 1 0 0 0 -1 0
GEN|rank=25|score=34716|priority=31|mult=30|norm=10|p0=794|p1=826|p2=820|p3plus=182|v=0 1 0 0 1 -1 -2 -1 0 0 0 -2 0 1 -1 -1 0
GEN|rank=26|score=34706|priority=33|mult=30|norm=10|p0=816|p1=810|p2=816|p3plus=180|v=1 1 2 2 3 -4 -8 2 -3 2 0 -5 -2 3 -4 -1 -3
GEN|rank=27|score=34674|priority=29|mult=30|norm=10|p0=788|p1=828|p2=820|p3plus=186|v=0 0 1 2 2 -2 -5 1 -1 2 1 -3 -2 2 -3 1 -2
GEN|rank=28|score=34656|priority=21|mult=30|norm=10|p0=794|p1=826|p2=816|p3plus=186|v=1 -1 -1 -1 1 1 2 -2 1 -1 1 1 0 -2 0 0 0
GEN|rank=29|score=34632|priority=20|mult=30|norm=10|p0=794|p1=824|p2=816|p3plus=188|v=1 -1 -1 0 0 1 2 -2 0 -1 1 2 0 -2 0 0 0
GEN|rank=30|score=34594|priority=28|mult=30|norm=10|p0=808|p1=828|p2=800|p3plus=186|v=1 1 2 3 5 -6 -11 3 -3 2 -1 -8 -2 5 -4 -1 -4
GEN|rank=31|score=34500|priority=30|mult=30|norm=10|p0=800|p1=830|p2=798|p3plus=194|v=1 -1 0 -1 0 -1 0 1 -2 -1 -1 1 2 0 1 -1 0
GEN|rank=32|score=34346|priority=24|mult=30|norm=10|p0=786|p1=860|p2=774|p3plus=202|v=1 -1 0 -1 1 1 1 -1 -1 -1 2 0 -1 -1 -1 0 0
GEN|rank=33|score=34226|priority=32|mult=30|norm=10|p0=774|p1=886|p2=754|p3plus=208|v=1 1 1 1 2 -4 -6 1 -1 1 -1 -4 -1 3 -3 -1 -2
GEN|rank=34|score=33924|priority=43|mult=29|norm=10|p0=814|p1=800|p2=840|p3plus=168|v=1 -2 -1 -3 -2 2 6 -1 0 -2 0 4 2 -2 2 -1 2
GEN|rank=35|score=33904|priority=48|mult=29|norm=10|p0=810|p1=802|p2=840|p3plus=170|v=1 0 2 2 3 -2 -5 1 -3 1 1 -4 -2 0 -3 1 -2
GEN|rank=36|score=33770|priority=39|mult=29|norm=10|p0=794|p1=818|p2=830|p3plus=180|v=2 -1 2 1 2 0 -3 0 -2 0 1 -2 -1 0 -3 0 -2
GEN|rank=37|score=33742|priority=41|mult=29|norm=10|p0=792|p1=830|p2=820|p3plus=180|v=0 0 0 0 0 1 0 -2 1 -1 1 0 0 -1 -1 0 0
GEN|rank=38|score=33670|priority=42|mult=29|norm=10|p0=798|p1=826|p2=814|p3plus=184|v=0 0 0 1 1 1 0 -2 0 -1 1 -1 0 -1 -1 0 0
GEN|rank=39|score=33604|priority=46|mult=29|norm=10|p0=816|p1=814|p2=806|p3plus=186|v=1 1 2 3 4 -6 -10 3 -3 2 -2 -7 -2 5 -4 -1 -4
GEN|rank=40|score=33584|priority=49|mult=29|norm=10|p0=800|p1=832|p2=802|p3plus=188|v=1 0 2 1 2 -1 -4 1 -2 1 1 -3 -2 0 -3 1 -2
GEN|rank=41|score=33562|priority=45|mult=29|norm=10|p0=774|p1=874|p2=786|p3plus=188|v=1 0 1 2 2 0 -3 1 -1 1 1 -3 -2 0 -2 1 -2
GEN|rank=42|score=33514|priority=51|mult=29|norm=10|p0=768|p1=868|p2=792|p3plus=194|v=0 1 0 1 1 -2 -3 1 1 2 0 -2 -2 3 -1 -1 -2
GEN|rank=43|score=33514|priority=52|mult=29|norm=10|p0=768|p1=868|p2=792|p3plus=194|v=0 1 0 1 1 -2 -3 1 1 1 -1 -2 -2 3 -1 -1 -2
GEN|rank=44|score=33506|priority=44|mult=29|norm=10|p0=770|p1=868|p2=790|p3plus=194|v=1 0 1 2 2 -2 -5 1 -1 2 0 -3 -2 2 -2 1 -2
GEN|rank=45|score=33488|priority=34|mult=29|norm=10|p0=770|p1=864|p2=792|p3plus=196|v=0 0 1 0 0 -1 -1 1 -1 -1 -2 -1 1 0 0 0 0
GEN|rank=46|score=33440|priority=54|mult=29|norm=10|p0=758|p1=896|p2=772|p3plus=196|v=1 0 1 1 2 -3 -4 2 -1 1 -1 -3 -1 2 -3 -1 -3
GEN|rank=47|score=33408|priority=36|mult=29|norm=10|p0=760|p1=894|p2=770|p3plus=198|v=2 -1 0 0 1 0 -1 -1 -2 0 2 0 -1 -1 -2 0 0
GEN|rank=48|score=33384|priority=40|mult=29|norm=10|p0=760|p1=892|p2=770|p3plus=200|v=1 0 -1 -1 2 0 -1 -1 0 0 2 -1 -1 0 -1 0 0
GEN|rank=49|score=33298|priority=47|mult=29|norm=10|p0=762|p1=888|p2=766|p3plus=206|v=1 1 0 0 2 -3 -4 1 -1 1 -1 -2 -1 3 -2 -1 -2
GEN|rank=50|score=33288|priority=50|mult=29|norm=10|p0=724|p1=962|p2=734|p3plus=202|v=1 0 1 2 4 -5 -8 2 -3 1 -1 -5 -1 4 -3 -1 -4
GEN|rank=51|score=33272|priority=53|mult=29|norm=10|p0=740|p1=926|p2=750|p3plus=206|v=1 -1 -1 0 0 0 1 -1 0 0 1 1 0 -1 -1 0 -1
GEN|rank=52|score=33236|priority=35|mult=29|norm=10|p0=800|p1=848|p2=766|p3plus=208|v=1 0 0 1 2 -1 -3 0 -2 0 0 -2 0 1 -2 0 -2
GEN|rank=53|score=33198|priority=38|mult=29|norm=10|p0=754|p1=912|p2=746|p3plus=210|v=0 1 1 1 1 -1 -3 -1 -1 1 0 -1 -1 1 -2 0 0
GEN|rank=54|score=33012|priority=37|mult=29|norm=10|p0=778|p1=902|p2=724|p3plus=218|v=2 -1 1 1 3 -2 -5 1 -3 1 2 -3 -1 1 -2 0 -2
GEN|rank=55|score=32584|priority=71|mult=28|norm=10|p0=752|p1=906|p2=778|p3plus=186|v=1 1 1 2 3 -4 -7 2 -1 2 -1 -4 -1 3 -3 -1 -4
GEN|rank=56|score=32520|priority=62|mult=28|norm=10|p0=756|p1=902|p2=774|p3plus=190|v=0 1 1 1 3 -2 -5 0 -1 1 1 -4 -1 1 -3 0 -2
GEN|rank=57|score=32464|priority=65|mult=28|norm=10|p0=770|p1=882|p2=776|p3plus=194|v=2 0 0 0 2 -3 -4 1 -2 1 1 -2 -1 1 -2 -1 -2
GEN|rank=58|score=32448|priority=67|mult=28|norm=10|p0=756|p1=896|p2=774|p3plus=196|v=2 0 1 1 3 -3 -6 1 -3 1 1 -3 -1 2 -3 -1 -2
GEN|rank=59|score=32430|priority=83|mult=28|norm=10|p0=762|p1=894|p2=770|p3plus=196|v=0 1 0 0 1 -1 -2 0 1 1 1 -2 -1 1 -2 -1 -1
GEN|rank=60|score=32370|priority=60|mult=28|norm=10|p0=792|p1=854|p2=776|p3plus=200|v=2 -1 1 0 1 -1 -1 0 -2 0 0 -1 0 0 -1 0 -2
GEN|rank=61|score=32342|priority=58|mult=28|norm=10|p0=748|p1=912|p2=760|p3plus=202|v=0 1 1 1 1 -3 -4 1 1 1 -2 -3 -1 3 -2 -2 -2
GEN|rank=62|score=32342|priority=64|mult=28|norm=10|p0=766|p1=888|p2=766|p3plus=202|v=2 0 0 0 3 -2 -4 1 -1 1 1 -3 -1 2 -2 -1 -2
GEN|rank=63|score=32334|priority=86|mult=28|norm=10|p0=726|p1=944|p2=750|p3plus=202|v=1 0 1 1 2 -3 -5 2 -1 2 -1 -3 -2 3 -3 -1 -3
GEN|rank=64|score=32324|priority=66|mult=28|norm=10|p0=736|p1=944|p2=742|p3plus=200|v=1 -2 -1 -3 -3 2 6 -1 1 -2 0 4 2 -2 3 -1 2
GEN|rank=65|score=32312|priority=63|mult=28|norm=10|p0=718|p1=972|p2=732|p3plus=200|v=2 -1 1 1 3 -2 -5 0 -3 1 1 -3 -1 1 -3 0 -2
GEN|rank=66|score=32300|priority=84|mult=28|norm=10|p0=724|p1=968|p2=730|p3plus=200|v=1 0 1 1 3 -4 -6 1 -2 1 0 -4 -1 2 -3 -1 -3
GEN|rank=67|score=32296|priority=57|mult=28|norm=10|p0=752|p1=912|p2=754|p3plus=204|v=2 -1 1 0 2 0 -2 -1 -2 -1 2 -2 -1 -1 -2 0 0
GEN|rank=68|score=32232|priority=79|mult=28|norm=10|p0=726|p1=958|p2=732|p3plus=206|v=1 0 0 -1 1 1 0 -1 0 0 1 0 0 -1 -2 0 -1
GEN|rank=69|score=32220|priority=59|mult=28|norm=10|p0=756|p1=912|p2=746|p3plus=208|v=0 1 1 1 2 -3 -5 1 -1 1 0 -3 -1 3 -2 -2 -2
GEN|rank=70|score=32218|priority=75|mult=28|norm=10|p0=752|p1=928|p2=736|p3plus=206|v=2 0 2 3 4 -4 -9 2 -4 2 1 -6 -2 2 -4 0 -3
GEN|rank=71|score=32216|priority=61|mult=28|norm=10|p0=724|p1=956|p2=734|p3plus=208|v=2 -1 1 0 2 -2 -3 0 -2 1 1 -2 -1 1 -3 0 -2
GEN|rank=72|score=32216|priority=80|mult=28|norm=10|p0=742|p1=922|p2=748|p3plus=210|v=0 0 1 0 0 0 -1 1 -1 -1 0 -1 0 0 1 0 1
GEN|rank=73|score=32206|priority=77|mult=28|norm=10|p0=746|p1=920|p2=746|p3plus=210|v=0 0 0 1 -2 0 1 1 0 0 -1 1 0 0 2 0 1
GEN|rank=74|score=32182|priority=78|mult=28|norm=10|p0=716|p1=958|p2=736|p3plus=212|v=2 0 0 0 2 -2 -3 0 -1 1 1 -2 -1 0 -2 0 -1
GEN|rank=75|score=32180|priority=73|mult=28|norm=10|p0=754|p1=908|p2=748|p3plus=212|v=1 1 2 2 3 -4 -7 1 -3 1 -1 -4 -1 3 -3 -1 -2
GEN|rank=76|score=32168|priority=55|mult=28|norm=10|p0=718|p1=960|p2=732|p3plus=212|v=1 0 0 0 2 -2 -3 0 -1 1 1 -2 -1 2 -2 0 -2
GEN|rank=77|score=32144|priority=74|mult=28|norm=10|p0=730|p1=972|p2=712|p3plus=208|v=1 1 2 2 4 -4 -8 2 -2 1 -1 -5 -1 3 -3 -1 -4
GEN|rank=78|score=32130|priority=85|mult=28|norm=10|p0=738|p1=956|p2=718|p3plus=210|v=2 -1 1 0 2 0 -2 -1 -2 0 2 -1 -1 -2 -3 1 -1
GEN|rank=79|score=32128|priority=72|mult=28|norm=10|p0=716|p1=966|p2=726|p3plus=214|v=1 1 2 2 3 -3 -7 1 -2 1 -1 -4 -1 3 -3 -1 -2
GEN|rank=80|score=32114|priority=82|mult=28|norm=10|p0=724|p1=960|p2=724|p3plus=214|v=1 1 1 1 2 0 -3 0 -1 1 1 -2 -2 0 -2 1 -1
GEN|rank=81|score=32066|priority=81|mult=28|norm=10|p0=712|p1=982|p2=712|p3plus=216|v=0 0 0 1 1 0 -1 -1 1 1 1 -1 -1 1 -1 0 -1
GEN|rank=82|score=32060|priority=70|mult=28|norm=10|p0=742|p1=954|p2=712|p3plus=214|v=1 0 1 1 1 -2 -3 1 -1 1 0 -2 -1 1 -3 -1 -2
GEN|rank=83|score=31928|priority=56|mult=28|norm=10|p0=760|p1=944|p2=698|p3plus=220|v=1 0 0 1 1 0 -1 0 0 1 1 -1 -1 0 -2 0 -2
GEN|rank=84|score=31926|priority=76|mult=28|norm=10|p0=714|p1=976|p2=706|p3plus=226|v=0 1 1 1 1 -1 -3 0 0 2 0 -1 -2 2 -2 0 -1
GEN|rank=85|score=31924|priority=69|mult=28|norm=10|p0=716|p1=974|p2=706|p3plus=226|v=1 -1 0 0 0 1 1 -1 0 0 1 1 -2 -1 -1 1 0
GEN|rank=86|score=31848|priority=68|mult=28|norm=10|p0=762|p1=918|p2=712|p3plus=230|v=0 1 2 2 2 -5 -7 3 -1 2 -2 -5 -2 5 -3 -1 -4
GEN|rank=87|score=31314|priority=109|mult=27|norm=10|p0=734|p1=940|p2=746|p3plus=202|v=2 0 0 0 2 -3 -4 1 -1 0 0 -3 -1 2 -2 -2 -2
GEN|rank=88|score=31304|priority=99|mult=27|norm=10|p0=732|p1=926|p2=758|p3plus=206|v=1 1 1 2 3 -4 -7 2 -2 2 1 -5 -2 3 -3 0 -3
GEN|rank=89|score=31234|priority=103|mult=27|norm=10|p0=736|p1=924|p2=752|p3plus=210|v=2 0 2 1 2 -1 -4 1 -2 1 1 -3 -2 1 -3 0 -2
GEN|rank=90|score=31212|priority=121|mult=27|norm=10|p0=734|p1=954|p2=728|p3plus=206|v=0 1 0 1 3 -1 -4 0 -1 1 1 -2 -1 1 -2 1 -2
GEN|rank=91|score=31198|priority=124|mult=27|norm=10|p0=742|p1=918|p2=750|p3plus=212|v=1 -1 0 -1 -1 2 3 -1 1 -1 0 2 0 -1 0 0 -1
GEN|rank=92|score=31182|priority=102|mult=27|norm=10|p0=698|p1=972|p2=738|p3plus=214|v=1 -1 0 1 1 0 -1 0 -1 1 1 0 -2 0 -2 1 -1
GEN|rank=93|score=31138|priority=123|mult=27|norm=10|p0=706|p1=986|p2=718|p3plus=212|v=1 0 -1 -1 0 1 1 -2 1 0 1 1 0 -1 -1 0 0
GEN|rank=94|score=31134|priority=113|mult=27|norm=10|p0=722|p1=956|p2=730|p3plus=214|v=2 -1 1 -1 2 0 -1 0 -1 0 1 -1 -1 0 -2 0 -2
GEN|rank=95|score=31132|priority=129|mult=27|norm=10|p0=718|p1=962|p2=728|p3plus=214|v=1 1 1 1 3 -2 -5 0 -2 1 0 -3 -1 2 -3 0 -2
GEN|rank=96|score=31130|priority=92|mult=27|norm=10|p0=720|p1=970|p2=720|p3plus=212|v=0 0 0 0 0 1 1 -1 1 0 1 0 -1 -1 -1 1 -1
GEN|rank=97|score=31122|priority=130|mult=27|norm=10|p0=704|p1=984|p2=720|p3plus=214|v=1 0 -1 -1 0 0 1 -1 1 0 0 1 0 0 -1 -1 -1
GEN|rank=98|score=31068|priority=96|mult=27|norm=10|p0=734|p1=962|p2=712|p3plus=214|v=0 1 1 3 2 -2 -6 1 -1 2 0 -4 -2 2 -3 0 -2
GEN|rank=99|score=31042|priority=90|mult=27|norm=10|p0=682|p1=1030|p2=694|p3plus=216|v=1 1 0 0 2 -2 -3 0 -1 1 1 -2 -1 0 -2 0 -1
GEN|rank=100|score=30998|priority=112|mult=27|norm=10|p0=690|p1=1024|p2=690|p3plus=218|v=1 0 1 1 3 -4 -6 2 -2 1 -1 -4 -1 4 -2 -1 -4

saved under /Users/royvanrijn/Documents/jacobian-research/elkies-k3/results/rank17-generator
