MINIMAL_MODEL|[0, 1, 0, -4060408041437129659386958883089829522172534180, 69302996254333102097575929282499740768182420645699427883330979661600]
CHANGE_TO_MINIMAL|[12, 48, 0, 0]
MINIMAL_DISCRIMINANT|2209535059018931205116651000059556369928295890709182159795742877182818947158690241429840302170656413588404222679003332297088865194500000000
C4|194899585988982223650574026388311817064281640656
DISC_FACTOR|[2, 8]
DISC_FACTOR|[3, 8]
DISC_FACTOR|[5, 9]
DISC_FACTOR|[7, 4]
DISC_FACTOR|[13, 4]
DISC_FACTOR|[17, 3]
DISC_FACTOR|[19, 2]
DISC_FACTOR|[47, 3]
DISC_FACTOR|[83, 2]
DISC_FACTOR|[7568348148323, 1]
DISC_FACTOR|[1023034923031265640083839109496335411267837093185764838343605884505996669629389738604483673, 1]
CUBIC_COEFFICIENTS_ASCENDING|[69302996254333102097575929282499740768182420645699427883330979661600, -4060408041437129659386958883089829522172534180, 1, 1]
IRREDUCIBLE_MOD_23|1
STAGE|nfinit
MS_NFINIT|4
CERTIFY_ORDER|[]
FIELD_DISCRIMINANT|30932024439246801322787810077880389223317162788400703970784702350579246728265890412316825281477068142364105
FIELD_SIGNATURE|[3, 0]
FIELD_INDEX|2112935718757500
FIELD_BASIS|[1, x, 1/2112935718757500*x^2 + 25601981151775831637941/2112935718757500*x - 14041595052865545040588394654007170986813/10960347125]
LOCAL|[2, 8, 3, -5, 3, 2]
SPLIT|2|[[1, 1], [1, 1], [1, 1]]
LOCAL|[3, 8, 1, 12, 3, 1]
SPLIT|3|[[1, 1], [1, 1], [1, 1]]
LOCAL|[5, 9, 1, 13, 2, 0]
SPLIT|5|[[1, 1], [2, 1]]
LOCAL|[7, 4, 1, 8, 3, 1]
SPLIT|7|[[1, 1], [1, 1], [1, 1]]
LOCAL|[13, 4, 1, 8, 3, 1]
SPLIT|13|[[1, 1], [1, 1], [1, 1]]
LOCAL|[17, 3, 1, 7, 2, 0]
SPLIT|17|[[1, 1], [2, 1]]
LOCAL|[19, 2, 1, 6, 2, 1]
SPLIT|19|[[1, 1], [1, 2]]
LOCAL|[47, 3, 1, 7, 2, 0]
SPLIT|47|[[2, 1], [1, 1]]
LOCAL|[83, 2, 1, 6, 2, 1]
SPLIT|83|[[1, 1], [1, 2]]
LOCAL|[7568348148323, 1, 1, 5, 2, 0]
SPLIT|7568348148323|[[1, 1], [2, 1]]
LOCAL|[1023034923031265640083839109496335411267837093185764838343605884505996669629389738604483673, 1, 1, 5, 2, 0]
SPLIT|1023034923031265640083839109496335411267837093185764838343605884505996669629389738604483673|[[1, 1], [2, 1]]
BOUND_OFFSET_U_PLUS_N|9
ROOT_NUMBER|-1
DONE|field
