MINIMAL_MODEL|[1, 0, 0, -7750040697734526231053237501277577251872790160, 261364117520095413121578613053134069409866856030769503018232163897600]
TRANSFORM|[12, 12, 6, 0]
DISCRIMINANT|281030096249981228940673504684879527330851979666673011562828699151474763934207135373273223174420944771541450825224373077472002639462400000
C4|372001953491257259090555400061323708089893927681
FACTOR|[2, 19]
FACTOR|[3, 12]
FACTOR|[5, 5]
FACTOR|[13, 2]
FACTOR|[19, 2]
FACTOR|[37, 2]
FACTOR|[345019755723359207, 1]
FACTOR|[11200476990354859448176014748376230387856296549860901765517073463478247377016597528952685394114743, 1]
CUBIC|[16727303521286106439781031235400580442231478785969248193166858489446400, -124000651163752419696851800020441236029964642560, 1, 1]
FIELD_DISC|154575433407893564945358463375608531241898758473975468539279439843823862534001103790456677426036844758211518539552040
FIELD_INDEX|682222694400
SIGNATURE|[3, 0]
LOCAL|[2, 19, 1, 23, 2, 0]
SPLIT|2|[[1, 1], [2, 1]]
LOCAL|[3, 12, 1, 16, 3, 1]
SPLIT|3|[[1, 1], [1, 1], [1, 1]]
LOCAL|[5, 5, 1, 9, 2, 0]
SPLIT|5|[[2, 1], [1, 1]]
LOCAL|[13, 2, 1, 6, 3, 1]
SPLIT|13|[[1, 1], [1, 1], [1, 1]]
LOCAL|[19, 2, 1, 6, 3, 1]
SPLIT|19|[[1, 1], [1, 1], [1, 1]]
LOCAL|[37, 2, 1, 6, 2, 1]
SPLIT|37|[[1, 1], [1, 2]]
LOCAL|[345019755723359207, 1, 1, 5, 2, 0]
SPLIT|345019755723359207|[[2, 1], [1, 1]]
LOCAL|[11200476990354859448176014748376230387856296549860901765517073463478247377016597528952685394114743, 1, 1, 5, 2, 0]
SPLIT|11200476990354859448176014748376230387856296549860901765517073463478247377016597528952685394114743|[[2, 1], [1, 1]]
LOCAL2_DIM|2
REAL_LOCAL_DIM|1
BK_OFFSET|6
ROOT_NUMBER|1
CONDUCTOR|1059498664436054467526723247592264775264784565270246355235356100549529709773677065655737681247413043183971300949724570170
DONE_FIELD|1
