MINIMAL_MODEL|[1, 0, 0, -45131078050482450204137790204008720876722496415, 3560705649204776716005725035212182892642251499174413997873401326155225]
TRANSFORM|[6, 3, 3, 0]
DISCRIMINANT|405945858776227199675298569400281271498528104780557743247032774792590338100988217067884529737154647857982254467192384496873381097850880000000
C4|2166291746423157609798613929792418602082679827921
FACTOR|[2, 17]
FACTOR|[3, 14]
FACTOR|[5, 7]
FACTOR|[7, 6]
FACTOR|[13, 5]
FACTOR|[17, 4]
FACTOR|[19, 3]
FACTOR|[97, 2]
FACTOR|[3477011, 1]
FACTOR|[396457433, 1]
FACTOR|[25536595941494754948930407113140983500640587612606871052292678591162080464173053899753, 1]
CUBIC|[227885161549105709824366402253579705129104095947162495863897684873934400, -722097248807719203266204643264139534027559942640, 1, 1]
FIELD_DISC|100512580153052737123672456959151567991159878388477408619827972484729465665891201803988914218463426376657480
FIELD_INDEX|1016819414118144000
SIGNATURE|[3, 0]
LOCAL|[2, 17, 1, 21, 2, 0]
SPLIT|2|[[2, 1], [1, 1]]
LOCAL|[3, 14, 1, 18, 2, 1]
SPLIT|3|[[1, 1], [1, 2]]
LOCAL|[5, 7, 1, 11, 2, 0]
SPLIT|5|[[1, 1], [2, 1]]
LOCAL|[7, 6, 1, 10, 3, 1]
SPLIT|7|[[1, 1], [1, 1], [1, 1]]
LOCAL|[13, 5, 1, 9, 2, 0]
SPLIT|13|[[2, 1], [1, 1]]
LOCAL|[17, 4, 2, 4, 1, 0]
SPLIT|17|[[3, 1]]
LOCAL|[19, 3, 1, 7, 2, 0]
SPLIT|19|[[1, 1], [2, 1]]
LOCAL|[97, 2, 1, 6, 3, 1]
SPLIT|97|[[1, 1], [1, 1], [1, 1]]
LOCAL|[3477011, 1, 1, 5, 2, 0]
SPLIT|3477011|[[1, 1], [2, 1]]
LOCAL|[396457433, 1, 1, 5, 2, 0]
SPLIT|396457433|[[2, 1], [1, 1]]
LOCAL|[25536595941494754948930407113140983500640587612606871052292678591162080464173053899753, 1, 1, 5, 2, 0]
SPLIT|25536595941494754948930407113140983500640587612606871052292678591162080464173053899753|[[1, 1], [2, 1]]
LOCAL2_DIM|2
REAL_LOCAL_DIM|1
BK_OFFSET|5
ROOT_NUMBER|1
CONDUCTOR|51186031442942106380230198706447935999498168069332120339647394987848480390355094518681354565752499882312821690
DONE_FIELD|1
